#======================================================
#
# Synopsys Synthesis Scripts (Design Vision dctcl mode)
#
#======================================================
#======================================================
# (A) Global Parameters
#======================================================
set DESIGN "LCD_CTRL"
LCD_CTRL
set CYCLE 15.0
15.0
set INPUT_DLY [expr 0.5*$CYCLE]
7.5
set OUTPUT_DLY [expr 0.5*$CYCLE]
7.5
#======================================================
# (B) Read RTL Code
#======================================================
# (B-1) analyze + elaborate
set hdlin_auto_save_templates TRUE
TRUE
analyze -f sverilog $DESIGN\.v 
Running PRESTO HDLC
Compiling source file ./LCD_CTRL.v
Presto compilation completed successfully.
Loading db file '/home/cell_library/CBDK_IC_Contest_v2.5/SynopsysDC/db/slow.db'
Loading db file '/home/cell_library/CBDK_IC_Contest_v2.5/SynopsysDC/db/fast.db'
Loading db file '/usr/cad/synopsys/synthesis/2022.12/libraries/syn/dw_foundation.sldb'
1
elaborate $DESIGN  
Loading db file '/usr/cad/synopsys/synthesis/2022.12/libraries/syn/gtech.db'
Loading db file '/usr/cad/synopsys/synthesis/2022.12/libraries/syn/standard.sldb'
  Loading link library 'slow'
  Loading link library 'fast'
  Loading link library 'gtech'
Running PRESTO HDLC

Statistics for case statements in always block at line 89 in file
        './LCD_CTRL.v'
===============================================
|           Line           |  full/ parallel  |
===============================================
|            90            |    auto/auto     |
===============================================

Statistics for case statements in always block at line 143 in file
        './LCD_CTRL.v'
===============================================
|           Line           |  full/ parallel  |
===============================================
|           148            |     no/auto      |
===============================================

Statistics for case statements in always block at line 155 in file
        './LCD_CTRL.v'
===============================================
|           Line           |  full/ parallel  |
===============================================
|           160            |     no/auto      |
===============================================

Statistics for case statements in always block at line 168 in file
        './LCD_CTRL.v'
===============================================
|           Line           |  full/ parallel  |
===============================================
|           169            |    auto/auto     |
===============================================

Inferred memory devices in process
        in routine LCD_CTRL line 101 in file
                './LCD_CTRL.v'.
===============================================================================
|    Register Name    |   Type    | Width | Bus | MB | AR | AS | SR | SS | ST |
===============================================================================
|      state_reg      | Flip-flop |   3   |  Y  | N  | Y  | N  | N  | N  | N  |
===============================================================================

Inferred memory devices in process
        in routine LCD_CTRL line 111 in file
                './LCD_CTRL.v'.
===============================================================================
|    Register Name    |   Type    | Width | Bus | MB | AR | AS | SR | SS | ST |
===============================================================================
|     cmd_reg_reg     | Flip-flop |   4   |  Y  | N  | N  | N  | N  | N  | N  |
===============================================================================

Inferred memory devices in process
        in routine LCD_CTRL line 118 in file
                './LCD_CTRL.v'.
===============================================================================
|    Register Name    |   Type    | Width | Bus | MB | AR | AS | SR | SS | ST |
===============================================================================
|   data_buffer_reg   | Flip-flop |  512  |  Y  | N  | N  | N  | N  | N  | N  |
===============================================================================

Inferred memory devices in process
        in routine LCD_CTRL line 134 in file
                './LCD_CTRL.v'.
===============================================================================
|    Register Name    |   Type    | Width | Bus | MB | AR | AS | SR | SS | ST |
===============================================================================
|      addr_reg       | Flip-flop |   6   |  Y  | N  | Y  | N  | N  | N  | N  |
===============================================================================

Inferred memory devices in process
        in routine LCD_CTRL line 143 in file
                './LCD_CTRL.v'.
===============================================================================
|    Register Name    |   Type    | Width | Bus | MB | AR | AS | SR | SS | ST |
===============================================================================
|   op_point_x_reg    | Flip-flop |   1   |  N  | N  | N  | Y  | N  | N  | N  |
|   op_point_x_reg    | Flip-flop |   2   |  Y  | N  | Y  | N  | N  | N  | N  |
===============================================================================

Inferred memory devices in process
        in routine LCD_CTRL line 155 in file
                './LCD_CTRL.v'.
===============================================================================
|    Register Name    |   Type    | Width | Bus | MB | AR | AS | SR | SS | ST |
===============================================================================
|   op_point_y_reg    | Flip-flop |   1   |  N  | N  | N  | Y  | N  | N  | N  |
|   op_point_y_reg    | Flip-flop |   2   |  Y  | N  | Y  | N  | N  | N  | N  |
===============================================================================
Statistics for MUX_OPs
======================================================
| block name/line  | Inputs | Outputs | # sel inputs |
======================================================
|   LCD_CTRL/50    |   64   |    8    |      6       |
|   LCD_CTRL/51    |   64   |    8    |      6       |
|   LCD_CTRL/52    |   64   |    8    |      6       |
|   LCD_CTRL/53    |   64   |    8    |      6       |
|   LCD_CTRL/83    |   64   |    8    |      6       |
======================================================
Presto compilation completed successfully. (LCD_CTRL)
Elaborated 1 design.
Current design is now 'LCD_CTRL'.
1
# (B-2) read_sverilog
#read_sverilog $DESIGN\.v
# (B-3) set current design
current_design $DESIGN
Current design is 'LCD_CTRL'.
{LCD_CTRL}
link

  Linking design 'LCD_CTRL'
  Using the following designs and libraries:
  --------------------------------------------------------------------------
  LCD_CTRL                    /home/M13/m0bochun/IC_Contest/2018/2018_univ_cell/02_SYN/LCD_CTRL.db
  slow (library)              /home/cell_library/CBDK_IC_Contest_v2.5/SynopsysDC/db/slow.db
  fast (library)              /home/cell_library/CBDK_IC_Contest_v2.5/SynopsysDC/db/fast.db
  dw_foundation.sldb (library) /usr/cad/synopsys/synthesis/2022.12/libraries/syn/dw_foundation.sldb

1
#======================================================
#  (C) Global Setting
#======================================================
set_operating_conditions  -max slow  -min fast
Using operating conditions 'slow' found in library 'slow'.
Using operating conditions 'fast' found in library 'fast'.
1
set_wire_load_model -name tsmc13_wl10 -library slow      
1
#======================================================
#  (D) Set Design Constraints
#======================================================
# (D-1) Setting Clock Constraints
create_clock -name clk -period $CYCLE [get_ports clk] 
1
set_dont_touch_network             [get_clocks clk]
1
#set_fix_hold                       [get_clocks clk]
set_clock_uncertainty       0.1    [get_clocks clk]
1
set_clock_latency           0.5      [get_clocks clk] 
1
#set_input_transition        0.5    [all_inputs] 
#set_clock_transition        0.1    [all_clocks] 
# (D-2) Setting in/out Constraints
#set_input_delay   -max  $INPUT_DLY  -clock clk   [all_inputs] ;  # set_up time check 
#set_input_delay   -min  0           -clock clk   [all_inputs] ;  # hold   time check 
#set_output_delay  -max  $OUTPUT_DLY -clock clk   [all_outputs] ; # set_up time check 
#set_output_delay  -min  0           -clock clk   [all_outputs] ; # hold   time check 
#set_input_delay 0 -clock clk clk
#set_input_delay 0 -clock clk reset
#set_max_delay $CYCLE -from [all_inputs] -to [all_outputs]
set_input_delay  $INPUT_DLY -clock clk [remove_from_collection [all_inputs] [get_ports clk]]
1
set_output_delay 0.5        -clock clk [all_outputs] 
1
# (D-3) Setting Design Environment
set_load         1     [all_outputs]
1
set_drive        1     [all_inputs]
1
# (D-4) Setting DRC Constraint
set_max_fanout 20 [all_inputs]
1
# (D-5) Report Clock skew
report_clock -skew clk
Information: Checking out the license 'DesignWare'. (SEC-104)
Information: Updating design information... (UID-85)
Warning: Design 'LCD_CTRL' contains 1 high-fanout nets. A fanout number of 1000 will be used for delay calculations involving these nets. (TIM-134)
 
****************************************
Report : clock_skew
Design : LCD_CTRL
Version: U-2022.12
Date   : Sun Jan 26 15:06:13 2025
****************************************

                 Rise      Fall  Min Rise  Min fall        Uncertainty
Object          Delay     Delay     Delay     Delay     Plus      Minus
--------------------------------------------------------------------------------
clk              0.50      0.50      0.50      0.50      0.10      0.10
1
check_timing

Information: Checking generated_clocks...

Information: Checking loops...

Information: Checking no_input_delay...

Information: Checking unconstrained_endpoints...

Information: Checking pulse_clock_cell_type...

Information: Checking no_driving_cell...

Information: Checking partial_input_delay...
1
#======================================================
#  (E) Optimization
#======================================================
check_design > Report/$DESIGN\.check
set_fix_multiple_port_nets -all -buffer_constants [get_designs *]
1
set_fix_hold [all_clocks]
1
compile_ultra
Information: Performing power optimization. (PWR-850)
Alib files are up-to-date.
Information: Running optimization using a maximum of 8 cores. (OPT-1500)
Information: Evaluating DesignWare library utilization. (UISN-27)

============================================================================
| DesignWare Building Block Library  |         Version         | Available |
============================================================================
| Basic DW Building Blocks           | U-2022.12-DWBB_202212.0 |     *     |
| Licensed DW Building Blocks        | U-2022.12-DWBB_202212.0 |     *     |
============================================================================

====================================================================================================
| Flow Information                                                                                 |
----------------------------------------------------------------------------------------------------
| Flow         | Design Compiler NXT WLM                                                           |
| Comand Line  | compile_ultra                                                                     |
====================================================================================================
| Design Information                                      | Value                                  |
====================================================================================================
| Number of Scenarios                                     | 0                                      |
| Leaf Cell Count                                         | 1965                                   |
| Number of User Hierarchies                              | 0                                      |
| Sequential Cell Count                                   | 531                                    |
| Macro Count                                             | 0                                      |
| Number of Power Domains                                 | 0                                      |
| Number of Path Groups                                   | 2                                      |
| Number of VT Class                                      | 0                                      |
| Number of Clocks                                        | 1                                      |
| Number of Dont Touch Cells                              | 504                                    |
| Number of Dont Touch Nets                               | 1                                      |
| Number of Size Only Cells                               | 0                                      |
| Design with UPF Data                                    | false                                  |
----------------------------------------------------------------------------------------------------
| Variables                                               | Value                                  |
----------------------------------------------------------------------------------------------------
| set_fix_multiple_port_nets                              | -all -buffer_constants                 |
====================================================================================================
Information: Sequential output inversion is enabled.  SVF file must be used for formal verification. (OPT-1208)

Information: There are 15 potential problems in your design. Please run 'check_design' for more information. (LINT-99)

  Simplifying Design 'LCD_CTRL'

  Loading target library 'fast'
Loaded alib file './alib-52/slow.db.alib'
Loaded alib file './alib-52/fast.db.alib'
Warning: Operating condition slow set on design LCD_CTRL has different process,
voltage and temperatures parameters than the parameters at which target library 
fast is characterized. Delays may be inaccurate as a result. (OPT-998)
  Building model 'DW01_NAND2'
Information: Ungrouping 0 of 1 hierarchies before Pass 1 (OPT-775)
Information: State dependent leakage is now switched from on to off.

  Beginning Pass 1 Mapping
  ------------------------
  Processing 'LCD_CTRL'
Information: Added key list 'DesignWare' to design 'LCD_CTRL'. (DDB-72)
 Implement Synthetic for 'LCD_CTRL'.

  Updating timing information
Information: Updating design information... (UID-85)
Information: The library cell 'HOLDX1' in the library 'slow' is not characterized for internal power. (PWR-536)
Information: The target library(s) contains cell(s), other than black boxes, that are not characterized for internal power. (PWR-24)

  Beginning Mapping Optimizations  (Ultra High effort)
  -------------------------------
  Mapping Optimization (Phase 1)

                                  TOTAL                                                            
   ELAPSED            WORST NEG   SETUP    DESIGN                              LEAKAGE   MIN DELAY 
    TIME      AREA      SLACK     COST    RULE COST         ENDPOINT            POWER      COST    
  --------- --------- --------- --------- --------- ------------------------- --------- -----------
    0:00:41   93935.8      1.78     679.5   15074.5                           76079848.0000      0.00  
    0:00:41   91742.8      0.50      91.3   13280.7                           74754360.0000      0.00  

  Beginning Constant Register Removal
  -----------------------------------
    0:00:42   91742.8      0.50      91.3   13280.7                           74754360.0000      0.00  
    0:00:42   91742.8      0.50      91.3   13280.7                           74754360.0000      0.00  

  Beginning Global Optimizations
  ------------------------------
  Numerical Synthesis (Phase 1)
  Numerical Synthesis (Phase 2)
  Global Optimization (Phase 1)
  Global Optimization (Phase 2)
  Global Optimization (Phase 3)
  Global Optimization (Phase 4)
  Global Optimization (Phase 5)
  Global Optimization (Phase 6)
  Global Optimization (Phase 7)
  Global Optimization (Phase 8)
  Global Optimization (Phase 9)
  Global Optimization (Phase 10)
  Global Optimization (Phase 11)
  Global Optimization (Phase 12)
  Global Optimization (Phase 13)
  Global Optimization (Phase 14)
  Global Optimization (Phase 15)
  Global Optimization (Phase 16)
  Global Optimization (Phase 17)
  Global Optimization (Phase 18)
  Global Optimization (Phase 19)
  Global Optimization (Phase 20)
  Global Optimization (Phase 21)
  Global Optimization (Phase 22)
  Global Optimization (Phase 23)
  Global Optimization (Phase 24)
  Global Optimization (Phase 25)
  Global Optimization (Phase 26)
  Global Optimization (Phase 27)
  Global Optimization (Phase 28)
  Global Optimization (Phase 29)
  Global Optimization (Phase 30)
  Global Optimization (Phase 31)

  Beginning Isolate Ports
  -----------------------

  Beginning Delay Optimization
  ----------------------------
    0:00:45   64292.4      0.00       0.0   10216.8                           32115446.0000      0.00  
    0:00:45   64292.4      0.00       0.0   10216.8                           32115446.0000      0.00  
    0:00:45   64292.4      0.00       0.0   10216.8                           32115446.0000      0.00  
    0:00:45   64323.0      0.00       0.0    9406.6                           32154070.0000      0.00  
    0:00:46   64323.0      0.00       0.0    9406.6                           32154070.0000      0.00  
    0:00:47   64323.0      0.00       0.0    9406.6                           32154070.0000      0.00  

  Beginning WLM Backend Optimization
  --------------------------------------
    0:00:50   62844.5      0.00       0.0    9181.7                           30740318.0000      0.00  
    0:00:50   62844.5      0.00       0.0    9181.7                           30740318.0000      0.00  
    0:00:50   62844.5      0.00       0.0    9181.7                           30740318.0000      0.00  
    0:00:50   62654.4      0.00       0.0    9167.6                           30485078.0000      0.00  
    0:00:50   62654.4      0.00       0.0    9167.6                           30485078.0000      0.00  
    0:00:50   62654.4      0.00       0.0    9167.6                           30485078.0000      0.00  
    0:00:50   62654.4      0.00       0.0    9167.6                           30485078.0000      0.00  
    0:00:50   62654.4      0.00       0.0    9167.6                           30485078.0000      0.00  
    0:00:50   62654.4      0.00       0.0    9167.6                           30485078.0000      0.00  
    0:00:50   62654.4      0.00       0.0    9167.6                           30485078.0000      0.00  
    0:00:50   62654.4      0.00       0.0    9167.6                           30485078.0000      0.00  
    0:00:50   62654.4      0.00       0.0    9167.6                           30485078.0000      0.00  
    0:00:50   62654.4      0.00       0.0    9167.6                           30485078.0000      0.00  
    0:00:50   62654.4      0.00       0.0    9167.6                           30485078.0000      0.00  
    0:00:50   62654.4      0.00       0.0    9167.6                           30485078.0000      0.00  
    0:00:50   62654.4      0.00       0.0    9167.6                           30485078.0000      0.00  
    0:00:50   62654.4      0.00       0.0    9167.6                           30485078.0000      0.00  
    0:00:50   62654.4      0.00       0.0    9167.6                           30485078.0000      0.00  
    0:00:50   62654.4      0.00       0.0    9167.6                           30485078.0000      0.00  
    0:00:50   62654.4      0.00       0.0    9167.6                           30485078.0000      0.00  
    0:00:50   62654.4      0.00       0.0    9167.6                           30485078.0000      0.00  
    0:00:50   62654.4      0.00       0.0    9167.6                           30485078.0000      0.00  


  Beginning Design Rule Fixing  (max_transition)  (max_capacitance)
  ----------------------------

                                  TOTAL                                                            
   ELAPSED            WORST NEG   SETUP    DESIGN                              LEAKAGE   MIN DELAY 
    TIME      AREA      SLACK     COST    RULE COST         ENDPOINT            POWER      COST    
  --------- --------- --------- --------- --------- ------------------------- --------- -----------
    0:00:50   62654.4      0.00       0.0    9167.6                           30485078.0000      0.00  
  Global Optimization (Phase 32)
  Global Optimization (Phase 33)
  Global Optimization (Phase 34)
    0:00:52   62931.1      0.00       0.0      57.7                           29469414.0000      0.00  
    0:00:52   62931.1      0.00       0.0      57.7                           29469414.0000      0.00  


  Beginning Leakage Power Optimization  (max_leakage_power 0)
  ------------------------------------

                                  TOTAL                                                            
   ELAPSED            WORST NEG   SETUP    DESIGN                              LEAKAGE   MIN DELAY 
    TIME      AREA      SLACK     COST    RULE COST         ENDPOINT            POWER      COST    
  --------- --------- --------- --------- --------- ------------------------- --------- -----------
    0:00:52   62931.1      0.00       0.0      57.7                           29469414.0000      0.00  
    0:00:52   62931.1      0.00       0.0      57.7                           29469414.0000      0.00  
    0:00:52   62931.1      0.00       0.0      57.7                           29469414.0000      0.00  
    0:00:52   62931.1      0.00       0.0      57.7                           29469414.0000      0.00  
    0:00:53   62929.4      0.00       0.0      26.9                           28958834.0000      0.00  
    0:00:53   62929.4      0.00       0.0      26.9                           28958834.0000      0.00  
    0:00:53   62929.4      0.00       0.0      26.9                           28958834.0000      0.00  
    0:00:53   62929.4      0.00       0.0      26.9                           28958834.0000      0.00  
    0:00:53   62929.4      0.00       0.0      26.9                           28958834.0000      0.00  
    0:00:53   62929.4      0.00       0.0      26.9                           28958834.0000      0.00  
    0:00:53   62929.4      0.00       0.0      26.9                           28958834.0000      0.00  
    0:00:53   62929.4      0.00       0.0      26.9                           28958834.0000      0.00  
    0:00:53   62929.4      0.00       0.0      26.9                           28958834.0000      0.00  
    0:00:53   62929.4      0.00       0.0      26.9                           28958834.0000      0.00  
    0:00:53   62929.4      0.00       0.0      26.9                           28958834.0000      0.00  
    0:00:53   62929.4      0.00       0.0      26.9                           28958834.0000      0.00  
    0:00:53   62929.4      0.00       0.0      26.9                           28958834.0000      0.00  
    0:00:53   62929.4      0.00       0.0      26.9                           28958834.0000      0.00  
    0:00:53   62929.4      0.00       0.0      26.9                           28958834.0000      0.00  
    0:00:53   62929.4      0.00       0.0      26.9                           28958834.0000      0.00  
    0:00:53   62929.4      0.00       0.0      26.9                           28958834.0000      0.00  
    0:00:53   62929.4      0.00       0.0      26.9                           28958834.0000      0.00  
    0:00:53   62929.4      0.00       0.0      26.9                           28958834.0000      0.00  
    0:00:53   62943.0      0.00       0.0      26.9                           28972272.0000      0.00  

                                  TOTAL                                                            
   ELAPSED            WORST NEG   SETUP    DESIGN                              LEAKAGE   MIN DELAY 
    TIME      AREA      SLACK     COST    RULE COST         ENDPOINT            POWER      COST    
  --------- --------- --------- --------- --------- ------------------------- --------- -----------
    0:00:53   62943.0      0.00       0.0      26.9                           28972272.0000      0.00  
    0:00:54   61138.7      0.00       0.0      24.6                           26795470.0000      0.00  
    0:00:54   61138.7      0.00       0.0      24.6                           26795470.0000      0.00  
    0:00:54   61138.7      0.00       0.0      24.6                           26795470.0000      0.00  
    0:00:54   61137.0      0.00       0.0      24.2                           26785434.0000      0.00  
    0:00:56   60846.7      0.00       0.0       0.0                           26274648.0000      0.00  
    0:00:56   60846.7      0.00       0.0       0.0                           26274648.0000      0.00  
    0:00:56   60846.7      0.00       0.0       0.0                           26274648.0000      0.00  
    0:00:56   60846.7      0.00       0.0       0.0                           26274648.0000      0.00  
    0:00:56   60846.7      0.00       0.0       0.0                           26274648.0000      0.00  
    0:00:56   60846.7      0.00       0.0       0.0                           26274648.0000      0.00  
    0:00:57   60176.2      0.00       0.0       0.0                           25755902.0000      0.00  
Loading db file '/home/cell_library/CBDK_IC_Contest_v2.5/SynopsysDC/db/slow.db'
Loading db file '/home/cell_library/CBDK_IC_Contest_v2.5/SynopsysDC/db/fast.db'


Note: Symbol # after min delay cost means estimated hold TNS across all active scenarios 


  Optimization Complete
  ---------------------
  Loading target library 'fast'
Information: State dependent leakage is now switched from off to on.
Information: Propagating switching activity (low effort zero delay simulation). (PWR-6)
1
#uniquify
#compile
#======================================================
#  (F) Output Reports 
#======================================================
report_design  >  Report/$DESIGN\.design
report_resource >  Report/$DESIGN\.resource
report_timing -max_paths 3 >  Report/$DESIGN\.timing
report_area >  Report/$DESIGN\.area
report_power > Report/$DESIGN\.power
report_clock > Report/$DESIGN\.clock
report_port >  Report/$DESIGN\.port
report_power >  Report/$DESIGN\.power
#report_reference > Report/$DESIGN\.reference
#======================================================
#  (G) Change Naming Rule
#======================================================
set bus_inference_style "%s\[%d\]"
%s[%d]
set bus_naming_style "%s\[%d\]"
%s[%d]
set hdlout_internal_busses true
true
change_names -hierarchy -rule verilog
1
define_name_rules name_rule -allowed "a-z A-Z 0-9 _" -max_length 255 -type cell
1
define_name_rules name_rule -allowed "a-z A-Z 0-9 _[]" -max_length 255 -type net
1
define_name_rules name_rule -map {{"\\*cell\\*" "cell"}}
1
define_name_rules name_rule -case_insensitive
1
change_names -hierarchy -rules name_rule
1
#======================================================
#  (H) Output Results
#======================================================
set verilogout_higher_designs_first true
true
write -format verilog -output Netlist/$DESIGN\_SYN.v -hierarchy
Writing verilog file '/home/M13/m0bochun/IC_Contest/2018/2018_univ_cell/02_SYN/Netlist/LCD_CTRL_SYN.v'.
1
write -format ddc     -hierarchy -output $DESIGN\_SYN.ddc
Writing ddc file 'LCD_CTRL_SYN.ddc'.
1
write_sdf -version 3.0 -context verilog -load_delay cell Netlist/$DESIGN\_SYN.sdf -significant_digits 6
Information: Writing timing information to file '/home/M13/m0bochun/IC_Contest/2018/2018_univ_cell/02_SYN/Netlist/LCD_CTRL_SYN.sdf'. (WT-3)
1
write_sdc Netlist/$DESIGN\_SYN.sdc
1
#======================================================
#  (I) Finish and Quit
#======================================================
report_area
 
****************************************
Report : area
Design : LCD_CTRL
Version: U-2022.12
Date   : Sun Jan 26 15:07:14 2025
****************************************

Library(s) Used:

    slow (File: /home/cell_library/CBDK_IC_Contest_v2.5/SynopsysDC/db/slow.db)

Number of ports:                           39
Number of nets:                          5541
Number of cells:                         5494
Number of combinational cells:           4962
Number of sequential cells:               531
Number of macros/black boxes:               0
Number of buf/inv:                        557
Number of references:                     106

Combinational area:              46403.521300
Buf/Inv area:                     3496.643998
Noncombinational area:           13772.703777
Macro/Black Box area:                0.000000
Net Interconnect area:          870477.725433

Total cell area:                 60176.225077
Total area:                     930653.950511
1
report_timing 
 
****************************************
Report : timing
        -path full
        -delay max
        -max_paths 1
Design : LCD_CTRL
Version: U-2022.12
Date   : Sun Jan 26 15:07:14 2025
****************************************

Operating Conditions: slow   Library: slow
Wire Load Model Mode: top

  Startpoint: op_point_y_reg_1_
              (rising edge-triggered flip-flop clocked by clk)
  Endpoint: data_buffer_reg_33__5_
            (rising edge-triggered flip-flop clocked by clk)
  Path Group: clk
  Path Type: max

  Des/Clust/Port     Wire Load Model       Library
  ------------------------------------------------
  LCD_CTRL           tsmc13_wl10           slow

  Point                                    Incr       Path
  -----------------------------------------------------------
  clock clk (rise edge)                    0.00       0.00
  clock network delay (ideal)              0.50       0.50
  op_point_y_reg_1_/CK (DFFRX2)            0.00       0.50 r
  op_point_y_reg_1_/Q (DFFRX2)             0.87       1.37 f
  U5609/Y (NOR2X2)                         0.36       1.73 r
  U5610/Y (NAND2X2)                        0.25       1.98 f
  U3546/Y (NOR2XL)                         0.67       2.65 r
  U3483/Y (BUFX16)                         0.56       3.21 r
  U3529/Y (AOI22XL)                        0.31       3.52 f
  U3631/Y (NAND4XL)                        0.40       3.92 r
  U4195/Y (NOR4X1)                         0.24       4.16 f
  U6078/Y (OAI22X4)                        0.34       4.50 r
  U4145/Y (INVX3)                          0.21       4.71 f
  U3545/Y (NOR2XL)                         0.41       5.12 r
  U3880/Y (OAI222X1)                       0.33       5.45 f
  U5506/Y (OAI21X2)                        0.26       5.71 r
  U4102/Y (AOI222X2)                       0.29       6.01 f
  U6225/Y (AOI222X2)                       0.47       6.48 r
  U4101/Y (AOI222X2)                       0.32       6.80 f
  U4100/Y (AOI222X2)                       0.43       7.23 r
  U6226/Y (BUFX20)                         0.28       7.51 r
  U6285/Y (AOI2BB2X4)                      0.22       7.73 r
  U3456/Y (AO21X1)                         0.32       8.04 r
  U3877/Y (OAI22X2)                        0.21       8.26 f
  U6296/Y (AOI222X2)                       0.49       8.75 r
  U6297/Y (AOI222X2)                       0.32       9.07 f
  U6298/Y (AOI222X2)                       0.52       9.59 r
  U6299/Y (AOI222X2)                       0.31       9.89 f
  U5508/Y (AOI222X4)                       0.67      10.56 r
  U6301/Y (AOI222X2)                       0.22      10.78 f
  U6303/Y (NAND2BX4)                       0.28      11.06 f
  U4060/Y (INVX4)                          0.19      11.25 r
  U6475/Y (AOI22X1)                        0.18      11.43 f
  U3642/Y (OAI211X1)                       0.35      11.78 r
  U4052/Y (INVX3)                          0.21      11.99 f
  U6481/Y (OAI211X4)                       0.38      12.37 r
  U3779/Y (INVX6)                          0.17      12.54 f
  U3672/Y (NOR2X2)                         0.67      13.21 r
  U3757/Y (INVX8)                          0.61      13.82 f
  U7523/Y (OAI22XL)                        0.60      14.42 r
  U3728/Y (AOI211XL)                       0.28      14.70 f
  U3307/Y (OAI22XL)                        0.54      15.23 r
  data_buffer_reg_33__5_/D (DFFQX1)        0.00      15.23 r
  data arrival time                                  15.23

  clock clk (rise edge)                   15.00      15.00
  clock network delay (ideal)              0.50      15.50
  clock uncertainty                       -0.10      15.40
  data_buffer_reg_33__5_/CK (DFFQX1)       0.00      15.40 r
  library setup time                      -0.16      15.24
  data required time                                 15.24
  -----------------------------------------------------------
  data required time                                 15.24
  data arrival time                                 -15.23
  -----------------------------------------------------------
  slack (MET)                                         0.00


1
exit

Memory usage for this session 350 Mbytes.
Memory usage for this session including child processes 540 Mbytes.
CPU usage for this session 102 seconds ( 0.03 hours ).
Elapsed time for this session 68 seconds ( 0.02 hours ).

Thank you...

