#======================================================
#
# Synopsys Synthesis Scripts (Design Vision dctcl mode)
#
#======================================================
#======================================================
# (A) Global Parameters
#======================================================
set DESIGN "SET"
SET
set CYCLE 8.0
8.0
set INPUT_DLY [expr 0.5*$CYCLE]
4.0
set OUTPUT_DLY [expr 0.5*$CYCLE]
4.0
#======================================================
# (B) Read RTL Code
#======================================================
# (B-1) analyze + elaborate
set hdlin_auto_save_templates TRUE
TRUE
analyze -f sverilog $DESIGN\.v 
Running PRESTO HDLC
Compiling source file ./SET.v
Presto compilation completed successfully.
Loading db file '/home/cell_library/CBDK_IC_Contest_v2.5/SynopsysDC/db/slow.db'
Loading db file '/home/cell_library/CBDK_IC_Contest_v2.5/SynopsysDC/db/fast.db'
Loading db file '/usr/cad/synopsys/synthesis/2022.12/libraries/syn/dw_foundation.sldb'
1
elaborate $DESIGN  
Loading db file '/usr/cad/synopsys/synthesis/2022.12/libraries/syn/gtech.db'
Loading db file '/usr/cad/synopsys/synthesis/2022.12/libraries/syn/standard.sldb'
  Loading link library 'slow'
  Loading link library 'fast'
  Loading link library 'gtech'
Running PRESTO HDLC
Warning:  ./SET.v:125: DEFAULT branch of CASE statement cannot be reached. (ELAB-311)

Statistics for case statements in always block at line 54 in file
        './SET.v'
===============================================
|           Line           |  full/ parallel  |
===============================================
|            55            |    auto/auto     |
===============================================

Statistics for case statements in always block at line 118 in file
        './SET.v'
===============================================
|           Line           |  full/ parallel  |
===============================================
|           119            |    auto/auto     |
===============================================

Inferred memory devices in process
        in routine SET line 63 in file
                './SET.v'.
===============================================================================
|    Register Name    |   Type    | Width | Bus | MB | AR | AS | SR | SS | ST |
===============================================================================
|      state_reg      | Flip-flop |   2   |  Y  | N  | Y  | N  | N  | N  | N  |
===============================================================================

Inferred memory devices in process
        in routine SET line 73 in file
                './SET.v'.
===============================================================================
|    Register Name    |   Type    | Width | Bus | MB | AR | AS | SR | SS | ST |
===============================================================================
|    mode_reg_reg     | Flip-flop |   2   |  Y  | N  | N  | N  | N  | N  | N  |
|   central_reg_reg   | Flip-flop |  24   |  Y  | N  | N  | N  | N  | N  | N  |
|   radius_reg_reg    | Flip-flop |  12   |  Y  | N  | N  | N  | N  | N  | N  |
===============================================================================

Inferred memory devices in process
        in routine SET line 82 in file
                './SET.v'.
===============================================================================
|    Register Name    |   Type    | Width | Bus | MB | AR | AS | SR | SS | ST |
===============================================================================
|     count_x_reg     | Flip-flop |   3   |  Y  | N  | Y  | N  | N  | N  | N  |
|     count_x_reg     | Flip-flop |   1   |  N  | N  | N  | Y  | N  | N  | N  |
===============================================================================

Inferred memory devices in process
        in routine SET line 94 in file
                './SET.v'.
===============================================================================
|    Register Name    |   Type    | Width | Bus | MB | AR | AS | SR | SS | ST |
===============================================================================
|     count_y_reg     | Flip-flop |   3   |  Y  | N  | Y  | N  | N  | N  | N  |
|     count_y_reg     | Flip-flop |   1   |  N  | N  | N  | Y  | N  | N  | N  |
===============================================================================

Inferred memory devices in process
        in routine SET line 106 in file
                './SET.v'.
===============================================================================
|    Register Name    |   Type    | Width | Bus | MB | AR | AS | SR | SS | ST |
===============================================================================
|    in_count_reg     | Flip-flop |   6   |  Y  | N  | Y  | N  | N  | N  | N  |
===============================================================================

Inferred memory devices in process
        in routine SET line 130 in file
                './SET.v'.
===============================================================================
|    Register Name    |   Type    | Width | Bus | MB | AR | AS | SR | SS | ST |
===============================================================================
|      busy_reg       | Flip-flop |   1   |  N  | N  | Y  | N  | N  | N  | N  |
===============================================================================

Inferred memory devices in process
        in routine SET line 142 in file
                './SET.v'.
===============================================================================
|    Register Name    |   Type    | Width | Bus | MB | AR | AS | SR | SS | ST |
===============================================================================
|    candidate_reg    | Flip-flop |   8   |  Y  | N  | Y  | N  | N  | N  | N  |
===============================================================================

Inferred memory devices in process
        in routine SET line 154 in file
                './SET.v'.
===============================================================================
|    Register Name    |   Type    | Width | Bus | MB | AR | AS | SR | SS | ST |
===============================================================================
|      valid_reg      | Flip-flop |   1   |  N  | N  | Y  | N  | N  | N  | N  |
===============================================================================
Presto compilation completed successfully. (SET)
Elaborated 1 design.
Current design is now 'SET'.
Information: Building the design 'det_inside'. (HDL-193)
Warning:  ./SET.v:179: unsigned to signed assignment occurs. (VER-318)
Warning:  ./SET.v:180: unsigned to signed assignment occurs. (VER-318)
Warning:  ./SET.v:182: signed to unsigned conversion occurs. (VER-318)
Warning:  ./SET.v:183: signed to unsigned conversion occurs. (VER-318)
Presto compilation completed successfully. (det_inside)
1
# (B-2) read_sverilog
#read_sverilog $DESIGN\.v
# (B-3) set current design
current_design $DESIGN
Current design is 'SET'.
{SET}
link

  Linking design 'SET'
  Using the following designs and libraries:
  --------------------------------------------------------------------------
  * (2 designs)               /home/M13/m0bochun/IC_Contest/2015/2015_grad_cell/02_SYN/SET.db, etc
  slow (library)              /home/cell_library/CBDK_IC_Contest_v2.5/SynopsysDC/db/slow.db
  fast (library)              /home/cell_library/CBDK_IC_Contest_v2.5/SynopsysDC/db/fast.db
  dw_foundation.sldb (library) /usr/cad/synopsys/synthesis/2022.12/libraries/syn/dw_foundation.sldb

1
#======================================================
#  (C) Global Setting
#======================================================
set_operating_conditions -max_library slow -max slow
Using operating conditions 'slow' found in library 'slow'.
1
set_wire_load_model -name tsmc13_wl10 -library slow          
1
#======================================================
#  (D) Set Design Constraints
#======================================================
# (D-1) Setting Clock Constraints
create_clock -name clk -period $CYCLE [get_ports clk] 
1
set_dont_touch_network             [get_clocks clk]
1
#set_fix_hold                       [get_clocks clk]
set_clock_uncertainty       0.1    [get_clocks clk]
1
set_clock_latency           0.5    [get_clocks clk] 
1
#set_input_transition        0.5    [all_inputs] 
#set_clock_transition        0.1    [all_clocks] 
# (D-2) Setting in/out Constraints
#set_input_delay   -max  $INPUT_DLY  -clock clk   [all_inputs] ;  # set_up time check 
#set_input_delay   -min  0           -clock clk   [all_inputs] ;  # hold   time check 
#set_output_delay  -max  $OUTPUT_DLY -clock clk   [all_outputs] ; # set_up time check 
#set_output_delay  -min  0           -clock clk   [all_outputs] ; # hold   time check 
#set_input_delay 0 -clock clk clk
#set_input_delay 0 -clock clk rst
#set_max_delay $CYCLE -from [all_inputs] -to [all_outputs]
set_input_delay  $INPUT_DLY -clock clk [remove_from_collection [all_inputs] [get_ports clk]]
1
set_output_delay 0.5        -clock clk [all_outputs] 
1
# (D-3) Setting Design Environment
set_load         1     [all_outputs]
1
set_drive        1     [all_inputs]
1
# (D-4) Setting DRC Constraint 
set_max_fanout          20      [all_inputs]
1
# (D-5) Report Clock skew
report_clock -skew clk
Information: Checking out the license 'DesignWare'. (SEC-104)
Information: Changed wire load model for 'alt1' from '(none)' to 'tsmc13_wl10'. (OPT-170)
Information: Changed wire load model for 'apparch' from '(none)' to 'tsmc13_wl10'. (OPT-170)
Information: Changed wire load model for 'alt1' from '(none)' to 'tsmc13_wl10'. (OPT-170)
Information: Changed wire load model for 'apparch' from '(none)' to 'tsmc13_wl10'. (OPT-170)
Information: Updating design information... (UID-85)
 
****************************************
Report : clock_skew
Design : SET
Version: U-2022.12
Date   : Sun Jan 26 14:43:13 2025
****************************************

                 Rise      Fall  Min Rise  Min fall        Uncertainty
Object          Delay     Delay     Delay     Delay     Plus      Minus
--------------------------------------------------------------------------------
clk              0.50      0.50      0.50      0.50      0.10      0.10
1
check_timing

Information: Checking generated_clocks...

Information: Checking loops...

Information: Checking no_input_delay...

Information: Checking unconstrained_endpoints...

Information: Checking pulse_clock_cell_type...

Information: Checking no_driving_cell...

Information: Checking partial_input_delay...
1
#======================================================
#  (E) Optimization
#======================================================
check_design > Report/$DESIGN\.check
set_fix_multiple_port_nets -all -buffer_constants [get_designs *]
1
set_fix_hold [all_clocks]
1
compile_ultra
Information: Performing power optimization. (PWR-850)
Alib files are up-to-date.
Information: Running optimization using a maximum of 8 cores. (OPT-1500)
Information: Evaluating DesignWare library utilization. (UISN-27)

============================================================================
| DesignWare Building Block Library  |         Version         | Available |
============================================================================
| Basic DW Building Blocks           | U-2022.12-DWBB_202212.0 |     *     |
| Licensed DW Building Blocks        | U-2022.12-DWBB_202212.0 |     *     |
============================================================================

====================================================================================================
| Flow Information                                                                                 |
----------------------------------------------------------------------------------------------------
| Flow         | Design Compiler NXT WLM                                                           |
| Comand Line  | compile_ultra                                                                     |
====================================================================================================
| Design Information                                      | Value                                  |
====================================================================================================
| Number of Scenarios                                     | 0                                      |
| Leaf Cell Count                                         | 255                                    |
| Number of User Hierarchies                              | 3                                      |
| Sequential Cell Count                                   | 64                                     |
| Macro Count                                             | 0                                      |
| Number of Power Domains                                 | 0                                      |
| Number of Path Groups                                   | 2                                      |
| Number of VT Class                                      | 0                                      |
| Number of Clocks                                        | 1                                      |
| Number of Dont Touch Cells                              | 64                                     |
| Number of Dont Touch Nets                               | 1                                      |
| Number of Size Only Cells                               | 0                                      |
| Design with UPF Data                                    | false                                  |
----------------------------------------------------------------------------------------------------
| Variables                                               | Value                                  |
----------------------------------------------------------------------------------------------------
| set_fix_multiple_port_nets                              | -all -buffer_constants                 |
====================================================================================================
Information: Sequential output inversion is enabled.  SVF file must be used for formal verification. (OPT-1208)

Information: There are 5 potential problems in your design. Please run 'check_design' for more information. (LINT-99)

Information: Uniquified 3 instances of design 'det_inside'. (OPT-1056)
  Simplifying Design 'SET'

  Loading target library 'fast'
Loaded alib file './alib-52/slow.db.alib'
Loaded alib file './alib-52/fast.db.alib'
Warning: Operating condition slow set on design SET has different process,
voltage and temperatures parameters than the parameters at which target library 
fast is characterized. Delays may be inaccurate as a result. (OPT-998)
  Building model 'DW01_NAND2'
Information: Ungrouping hierarchy det_inside_A before Pass 1 (OPT-776)
Information: Ungrouping hierarchy det_inside_C before Pass 1 (OPT-776)
Information: Ungrouping hierarchy det_inside_B before Pass 1 (OPT-776)
Information: Ungrouping 3 of 4 hierarchies before Pass 1 (OPT-775)
Information: State dependent leakage is now switched from on to off.

  Beginning Pass 1 Mapping
  ------------------------
  Processing 'SET'
Information: Added key list 'DesignWare' to design 'SET'. (DDB-72)
Information: The register 'candidate_reg[6]' is a constant and will be removed. (OPT-1206)
Information: The register 'candidate_reg[7]' is a constant and will be removed. (OPT-1206)
 Implement Synthetic for 'SET'.

  Updating timing information
Information: Updating design information... (UID-85)
Information: The library cell 'HOLDX1' in the library 'slow' is not characterized for internal power. (PWR-536)
Information: The target library(s) contains cell(s), other than black boxes, that are not characterized for internal power. (PWR-24)

  Beginning Mapping Optimizations  (Ultra High effort)
  -------------------------------
  Mapping Optimization (Phase 1)

                                  TOTAL                                                            
   ELAPSED            WORST NEG   SETUP    DESIGN                              LEAKAGE   MIN DELAY 
    TIME      AREA      SLACK     COST    RULE COST         ENDPOINT            POWER      COST    
  --------- --------- --------- --------- --------- ------------------------- --------- -----------
    0:00:05   15142.5      0.00       0.0    5884.9                           14779122.0000      0.00  
    0:00:05   15142.5      0.00       0.0    5884.9                           14779122.0000      0.00  

  Beginning Constant Register Removal
  -----------------------------------
    0:00:05   15142.5      0.00       0.0    5884.9                           14779122.0000      0.00  
    0:00:05   15142.5      0.00       0.0    5884.9                           14779122.0000      0.00  

  Beginning Global Optimizations
  ------------------------------
  Numerical Synthesis (Phase 1)
  Numerical Synthesis (Phase 2)
  Global Optimization (Phase 1)
  Global Optimization (Phase 2)
  Global Optimization (Phase 3)
  Global Optimization (Phase 4)
  Global Optimization (Phase 5)
  Global Optimization (Phase 6)
  Global Optimization (Phase 7)
  Global Optimization (Phase 8)
  Global Optimization (Phase 9)
  Global Optimization (Phase 10)
  Global Optimization (Phase 11)
  Global Optimization (Phase 12)
  Global Optimization (Phase 13)
  Global Optimization (Phase 14)
  Global Optimization (Phase 15)
  Global Optimization (Phase 16)
  Global Optimization (Phase 17)
  Global Optimization (Phase 18)
  Global Optimization (Phase 19)
  Global Optimization (Phase 20)
  Global Optimization (Phase 21)
  Global Optimization (Phase 22)
  Global Optimization (Phase 23)
  Global Optimization (Phase 24)
  Global Optimization (Phase 25)
  Global Optimization (Phase 26)
  Global Optimization (Phase 27)
  Global Optimization (Phase 28)
  Global Optimization (Phase 29)
  Global Optimization (Phase 30)
  Global Optimization (Phase 31)

  Beginning Isolate Ports
  -----------------------

  Beginning Delay Optimization
  ----------------------------
    0:00:06    7441.4      1.42       6.4    7645.5                           6280697.0000      0.00  
    0:00:06    7796.2      0.00       0.0    7645.5                           6699154.0000      0.00  
    0:00:06    7796.2      0.00       0.0    7645.5                           6699154.0000      0.00  
    0:00:06    7746.9      0.05       0.1    7040.1                           6652725.0000      0.00  
    0:00:06    7745.2      0.05       0.1    7040.1                           6651723.5000      0.00  
    0:00:06    7745.2      0.05       0.1    7040.1                           6651723.5000      0.00  

  Beginning WLM Backend Optimization
  --------------------------------------
    0:00:06    7624.7      0.05       0.1    7040.1                           6549098.5000      0.00  
    0:00:06    7621.3      0.00       0.0    7040.1                           6545772.0000      0.00  
    0:00:06    7621.3      0.00       0.0    7040.1                           6545772.0000      0.00  
    0:00:06    7604.4      0.00       0.0    7040.1                           6499844.0000      0.00  
    0:00:06    7604.4      0.00       0.0    7040.1                           6499844.0000      0.00  
    0:00:06    7604.4      0.00       0.0    7040.1                           6499844.0000      0.00  
    0:00:06    7604.4      0.00       0.0    7040.1                           6499844.0000      0.00  
    0:00:06    7604.4      0.00       0.0    7040.1                           6499844.0000      0.00  
    0:00:06    7604.4      0.00       0.0    7040.1                           6499844.0000      0.00  
    0:00:06    7604.4      0.00       0.0    7040.1                           6499844.0000      0.00  
    0:00:06    7604.4      0.00       0.0    7040.1                           6499844.0000      0.00  
    0:00:06    7604.4      0.00       0.0    7040.1                           6499844.0000      0.00  
    0:00:06    7604.4      0.00       0.0    7040.1                           6499844.0000      0.00  
    0:00:06    7604.4      0.00       0.0    7040.1                           6499844.0000      0.00  
    0:00:06    7604.4      0.00       0.0    7040.1                           6499844.0000      0.00  
    0:00:06    7604.4      0.00       0.0    7040.1                           6499844.0000      0.00  
    0:00:06    7604.4      0.00       0.0    7040.1                           6499844.0000      0.00  
    0:00:06    7604.4      0.00       0.0    7040.1                           6499844.0000      0.00  
    0:00:06    7604.4      0.00       0.0    7040.1                           6499844.0000      0.00  
    0:00:06    7604.4      0.00       0.0    7040.1                           6499844.0000      0.00  
    0:00:06    7604.4      0.00       0.0    7040.1                           6499844.0000      0.00  
    0:00:06    7604.4      0.00       0.0    7040.1                           6499844.0000      0.00  


  Beginning Design Rule Fixing  (max_transition)  (max_capacitance)
  ----------------------------

                                  TOTAL                                                            
   ELAPSED            WORST NEG   SETUP    DESIGN                              LEAKAGE   MIN DELAY 
    TIME      AREA      SLACK     COST    RULE COST         ENDPOINT            POWER      COST    
  --------- --------- --------- --------- --------- ------------------------- --------- -----------
    0:00:06    7604.4      0.00       0.0    7040.1                           6499844.0000      0.00  
  Global Optimization (Phase 32)
  Global Optimization (Phase 33)
  Global Optimization (Phase 34)
    0:00:06    7665.5      0.00       0.0       0.0                           6585695.0000      0.00  
    0:00:06    7665.5      0.00       0.0       0.0                           6585695.0000      0.00  


  Beginning Leakage Power Optimization  (max_leakage_power 0)
  ------------------------------------

                                  TOTAL                                                            
   ELAPSED            WORST NEG   SETUP    DESIGN                              LEAKAGE   MIN DELAY 
    TIME      AREA      SLACK     COST    RULE COST         ENDPOINT            POWER      COST    
  --------- --------- --------- --------- --------- ------------------------- --------- -----------
    0:00:06    7665.5      0.00       0.0       0.0                           6585695.0000      0.00  
    0:00:07    7665.5      0.00       0.0       0.0                           6585695.0000      0.00  
    0:00:07    7665.5      0.00       0.0       0.0                           6585695.0000      0.00  
    0:00:07    7665.5      0.00       0.0       0.0                           6585695.0000      0.00  
    0:00:07    7658.7      0.00       0.0       0.0                           6566222.5000      0.00  
    0:00:07    7658.7      0.00       0.0       0.0                           6566222.5000      0.00  
    0:00:07    7658.7      0.00       0.0       0.0                           6566222.5000      0.00  
    0:00:07    7658.7      0.00       0.0       0.0                           6566222.5000      0.00  
    0:00:07    7658.7      0.00       0.0       0.0                           6566222.5000      0.00  
    0:00:07    7658.7      0.00       0.0       0.0                           6566222.5000      0.00  
    0:00:07    7658.7      0.00       0.0       0.0                           6566222.5000      0.00  
    0:00:07    7658.7      0.00       0.0       0.0                           6566222.5000      0.00  
    0:00:07    7658.7      0.00       0.0       0.0                           6566222.5000      0.00  
    0:00:07    7658.7      0.00       0.0       0.0                           6566222.5000      0.00  
    0:00:07    7658.7      0.00       0.0       0.0                           6566222.5000      0.00  
    0:00:07    7658.7      0.00       0.0       0.0                           6566222.5000      0.00  
    0:00:07    7658.7      0.00       0.0       0.0                           6566222.5000      0.00  
    0:00:07    7658.7      0.00       0.0       0.0                           6566222.5000      0.00  
    0:00:07    7658.7      0.00       0.0       0.0                           6566222.5000      0.00  
    0:00:07    7658.7      0.00       0.0       0.0                           6566222.5000      0.00  
    0:00:07    7658.7      0.00       0.0       0.0                           6566222.5000      0.00  
    0:00:07    7658.7      0.00       0.0       0.0                           6566222.5000      0.00  
    0:00:07    7658.7      0.00       0.0       0.0                           6566222.5000      0.00  
    0:00:07    7685.8      0.00       0.0       0.0                           6593100.0000      0.00  

                                  TOTAL                                                            
   ELAPSED            WORST NEG   SETUP    DESIGN                              LEAKAGE   MIN DELAY 
    TIME      AREA      SLACK     COST    RULE COST         ENDPOINT            POWER      COST    
  --------- --------- --------- --------- --------- ------------------------- --------- -----------
    0:00:07    7685.8      0.00       0.0       0.0                           6593100.0000      0.00  
    0:00:07    7319.2      0.00       0.0       0.0                           6063210.5000      0.00  
    0:00:07    7319.2      0.00       0.0       0.0                           6063210.5000      0.00  
    0:00:07    7319.2      0.00       0.0       0.0                           6063210.5000      0.00  
    0:00:07    7319.2      0.00       0.0       0.0                           6061156.5000      0.00  
    0:00:07    7266.6      0.00       0.0       0.0                           5996185.5000      0.00  
    0:00:07    7266.6      0.00       0.0       0.0                           5996185.5000      0.00  
    0:00:07    7266.6      0.00       0.0       0.0                           5996185.5000      0.00  
    0:00:07    7266.6      0.00       0.0       0.0                           5996185.5000      0.00  
    0:00:07    7266.6      0.00       0.0       0.0                           5996185.5000      0.00  
    0:00:07    7266.6      0.00       0.0       0.0                           5996185.5000      0.00  
    0:00:07    7169.8      0.00       0.0       0.0                           5882873.0000      0.00  
Loading db file '/home/cell_library/CBDK_IC_Contest_v2.5/SynopsysDC/db/slow.db'
Loading db file '/home/cell_library/CBDK_IC_Contest_v2.5/SynopsysDC/db/fast.db'


Note: Symbol # after min delay cost means estimated hold TNS across all active scenarios 


  Optimization Complete
  ---------------------
  Loading target library 'fast'
Information: State dependent leakage is now switched from off to on.
Information: Propagating switching activity (low effort zero delay simulation). (PWR-6)
1
#uniquify
#compile
#======================================================
#  (F) Output Reports 
#======================================================
report_design  >  Report/$DESIGN\.design
report_resource >  Report/$DESIGN\.resource
report_timing -max_paths 3 >  Report/$DESIGN\.timing
report_area >  Report/$DESIGN\.area
report_power > Report/$DESIGN\.power
report_clock > Report/$DESIGN\.clock
report_port >  Report/$DESIGN\.port
report_power >  Report/$DESIGN\.power
#report_reference > Report/$DESIGN\.reference
#======================================================
#  (G) Change Naming Rule
#======================================================
set bus_inference_style "%s\[%d\]"
%s[%d]
set bus_naming_style "%s\[%d\]"
%s[%d]
set hdlout_internal_busses true
true
change_names -hierarchy -rule verilog
1
define_name_rules name_rule -allowed "a-z A-Z 0-9 _" -max_length 255 -type cell
1
define_name_rules name_rule -allowed "a-z A-Z 0-9 _[]" -max_length 255 -type net
1
define_name_rules name_rule -map {{"\\*cell\\*" "cell"}}
1
define_name_rules name_rule -case_insensitive
1
change_names -hierarchy -rules name_rule
1
#======================================================
#  (H) Output Results
#======================================================
set verilogout_higher_designs_first true
true
write -format verilog -output Netlist/$DESIGN\_SYN.v -hierarchy
Writing verilog file '/home/M13/m0bochun/IC_Contest/2015/2015_grad_cell/02_SYN/Netlist/SET_SYN.v'.
1
write -format ddc     -hierarchy -output $DESIGN\_SYN.ddc
Writing ddc file 'SET_SYN.ddc'.
1
write_sdf -version 3.0 -context verilog -load_delay cell Netlist/$DESIGN\_SYN.sdf -significant_digits 6
Information: Writing timing information to file '/home/M13/m0bochun/IC_Contest/2015/2015_grad_cell/02_SYN/Netlist/SET_SYN.sdf'. (WT-3)
1
write_sdc Netlist/$DESIGN\_SYN.sdc
1
#======================================================
#  (I) Finish and Quit
#======================================================
report_area
 
****************************************
Report : area
Design : SET
Version: U-2022.12
Date   : Sun Jan 26 14:43:24 2025
****************************************

Library(s) Used:

    slow (File: /home/cell_library/CBDK_IC_Contest_v2.5/SynopsysDC/db/slow.db)

Number of ports:                           51
Number of nets:                           707
Number of cells:                          606
Number of combinational cells:            542
Number of sequential cells:                62
Number of macros/black boxes:               0
Number of buf/inv:                         96
Number of references:                      88

Combinational area:               5277.216574
Buf/Inv area:                      461.692794
Noncombinational area:            1892.600996
Macro/Black Box area:                0.000000
Net Interconnect area:           64073.653931

Total cell area:                  7169.817570
Total area:                      71243.471501
1
report_timing 
 
****************************************
Report : timing
        -path full
        -delay max
        -max_paths 1
Design : SET
Version: U-2022.12
Date   : Sun Jan 26 14:43:24 2025
****************************************

Operating Conditions: slow   Library: slow
Wire Load Model Mode: top

  Startpoint: count_y_reg_2_
              (rising edge-triggered flip-flop clocked by clk)
  Endpoint: in_count_reg_3_
            (rising edge-triggered flip-flop clocked by clk)
  Path Group: clk
  Path Type: max

  Des/Clust/Port     Wire Load Model       Library
  ------------------------------------------------
  SET                tsmc13_wl10           slow

  Point                                                   Incr       Path
  --------------------------------------------------------------------------
  clock clk (rise edge)                                   0.00       0.00
  clock network delay (ideal)                             0.50       0.50
  count_y_reg_2_/CK (DFFRX2)                              0.00       0.50 r
  count_y_reg_2_/Q (DFFRX2)                               0.82       1.32 r
  U494/Y (XOR2X1)                                         0.40       1.72 r
  U268/Y (XOR2X1)                                         0.37       2.10 f
  U287/Y (OAI21X1)                                        0.31       2.41 r
  U285/Y (XOR2X1)                                         0.35       2.76 r
  U304/Y (NOR2X4)                                         0.20       2.96 f
  U303/Y (AND2X2)                                         0.26       3.22 f
  DP_OP_70J1_126_2494_U62/S (CMPR42X1)                    0.77       3.99 f
  U557/S (ADDFXL)                                         0.87       4.86 r
  U558/Y (NOR2X1)                                         0.22       5.08 f
  U387/Y (OAI2BB2X1)                                      0.41       5.49 r
  U559/Y (NOR2X1)                                         0.18       5.68 f
  U560/Y (OAI2BB2XL)                                      0.46       6.13 r
  U318/Y (OAI211X1)                                       0.29       6.43 f
  U563/Y (NAND2X2)                                        0.16       6.59 r
  U298/Y (AOI211X2)                                       0.15       6.74 f
  U316/Y (NAND3BX2)                                       0.23       6.97 f
  U600/Y (OAI2BB1X4)                                      0.22       7.18 f
  U601/Y (NAND3X8)                                        0.22       7.40 r
  U296/Y (NAND2X4)                                        0.14       7.53 f
  U603/Y (OAI21X4)                                        0.14       7.67 r
  U735/Y (NAND2X1)                                        0.14       7.81 f
  U251/Y (OAI31XL)                                        0.27       8.08 r
  in_count_reg_3_/D (DFFRX1)                              0.00       8.08 r
  data arrival time                                                  8.08

  clock clk (rise edge)                                   8.00       8.00
  clock network delay (ideal)                             0.50       8.50
  clock uncertainty                                      -0.10       8.40
  in_count_reg_3_/CK (DFFRX1)                             0.00       8.40 r
  library setup time                                     -0.30       8.10
  data required time                                                 8.10
  --------------------------------------------------------------------------
  data required time                                                 8.10
  data arrival time                                                 -8.08
  --------------------------------------------------------------------------
  slack (MET)                                                        0.02


1
exit

Memory usage for this session 326 Mbytes.
Memory usage for this session including child processes 548 Mbytes.
CPU usage for this session 18 seconds ( 0.01 hours ).
Elapsed time for this session 18 seconds ( 0.00 hours ).

Thank you...

