Command: vcs -timescale=1ns/1fs -j8 -sverilog +v2k -full64 -Mupdate -R -debug_access+all \
-y /usr/cad/synopsys/synthesis/cur/dw/sim_ver/ +libext+.v -f filelist.f -o simv -l \
vcs.log -P /usr/cad/synopsys/verdi/2023.03//share/PLI/VCS/linux64/novas.tab /usr/cad/synopsys/verdi/2023.03//share/PLI/VCS/linux64/pli.a \
+define+RTL +notimingchecks
*** Using c compiler gcc instead of cc ...
                         Chronologic VCS (TM)
         Version U-2023.03_Full64 -- Sun Jan 26 14:43:38 2025

                    Copyright (c) 1991 - 2023 Synopsys, Inc.
   This software and the associated documentation are proprietary to Synopsys,
 Inc. This software may only be used in accordance with the terms and conditions
 of a written license agreement with Synopsys, Inc. All other use, reproduction,
   or distribution of this software is strictly prohibited.  Licensed Products
     communicate with Synopsys servers for the purpose of providing software
    updates, detecting software piracy and verifying that customers are using
    Licensed Products in conformity with the applicable License Key for such
  Licensed Products. Synopsys will use information gathered in connection with
    this process to deliver software updates and pursue software pirates and
                                   infringers.

 Inclusivity & Diversity - Visit SolvNetPlus to read the "Synopsys Statement on
            Inclusivity and Diversity" (Refer to article 000036315 at
                        https://solvnetplus.synopsys.com)

Parsing design file 'testfixture.v'
Parsing included file 'SET.v'.
Back to file 'testfixture.v'.
Top Level Modules:
       testfixture1
TimeScale is 1 ns / 10 ps
Starting vcs inline pass...


Note-[VCS_PARAL] Parallel code-gen enabled
  VCS is running with parallel code generation(-j)...

2 modules and 0 UDP read.
recompiling module testfixture1
	However, due to incremental compilation, only 1 module needs to be compiled. 
make[1]: Entering directory `/home/M13/m0bochun/IC_Contest/2015/2015_grad_cell/01_RTL/csrc' \

rm -f _cuarc*.so _csrc*.so pre_vcsobj_*.so share_vcsobj_*.so
if [ -x ../simv ]; then chmod a-x ../simv; fi
g++  -o ../simv      -rdynamic  -Wl,-rpath='$ORIGIN'/simv.daidir -Wl,-rpath=./simv.daidir \
-Wl,-rpath=/usr/cad/synopsys/vcs/2023.03/linux64/lib -L/usr/cad/synopsys/vcs/2023.03/linux64/lib \
-Wl,-rpath-link=./  /usr/lib64/libnuma.so.1   objs/amcQw_d.o   _14139_archive_1.so \
_14160_archive_1.so _prev_archive_1.so  SIM_l.o      rmapats_mop.o rmapats.o rmar.o \
rmar_nd.o  rmar_llvm_0_1.o rmar_llvm_0_0.o            -lvirsim -lerrorinf -lsnpsmalloc \
-lvfs /usr/cad/synopsys/verdi/2023.03//share/PLI/VCS/linux64/pli.a    -lvcsnew -lsimprofile \
-luclinative /usr/cad/synopsys/vcs/2023.03/linux64/lib/vcs_tls.o   -Wl,-whole-archive \
-lvcsucli    -Wl,-no-whole-archive        _vcs_pli_stub_.o   /usr/cad/synopsys/vcs/2023.03/linux64/lib/vcs_save_restore_new.o \
/usr/cad/synopsys/verdi/2023.03/share/PLI/VCS/LINUX64/pli.a -ldl -lm  -lc -lpthread \
-ldl 
../simv up to date
make[1]: Leaving directory `/home/M13/m0bochun/IC_Contest/2015/2015_grad_cell/01_RTL/csrc' \

Command: /home/M13/m0bochun/IC_Contest/2015/2015_grad_cell/01_RTL/./simv +v2k +libext+.v -a vcs.log +define+RTL +notimingchecks
Chronologic VCS simulator copyright 1991-2023
Contains Synopsys proprietary information.
Compiler version U-2023.03_Full64; Runtime version U-2023.03_Full64;  Jan 26 14:43 2025
*Verdi* Loading libsscore_vcs202303.so
FSDB Dumper for VCS, Release Verdi_U-2023.03, Linux x86_64/64bit, 02/16/2023
(C) 1996 - 2023 by Synopsys, Inc.
*Verdi* FSDB WARNING: The FSDB file already exists. Overwriting the FSDB file may crash the programs that are using this file.
*Verdi* : Create FSDB file 'SET.fsdb'
*Verdi* : Begin traversing the scopes, layer (0).
*Verdi* : Enable +mda dumping.
*Verdi* : End of traversing.
*Verdi* : Begin traversing the scopes, layer (0).
*Verdi* : End of traversing.
--------------------------- [ Function 4. Simulation START !! ] ---------------------------
 Pattern           0 at Mode 3 is PASS !
 Pattern           1 at Mode 3 is PASS !
 Pattern           2 at Mode 3 is PASS !
 Pattern           3 at Mode 3 is PASS !
 Pattern           4 at Mode 3 is PASS !
 Pattern           5 at Mode 3 is PASS !
 Pattern           6 at Mode 3 is PASS !
 Pattern           7 at Mode 3 is PASS !
 Pattern           8 at Mode 3 is PASS !
 Pattern           9 at Mode 3 is PASS !
 Pattern          10 at Mode 3 is PASS !
 Pattern          11 at Mode 3 is PASS !
 Pattern          12 at Mode 3 is PASS !
 Pattern          13 at Mode 3 is PASS !
 Pattern          14 at Mode 3 is PASS !
 Pattern          15 at Mode 3 is PASS !
 Pattern          16 at Mode 3 is PASS !
 Pattern          17 at Mode 3 is PASS !
 Pattern          18 at Mode 3 is PASS !
 Pattern          19 at Mode 3 is PASS !
 Pattern          20 at Mode 3 is PASS !
 Pattern          21 at Mode 3 is PASS !
 Pattern          22 at Mode 3 is PASS !
 Pattern          23 at Mode 3 is PASS !
 Pattern          24 at Mode 3 is PASS !
 Pattern          25 at Mode 3 is PASS !
 Pattern          26 at Mode 3 is PASS !
 Pattern          27 at Mode 3 is PASS !
 Pattern          28 at Mode 3 is PASS !
 Pattern          29 at Mode 3 is PASS !
 Pattern          30 at Mode 3 is PASS !
 Pattern          31 at Mode 3 is PASS !
 Pattern          32 at Mode 3 is PASS !
 Pattern          33 at Mode 3 is PASS !
 Pattern          34 at Mode 3 is PASS !
 Pattern          35 at Mode 3 is PASS !
 Pattern          36 at Mode 3 is PASS !
 Pattern          37 at Mode 3 is PASS !
 Pattern          38 at Mode 3 is PASS !
 Pattern          39 at Mode 3 is PASS !
 Pattern          40 at Mode 3 is PASS !
 Pattern          41 at Mode 3 is PASS !
 Pattern          42 at Mode 3 is PASS !
 Pattern          43 at Mode 3 is PASS !
 Pattern          44 at Mode 3 is PASS !
 Pattern          45 at Mode 3 is PASS !
 Pattern          46 at Mode 3 is PASS !
 Pattern          47 at Mode 3 is PASS !
 Pattern          48 at Mode 3 is PASS !
 Pattern          49 at Mode 3 is PASS !
 Pattern          50 at Mode 3 is PASS !
 Pattern          51 at Mode 3 is PASS !
 Pattern          52 at Mode 3 is PASS !
 Pattern          53 at Mode 3 is PASS !
 Pattern          54 at Mode 3 is PASS !
 Pattern          55 at Mode 3 is PASS !
 Pattern          56 at Mode 3 is PASS !
 Pattern          57 at Mode 3 is PASS !
 Pattern          58 at Mode 3 is PASS !
 Pattern          59 at Mode 3 is PASS !
 Pattern          60 at Mode 3 is PASS !
 Pattern          61 at Mode 3 is PASS !
 Pattern          62 at Mode 3 is PASS !
 Pattern          63 at Mode 3 is PASS !
--------------------------- Simulation FINISH !!---------------------------
============================================================================

 \(^o^)/ CONGRATULATIONS!!  The simulation result is PASS!!!

============================================================================
$finish called from file "testfixture.v", line 144.
$finish at simulation time 34344.0 ns
           V C S   S i m u l a t i o n   R e p o r t 
Time: 34344000 ps
CPU Time:      0.480 seconds;       Data structure size:   0.0Mb
Sun Jan 26 14:43:42 2025
CPU time: .736 seconds to compile + .529 seconds to elab + .471 seconds to link + .530 seconds in simulation
