#======================================================
#
# Synopsys Synthesis Scripts (Design Vision dctcl mode)
#
#======================================================
#======================================================
# (A) Global Parameters
#======================================================
set DESIGN "LBP"
LBP
set CYCLE 4.0
4.0
set INPUT_DLY [expr 0.5*$CYCLE]
2.0
set OUTPUT_DLY [expr 0.5*$CYCLE]
2.0
#======================================================
# (B) Read RTL Code
#======================================================
# (B-1) analyze + elaborate
set hdlin_auto_save_templates TRUE
TRUE
analyze -f sverilog $DESIGN\.v 
Running PRESTO HDLC
Compiling source file ./LBP.v
Presto compilation completed successfully.
Loading db file '/home/cell_library/CBDK_IC_Contest_v2.5/SynopsysDC/db/slow.db'
Loading db file '/home/cell_library/CBDK_IC_Contest_v2.5/SynopsysDC/db/fast.db'
Loading db file '/usr/cad/synopsys/synthesis/2022.12/libraries/syn/dw_foundation.sldb'
1
elaborate $DESIGN  
Loading db file '/usr/cad/synopsys/synthesis/2022.12/libraries/syn/gtech.db'
Loading db file '/usr/cad/synopsys/synthesis/2022.12/libraries/syn/standard.sldb'
  Loading link library 'slow'
  Loading link library 'fast'
  Loading link library 'gtech'
Running PRESTO HDLC

Statistics for case statements in always block at line 51 in file
        './LBP.v'
===============================================
|           Line           |  full/ parallel  |
===============================================
|            52            |    auto/auto     |
===============================================

Statistics for case statements in always block at line 137 in file
        './LBP.v'
===============================================
|           Line           |  full/ parallel  |
===============================================
|           139            |    auto/auto     |
|           150            |    auto/auto     |
===============================================

Inferred memory devices in process
        in routine LBP line 61 in file
                './LBP.v'.
===============================================================================
|    Register Name    |   Type    | Width | Bus | MB | AR | AS | SR | SS | ST |
===============================================================================
|      state_reg      | Flip-flop |   2   |  Y  | N  | Y  | N  | N  | N  | N  |
===============================================================================

Inferred memory devices in process
        in routine LBP line 86 in file
                './LBP.v'.
===============================================================================
|    Register Name    |   Type    | Width | Bus | MB | AR | AS | SR | SS | ST |
===============================================================================
|   init_count_reg    | Flip-flop |   3   |  Y  | N  | Y  | N  | N  | N  | N  |
===============================================================================

Inferred memory devices in process
        in routine LBP line 119 in file
                './LBP.v'.
===============================================================================
|    Register Name    |   Type    | Width | Bus | MB | AR | AS | SR | SS | ST |
===============================================================================
|     addr_x_reg      | Flip-flop |   6   |  Y  | N  | Y  | N  | N  | N  | N  |
|     addr_x_reg      | Flip-flop |   1   |  N  | N  | N  | Y  | N  | N  | N  |
===============================================================================

Inferred memory devices in process
        in routine LBP line 128 in file
                './LBP.v'.
===============================================================================
|    Register Name    |   Type    | Width | Bus | MB | AR | AS | SR | SS | ST |
===============================================================================
|     addr_y_reg      | Flip-flop |   6   |  Y  | N  | Y  | N  | N  | N  | N  |
|     addr_y_reg      | Flip-flop |   1   |  N  | N  | N  | Y  | N  | N  | N  |
===============================================================================

Inferred memory devices in process
        in routine LBP line 137 in file
                './LBP.v'.
===============================================================================
|    Register Name    |   Type    | Width | Bus | MB | AR | AS | SR | SS | ST |
===============================================================================
|    gray_addr_reg    | Flip-flop |  14   |  Y  | N  | N  | N  | N  | N  | N  |
===============================================================================

Inferred memory devices in process
        in routine LBP line 161 in file
                './LBP.v'.
===============================================================================
|    Register Name    |   Type    | Width | Bus | MB | AR | AS | SR | SS | ST |
===============================================================================
|   gray_buffer_reg   | Flip-flop |  64   |  Y  | N  | Y  | N  | N  | N  | N  |
===============================================================================

Inferred memory devices in process
        in routine LBP line 182 in file
                './LBP.v'.
===============================================================================
|    Register Name    |   Type    | Width | Bus | MB | AR | AS | SR | SS | ST |
===============================================================================
|    lbp_addr_reg     | Flip-flop |  14   |  Y  | N  | Y  | N  | N  | N  | N  |
===============================================================================

Inferred memory devices in process
        in routine LBP line 191 in file
                './LBP.v'.
===============================================================================
|    Register Name    |   Type    | Width | Bus | MB | AR | AS | SR | SS | ST |
===============================================================================
|    lbp_data_reg     | Flip-flop |   8   |  Y  | N  | Y  | N  | N  | N  | N  |
===============================================================================

Inferred memory devices in process
        in routine LBP line 200 in file
                './LBP.v'.
===============================================================================
|    Register Name    |   Type    | Width | Bus | MB | AR | AS | SR | SS | ST |
===============================================================================
|    lbp_valid_reg    | Flip-flop |   1   |  N  | N  | Y  | N  | N  | N  | N  |
===============================================================================

Inferred memory devices in process
        in routine LBP line 212 in file
                './LBP.v'.
===============================================================================
|    Register Name    |   Type    | Width | Bus | MB | AR | AS | SR | SS | ST |
===============================================================================
|     finish_reg      | Flip-flop |   1   |  N  | N  | Y  | N  | N  | N  | N  |
===============================================================================
Presto compilation completed successfully. (LBP)
Elaborated 1 design.
Current design is now 'LBP'.
1
# (B-2) read_sverilog
#read_sverilog $DESIGN\.v
# (B-3) set current design
current_design $DESIGN
Current design is 'LBP'.
{LBP}
link

  Linking design 'LBP'
  Using the following designs and libraries:
  --------------------------------------------------------------------------
  LBP                         /home/M13/m0bochun/IC_Contest/2016/2016_grad_cell/02_SYN/LBP.db
  slow (library)              /home/cell_library/CBDK_IC_Contest_v2.5/SynopsysDC/db/slow.db
  fast (library)              /home/cell_library/CBDK_IC_Contest_v2.5/SynopsysDC/db/fast.db
  dw_foundation.sldb (library) /usr/cad/synopsys/synthesis/2022.12/libraries/syn/dw_foundation.sldb

1
#======================================================
#  (C) Global Setting
#======================================================
set_operating_conditions -max_library slow -max slow
Using operating conditions 'slow' found in library 'slow'.
1
set_wire_load_model -name tsmc13_wl10 -library slow     
1
#======================================================
#  (D) Set Design Constraints
#======================================================
# (D-1) Setting Clock Constraints
create_clock -name clk -period $CYCLE [get_ports clk] 
1
set_dont_touch_network             [get_clocks clk]
1
#set_fix_hold                       [get_clocks clk]
set_clock_uncertainty       0.1    [get_clocks clk]
1
set_clock_latency           0.5    [get_clocks clk] 
1
#set_input_transition        0.5    [all_inputs] 
#set_clock_transition        0.1    [all_clocks] 
# (D-2) Setting in/out Constraints
#set_input_delay   -max  $INPUT_DLY  -clock clk   [all_inputs] ;  # set_up time check 
#set_input_delay   -min  0           -clock clk   [all_inputs] ;  # hold   time check 
#set_output_delay  -max  $OUTPUT_DLY -clock clk   [all_outputs] ; # set_up time check 
#set_output_delay  -min  0           -clock clk   [all_outputs] ; # hold   time check 
#set_input_delay 0 -clock clk clk
#set_input_delay 0 -clock clk reset
#set_max_delay $CYCLE -from [all_inputs] -to [all_outputs]
set_input_delay  $INPUT_DLY -clock clk [remove_from_collection [all_inputs] [get_ports clk]]
1
set_output_delay 0.5        -clock clk [all_outputs] 
1
# (D-3) Setting Design Environment
set_load         1     [all_outputs]
1
set_drive        1     [all_inputs]
1
# (D-4) Setting DRC Constraint
set_max_fanout 20 [all_inputs]
1
# (D-5) Report Clock skew
report_clock -skew clk
Information: Checking out the license 'DesignWare'. (SEC-104)
Information: Changed wire load model for 'alt1' from '(none)' to 'tsmc13_wl10'. (OPT-170)
Information: Changed wire load model for 'apparch' from '(none)' to 'tsmc13_wl10'. (OPT-170)
Information: Updating design information... (UID-85)
 
****************************************
Report : clock_skew
Design : LBP
Version: U-2022.12
Date   : Sun Jan 26 14:48:55 2025
****************************************

                 Rise      Fall  Min Rise  Min fall        Uncertainty
Object          Delay     Delay     Delay     Delay     Plus      Minus
--------------------------------------------------------------------------------
clk              0.50      0.50      0.50      0.50      0.10      0.10
1
check_timing

Information: Checking generated_clocks...

Information: Checking loops...

Information: Checking no_input_delay...

Information: Checking unconstrained_endpoints...

Information: Checking pulse_clock_cell_type...

Information: Checking no_driving_cell...

Information: Checking partial_input_delay...
1
#======================================================
#  (E) Optimization
#======================================================
check_design > Report/$DESIGN\.check
set_fix_multiple_port_nets -all -buffer_constants [get_designs *]
1
set_fix_hold [all_clocks]
1
compile_ultra
Information: Performing power optimization. (PWR-850)
Alib files are up-to-date.
Information: Running optimization using a maximum of 8 cores. (OPT-1500)
Information: Evaluating DesignWare library utilization. (UISN-27)

============================================================================
| DesignWare Building Block Library  |         Version         | Available |
============================================================================
| Basic DW Building Blocks           | U-2022.12-DWBB_202212.0 |     *     |
| Licensed DW Building Blocks        | U-2022.12-DWBB_202212.0 |     *     |
============================================================================

====================================================================================================
| Flow Information                                                                                 |
----------------------------------------------------------------------------------------------------
| Flow         | Design Compiler NXT WLM                                                           |
| Comand Line  | compile_ultra                                                                     |
====================================================================================================
| Design Information                                      | Value                                  |
====================================================================================================
| Number of Scenarios                                     | 0                                      |
| Leaf Cell Count                                         | 322                                    |
| Number of User Hierarchies                              | 0                                      |
| Sequential Cell Count                                   | 121                                    |
| Macro Count                                             | 0                                      |
| Number of Power Domains                                 | 0                                      |
| Number of Path Groups                                   | 2                                      |
| Number of VT Class                                      | 0                                      |
| Number of Clocks                                        | 1                                      |
| Number of Dont Touch Cells                              | 76                                     |
| Number of Dont Touch Nets                               | 1                                      |
| Number of Size Only Cells                               | 0                                      |
| Design with UPF Data                                    | false                                  |
----------------------------------------------------------------------------------------------------
| Variables                                               | Value                                  |
----------------------------------------------------------------------------------------------------
| set_fix_multiple_port_nets                              | -all -buffer_constants                 |
====================================================================================================
Information: Sequential output inversion is enabled.  SVF file must be used for formal verification. (OPT-1208)

Information: There are 13 potential problems in your design. Please run 'check_design' for more information. (LINT-99)

  Simplifying Design 'LBP'

  Loading target library 'fast'
Loaded alib file './alib-52/slow.db.alib'
Loaded alib file './alib-52/fast.db.alib'
Warning: Operating condition slow set on design LBP has different process,
voltage and temperatures parameters than the parameters at which target library 
fast is characterized. Delays may be inaccurate as a result. (OPT-998)
  Building model 'DW01_NAND2'
Information: Ungrouping 0 of 1 hierarchies before Pass 1 (OPT-775)
Information: State dependent leakage is now switched from on to off.

  Beginning Pass 1 Mapping
  ------------------------
  Processing 'LBP'
Information: Added key list 'DesignWare' to design 'LBP'. (DDB-72)
 Implement Synthetic for 'LBP'.

  Updating timing information
Information: Updating design information... (UID-85)
Information: The library cell 'HOLDX1' in the library 'slow' is not characterized for internal power. (PWR-536)
Information: The target library(s) contains cell(s), other than black boxes, that are not characterized for internal power. (PWR-24)

  Beginning Mapping Optimizations  (Ultra High effort)
  -------------------------------
  Mapping Optimization (Phase 1)

                                  TOTAL                                                            
   ELAPSED            WORST NEG   SETUP    DESIGN                              LEAKAGE   MIN DELAY 
    TIME      AREA      SLACK     COST    RULE COST         ENDPOINT            POWER      COST    
  --------- --------- --------- --------- --------- ------------------------- --------- -----------
    0:00:06   15772.2      0.00       0.0   28301.6                           13307786.0000      0.00  
    0:00:06   15772.2      0.00       0.0   28301.6                           13307786.0000      0.00  

  Beginning Constant Register Removal
  -----------------------------------
    0:00:06   15772.2      0.00       0.0   28301.6                           13307786.0000      0.00  
    0:00:06   15772.2      0.00       0.0   28301.6                           13307786.0000      0.00  

  Beginning Global Optimizations
  ------------------------------
  Numerical Synthesis (Phase 1)
  Numerical Synthesis (Phase 2)
  Global Optimization (Phase 1)
  Global Optimization (Phase 2)
  Global Optimization (Phase 3)
  Global Optimization (Phase 4)
  Global Optimization (Phase 5)
  Global Optimization (Phase 6)
  Global Optimization (Phase 7)
  Global Optimization (Phase 8)
  Global Optimization (Phase 9)
  Global Optimization (Phase 10)
  Global Optimization (Phase 11)
  Global Optimization (Phase 12)
  Global Optimization (Phase 13)
  Global Optimization (Phase 14)
  Global Optimization (Phase 15)
  Global Optimization (Phase 16)
  Global Optimization (Phase 17)
  Global Optimization (Phase 18)
  Global Optimization (Phase 19)
  Global Optimization (Phase 20)
  Global Optimization (Phase 21)
  Global Optimization (Phase 22)
  Global Optimization (Phase 23)
  Global Optimization (Phase 24)
  Global Optimization (Phase 25)
  Global Optimization (Phase 26)
  Global Optimization (Phase 27)
  Global Optimization (Phase 28)
  Global Optimization (Phase 29)
  Global Optimization (Phase 30)
  Global Optimization (Phase 31)
  Mapping 'LBP_DP_OP_75J1_123_504_2'
  Mapping 'LBP_DP_OP_74J1_122_504_1'

  Beginning Isolate Ports
  -----------------------

  Beginning Delay Optimization
  ----------------------------
    0:00:07    9676.9      0.33       4.2   29173.1                           7977089.5000      0.00  
    0:00:07   10189.5      0.00       0.0   28054.6                           8450185.0000      0.00  
    0:00:07   10189.5      0.00       0.0   28054.6                           8450185.0000      0.00  
    0:00:07   10177.6      0.00       0.0   26947.1                           8467893.0000      0.00  
    0:00:08   10177.6      0.00       0.0   26947.1                           8467893.0000      0.00  
    0:00:08   10177.6      0.00       0.0   26947.1                           8467893.0000      0.00  

  Beginning WLM Backend Optimization
  --------------------------------------
    0:00:08    9867.0      0.00       0.0   26947.1                           8183433.0000      0.00  
    0:00:08    9867.0      0.00       0.0   26947.1                           8183433.0000      0.00  
    0:00:08    9867.0      0.00       0.0   26947.1                           8183433.0000      0.00  
    0:00:08    9738.0      0.00       0.0   26947.1                           8031032.5000      0.00  
    0:00:08    9738.0      0.00       0.0   26947.1                           8031032.5000      0.00  
    0:00:08    9738.0      0.00       0.0   26947.1                           8031032.5000      0.00  
    0:00:08    9738.0      0.00       0.0   26947.1                           8031032.5000      0.00  
    0:00:08    9738.0      0.00       0.0   26947.1                           8031032.5000      0.00  
    0:00:08    9738.0      0.00       0.0   26947.1                           8031032.5000      0.00  
    0:00:08    9738.0      0.00       0.0   26947.1                           8031032.5000      0.00  
    0:00:08    9738.0      0.00       0.0   26947.1                           8031032.5000      0.00  
    0:00:08    9738.0      0.00       0.0   26947.1                           8031032.5000      0.00  
    0:00:08    9738.0      0.00       0.0   26947.1                           8031032.5000      0.00  
    0:00:08    9738.0      0.00       0.0   26947.1                           8031032.5000      0.00  
    0:00:08    9738.0      0.00       0.0   26947.1                           8031032.5000      0.00  
    0:00:08    9738.0      0.00       0.0   26947.1                           8031032.5000      0.00  
    0:00:08    9738.0      0.00       0.0   26947.1                           8031032.5000      0.00  
    0:00:08    9738.0      0.00       0.0   26947.1                           8031032.5000      0.00  
    0:00:08    9738.0      0.00       0.0   26947.1                           8031032.5000      0.00  
    0:00:08    9738.0      0.00       0.0   26947.1                           8031032.5000      0.00  
    0:00:08    9738.0      0.00       0.0   26947.1                           8031032.5000      0.00  
    0:00:08    9738.0      0.00       0.0   26947.1                           8031032.5000      0.00  


  Beginning Design Rule Fixing  (max_transition)  (max_capacitance)
  ----------------------------

                                  TOTAL                                                            
   ELAPSED            WORST NEG   SETUP    DESIGN                              LEAKAGE   MIN DELAY 
    TIME      AREA      SLACK     COST    RULE COST         ENDPOINT            POWER      COST    
  --------- --------- --------- --------- --------- ------------------------- --------- -----------
    0:00:08    9738.0      0.00       0.0   26947.1                           8031032.5000      0.00  
  Global Optimization (Phase 32)
  Global Optimization (Phase 33)
  Global Optimization (Phase 34)
    0:00:08    9865.3      0.00       0.0       0.0                           8182369.0000      0.00  
    0:00:08    9865.3      0.00       0.0       0.0                           8182369.0000      0.00  


  Beginning Leakage Power Optimization  (max_leakage_power 0)
  ------------------------------------

                                  TOTAL                                                            
   ELAPSED            WORST NEG   SETUP    DESIGN                              LEAKAGE   MIN DELAY 
    TIME      AREA      SLACK     COST    RULE COST         ENDPOINT            POWER      COST    
  --------- --------- --------- --------- --------- ------------------------- --------- -----------
    0:00:08    9865.3      0.00       0.0       0.0                           8182369.0000      0.00  
    0:00:08    9865.3      0.00       0.0       0.0                           8182369.0000      0.00  
    0:00:08    9865.3      0.00       0.0       0.0                           8182369.0000      0.00  
    0:00:08    9865.3      0.00       0.0       0.0                           8182369.0000      0.00  
    0:00:08    9851.7      0.00       0.0       0.0                           8166569.0000      0.00  
    0:00:08    9851.7      0.00       0.0       0.0                           8166569.0000      0.00  
    0:00:08    9851.7      0.00       0.0       0.0                           8166569.0000      0.00  
    0:00:08    9851.7      0.00       0.0       0.0                           8166569.0000      0.00  
    0:00:08    9851.7      0.00       0.0       0.0                           8166569.0000      0.00  
    0:00:08    9851.7      0.00       0.0       0.0                           8166569.0000      0.00  
    0:00:08    9851.7      0.00       0.0       0.0                           8166569.0000      0.00  
    0:00:08    9851.7      0.00       0.0       0.0                           8166569.0000      0.00  
    0:00:08    9851.7      0.00       0.0       0.0                           8166569.0000      0.00  
    0:00:08    9851.7      0.00       0.0       0.0                           8166569.0000      0.00  
    0:00:08    9851.7      0.00       0.0       0.0                           8166569.0000      0.00  
    0:00:08    9851.7      0.00       0.0       0.0                           8166569.0000      0.00  
    0:00:08    9851.7      0.00       0.0       0.0                           8166569.0000      0.00  
    0:00:08    9851.7      0.00       0.0       0.0                           8166569.0000      0.00  
    0:00:08    9851.7      0.00       0.0       0.0                           8166569.0000      0.00  
    0:00:08    9851.7      0.00       0.0       0.0                           8166569.0000      0.00  
    0:00:08    9851.7      0.00       0.0       0.0                           8166569.0000      0.00  
    0:00:08    9851.7      0.00       0.0       0.0                           8166569.0000      0.00  
    0:00:08    9851.7      0.00       0.0       0.0                           8166569.0000      0.00  
    0:00:08    9865.3      0.00       0.0       0.0                           8180007.5000      0.00  

                                  TOTAL                                                            
   ELAPSED            WORST NEG   SETUP    DESIGN                              LEAKAGE   MIN DELAY 
    TIME      AREA      SLACK     COST    RULE COST         ENDPOINT            POWER      COST    
  --------- --------- --------- --------- --------- ------------------------- --------- -----------
    0:00:08    9865.3      0.00       0.0       0.0                           8180007.5000      0.00  
    0:00:09    9437.5      0.00       0.0       0.0                           7773900.0000      0.00  
    0:00:09    9440.9      0.00       0.0       0.0                           7771936.5000      0.00  
    0:00:09    9440.9      0.00       0.0       0.0                           7771936.5000      0.00  
    0:00:09    9440.9      0.00       0.0       0.0                           7771936.5000      0.00  
    0:00:09    9320.4      0.00       0.0       0.0                           7641726.0000      0.00  
    0:00:09    9320.4      0.00       0.0       0.0                           7641726.0000      0.00  
    0:00:09    9320.4      0.00       0.0       0.0                           7641726.0000      0.00  
    0:00:09    9320.4      0.00       0.0       0.0                           7641726.0000      0.00  
    0:00:09    9320.4      0.00       0.0       0.0                           7641726.0000      0.00  
    0:00:09    9320.4      0.00       0.0       0.0                           7641726.0000      0.00  
    0:00:09    9104.9      0.00       0.0       0.0                           7504923.0000      0.00  
Loading db file '/home/cell_library/CBDK_IC_Contest_v2.5/SynopsysDC/db/slow.db'
Loading db file '/home/cell_library/CBDK_IC_Contest_v2.5/SynopsysDC/db/fast.db'


Note: Symbol # after min delay cost means estimated hold TNS across all active scenarios 


  Optimization Complete
  ---------------------
  Loading target library 'fast'
Information: State dependent leakage is now switched from off to on.
Information: Propagating switching activity (low effort zero delay simulation). (PWR-6)
1
#uniquify
#compile
#======================================================
#  (F) Output Reports 
#======================================================
report_design  >  Report/$DESIGN\.design
report_resource >  Report/$DESIGN\.resource
report_timing -max_paths 3 >  Report/$DESIGN\.timing
report_area >  Report/$DESIGN\.area
report_power > Report/$DESIGN\.power
report_clock > Report/$DESIGN\.clock
report_port >  Report/$DESIGN\.port
report_power >  Report/$DESIGN\.power
#report_reference > Report/$DESIGN\.reference
#======================================================
#  (G) Change Naming Rule
#======================================================
set bus_inference_style "%s\[%d\]"
%s[%d]
set bus_naming_style "%s\[%d\]"
%s[%d]
set hdlout_internal_busses true
true
change_names -hierarchy -rule verilog
1
define_name_rules name_rule -allowed "a-z A-Z 0-9 _" -max_length 255 -type cell
1
define_name_rules name_rule -allowed "a-z A-Z 0-9 _[]" -max_length 255 -type net
1
define_name_rules name_rule -map {{"\\*cell\\*" "cell"}}
1
define_name_rules name_rule -case_insensitive
1
change_names -hierarchy -rules name_rule
1
#======================================================
#  (H) Output Results
#======================================================
set verilogout_higher_designs_first true
true
write -format verilog -output Netlist/$DESIGN\_SYN.v -hierarchy
Writing verilog file '/home/M13/m0bochun/IC_Contest/2016/2016_grad_cell/02_SYN/Netlist/LBP_SYN.v'.
1
write -format ddc     -hierarchy -output $DESIGN\_SYN.ddc
Writing ddc file 'LBP_SYN.ddc'.
1
write_sdf -version 3.0 -context verilog -load_delay cell Netlist/$DESIGN\_SYN.sdf -significant_digits 6
Information: Writing timing information to file '/home/M13/m0bochun/IC_Contest/2016/2016_grad_cell/02_SYN/Netlist/LBP_SYN.sdf'. (WT-3)
1
write_sdc Netlist/$DESIGN\_SYN.sdc
1
#======================================================
#  (I) Finish and Quit
#======================================================
report_area
 
****************************************
Report : area
Design : LBP
Version: U-2022.12
Date   : Sun Jan 26 14:49:07 2025
****************************************

Library(s) Used:

    slow (File: /home/cell_library/CBDK_IC_Contest_v2.5/SynopsysDC/db/slow.db)

Number of ports:                           50
Number of nets:                           724
Number of cells:                          633
Number of combinational cells:            510
Number of sequential cells:               121
Number of macros/black boxes:               0
Number of buf/inv:                        111
Number of references:                      87

Combinational area:               5019.211810
Buf/Inv area:                      987.886803
Noncombinational area:            4085.641710
Macro/Black Box area:                0.000000
Net Interconnect area:           76487.053864

Total cell area:                  9104.853520
Total area:                      85591.907384
1
report_timing 
 
****************************************
Report : timing
        -path full
        -delay max
        -max_paths 1
Design : LBP
Version: U-2022.12
Date   : Sun Jan 26 14:49:07 2025
****************************************

Operating Conditions: slow   Library: slow
Wire Load Model Mode: top

  Startpoint: addr_y_reg_3_
              (rising edge-triggered flip-flop clocked by clk)
  Endpoint: gray_addr_reg_13_
            (rising edge-triggered flip-flop clocked by clk)
  Path Group: clk
  Path Type: max

  Des/Clust/Port     Wire Load Model       Library
  ------------------------------------------------
  LBP                tsmc13_wl10           slow

  Point                                    Incr       Path
  -----------------------------------------------------------
  clock clk (rise edge)                    0.00       0.00
  clock network delay (ideal)              0.50       0.50
  addr_y_reg_3_/CK (DFFRX2)                0.00       0.50 r
  addr_y_reg_3_/Q (DFFRX2)                 0.51       1.01 r
  U550/Y (NAND2X2)                         0.13       1.13 f
  U381/Y (NOR3X2)                          0.26       1.39 r
  U551/Y (NAND2BX4)                        0.15       1.54 f
  U417/Y (INVX8)                           0.17       1.71 r
  U377/Y (NOR2X6)                          0.10       1.81 f
  U411/Y (INVX3)                           0.09       1.90 r
  U589/Y (CLKMX2X6)                        0.17       2.07 r
  U536/Y (CLKINVX1)                        0.15       2.22 f
  U364/Y (NAND2X4)                         0.19       2.40 r
  U355/Y (INVX4)                           0.12       2.53 f
  U387/Y (NOR2X2)                          0.23       2.76 r
  U611/Y (NAND2X2)                         0.17       2.93 f
  U612/Y (NOR2X2)                          0.23       3.17 r
  U613/Y (NAND2X1)                         0.24       3.41 f
  U614/Y (NOR2X2)                          0.18       3.59 r
  U615/Y (XNOR2X1)                         0.23       3.82 f
  U642/Y (AO22X2)                          0.32       4.14 f
  gray_addr_reg_13_/D (DFFQX1)             0.00       4.14 f
  data arrival time                                   4.14

  clock clk (rise edge)                    4.00       4.00
  clock network delay (ideal)              0.50       4.50
  clock uncertainty                       -0.10       4.40
  gray_addr_reg_13_/CK (DFFQX1)            0.00       4.40 r
  library setup time                      -0.26       4.14
  data required time                                  4.14
  -----------------------------------------------------------
  data required time                                  4.14
  data arrival time                                  -4.14
  -----------------------------------------------------------
  slack (MET)                                         0.00


1
exit

Memory usage for this session 329 Mbytes.
Memory usage for this session including child processes 582 Mbytes.
CPU usage for this session 19 seconds ( 0.01 hours ).
Elapsed time for this session 18 seconds ( 0.00 hours ).

Thank you...

