Command: vcs -timescale=1ns/1fs -j8 -sverilog +v2k -full64 -Mupdate -R -debug_access+all \
-y /usr/cad/synopsys/synthesis/cur/dw/sim_ver/ +libext+.v -f filelist.f -o simv -l \
vcs.log -P /usr/cad/synopsys/verdi/2023.03//share/PLI/VCS/linux64/novas.tab /usr/cad/synopsys/verdi/2023.03//share/PLI/VCS/linux64/pli.a \
+define+RTL +notimingchecks
*** Using c compiler gcc instead of cc ...
                         Chronologic VCS (TM)
         Version U-2023.03_Full64 -- Wed Jan 29 02:58:09 2025

                    Copyright (c) 1991 - 2023 Synopsys, Inc.
   This software and the associated documentation are proprietary to Synopsys,
 Inc. This software may only be used in accordance with the terms and conditions
 of a written license agreement with Synopsys, Inc. All other use, reproduction,
   or distribution of this software is strictly prohibited.  Licensed Products
     communicate with Synopsys servers for the purpose of providing software
    updates, detecting software piracy and verifying that customers are using
    Licensed Products in conformity with the applicable License Key for such
  Licensed Products. Synopsys will use information gathered in connection with
    this process to deliver software updates and pursue software pirates and
                                   infringers.

 Inclusivity & Diversity - Visit SolvNetPlus to read the "Synopsys Statement on
            Inclusivity and Diversity" (Refer to article 000036315 at
                        https://solvnetplus.synopsys.com)

Parsing design file 'tb_term.sv'
Parsing included file 'SME.v'.
Back to file 'tb_term.sv'.
Top Level Modules:
       testfixture
TimeScale is 1 ns / 10 ps
Starting vcs inline pass...


Note-[VCS_PARAL] Parallel code-gen enabled
  VCS is running with parallel code generation(-j)...

1 module and 0 UDP read.
recompiling module testfixture
make[1]: Entering directory `/home/M13/m0bochun/IC_Contest/2020/2020_grad_cell/01_RTL/csrc' \

rm -f _cuarc*.so _csrc*.so pre_vcsobj_*.so share_vcsobj_*.so
if [ -x ../simv ]; then chmod a-x ../simv; fi
g++  -o ../simv      -rdynamic  -Wl,-rpath='$ORIGIN'/simv.daidir -Wl,-rpath=./simv.daidir \
-Wl,-rpath=/usr/cad/synopsys/vcs/2023.03/linux64/lib -L/usr/cad/synopsys/vcs/2023.03/linux64/lib \
-Wl,-rpath-link=./  /usr/lib64/libnuma.so.1   objs/amcQw_d.o   _28699_archive_1.so \
_28720_archive_1.so _prev_archive_1.so  SIM_l.o      rmapats_mop.o rmapats.o rmar.o \
rmar_nd.o  rmar_llvm_0_1.o rmar_llvm_0_0.o            -lvirsim -lerrorinf -lsnpsmalloc \
-lvfs /usr/cad/synopsys/verdi/2023.03//share/PLI/VCS/linux64/pli.a    -lvcsnew -lsimprofile \
-luclinative /usr/cad/synopsys/vcs/2023.03/linux64/lib/vcs_tls.o   -Wl,-whole-archive \
-lvcsucli    -Wl,-no-whole-archive        _vcs_pli_stub_.o   /usr/cad/synopsys/vcs/2023.03/linux64/lib/vcs_save_restore_new.o \
/usr/cad/synopsys/verdi/2023.03/share/PLI/VCS/LINUX64/pli.a -ldl -lm  -lc -lpthread \
-ldl 
../simv up to date
make[1]: Leaving directory `/home/M13/m0bochun/IC_Contest/2020/2020_grad_cell/01_RTL/csrc' \

Command: /home/M13/m0bochun/IC_Contest/2020/2020_grad_cell/01_RTL/./simv +v2k +libext+.v -a vcs.log +define+RTL +notimingchecks
Chronologic VCS simulator copyright 1991-2023
Contains Synopsys proprietary information.
Compiler version U-2023.03_Full64; Runtime version U-2023.03_Full64;  Jan 29 02:58 2025
*Verdi* Loading libsscore_vcs202303.so
FSDB Dumper for VCS, Release Verdi_U-2023.03, Linux x86_64/64bit, 02/16/2023
(C) 1996 - 2023 by Synopsys, Inc.
*Verdi* FSDB WARNING: The FSDB file already exists. Overwriting the FSDB file may crash the programs that are using this file.
*Verdi* : Create FSDB file 'SME.fsdb'
*Verdi* : Begin traversing the scopes, layer (0).
*Verdi* : Enable +mda dumping.
*Verdi* : End of traversing.
*Verdi* : Begin traversing the scopes, layer (0).
*Verdi* : End of traversing.
----------------------
-- Simulation Start --
----------------------
  __________________________________________________________
  == String 1  "abcdijk lmnop q rstuv"
  -- Pattern 1  "1234"
       cycle 36, expect(0,00) , get(0,16) >> Pass
  -- Pattern 2  "abcd"
       cycle 41, expect(1,00) , get(1,00) >> Pass
  -- Pattern 3  "dijk"
       cycle 4f, expect(1,03) , get(1,03) >> Pass
  -- Pattern 4  "pqrst"
       cycle 6e, expect(0,00) , get(0,16) >> Pass
  -- Pattern 5  "pqr.t"
       cycle 8d, expect(0,00) , get(0,16) >> Pass
  -- Pattern 6  "c...k"
       cycle 9c, expect(1,02) , get(1,02) >> Pass
  -- Pattern 7  "^lmno"
       cycle b1, expect(1,08) , get(1,08) >> Pass
  -- Pattern 8  "rstuv$"
       cycle d0, expect(1,10) , get(1,10) >> Pass
  -- Pattern 9  "^rmn"
       cycle f2, expect(0,00) , get(0,16) >> Pass
  -- Pattern a  "ijk l$"
       cycle 116, expect(0,00) , get(0,16) >> Pass
  -- Pattern b  "v"
       cycle 12f, expect(1,14) , get(1,14) >> Pass
  -- Pattern c  "lmnoprst"
       cycle 155, expect(0,00) , get(0,16) >> Pass
  -- Pattern d  "^ijk$"
       cycle 177, expect(0,00) , get(0,16) >> Pass
  -- Pattern e  "^q$"
       cycle 18f, expect(1,0e) , get(1,0e) >> Pass
  __________________________________________________________
  == String 2  "2x1=2 2x2=4 2x3=6"
  -- Pattern 1  "^2.2.2"
       cycle 1c6, expect(0,00) , get(0,12) >> Pass
  -- Pattern 2  "2.2.2"
       cycle 1d9, expect(1,04) , get(1,04) >> Pass
  -- Pattern 3  "^2.2.4$"
       cycle 1f2, expect(1,06) , get(1,06) >> Pass
  -- Pattern 4  "."
       cycle 1f6, expect(1,00) , get(1,00) >> Pass
  -- Pattern 5  "^.."
       cycle 1fe, expect(1,00) , get(1,00) >> Pass
  -- Pattern 6  "^.$"
       cycle 21c, expect(0,00) , get(0,12) >> Pass
  -- Pattern 7  "2.$"
       cycle 23e, expect(0,00) , get(0,12) >> Pass
  -- Pattern 8  "2x4=7"
       cycle 260, expect(0,00) , get(0,12) >> Pass
  -- Pattern 9  "3=6-3"
       cycle 27a, expect(0,00) , get(0,0f) >> Pass
  -- Pattern a  "1.2=2"
       cycle 297, expect(0,00) , get(0,12) >> Pass
  -- Pattern b  "2*2=4"
       cycle 2ac, expect(1,00) , get(1,00) >> Pass
  __________________________________________________________
  == String 3  "She sees cheese"
  -- Pattern 1  "ees."
       cycle 2cc, expect(1,05) , get(1,05) >> Pass
  -- Pattern 2  "ees.$"
       cycle 2ea, expect(1,0b) , get(1,0b) >> Pass
  -- Pattern 3  "e..se"
       cycle 30e, expect(0,00) , get(0,0d) >> Pass
  -- Pattern 4  "e..ee$"
       cycle 332, expect(0,00) , get(0,0c) >> Pass
  -- Pattern 5  "^ees*"
       cycle 34d, expect(0,00) , get(0,10) >> Pass
  -- Pattern 6  "hee*se"
       cycle 366, expect(1,0a) , get(1,0a) >> Pass
  -- Pattern 7  "he.s"
       cycle 372, expect(1,01) , get(1,01) >> Pass
  -- Pattern 8  "*see$"
       cycle 38e, expect(0,00) , get(0,1f) >> Pass
  -- Pattern 9  "se*ce"
       cycle 3a7, expect(0,00) , get(0,04) >> Pass
  __________________________________________________________
  == String 4  "But she said the butter's bitter"
  -- Pattern 1  "sa*said"
       cycle 3f4, expect(0,00) , get(0,08) >> Pass
  -- Pattern 2  "b*tter"
       cycle 414, expect(1,11) , get(1,11) >> Pass
  -- Pattern 3  "b*tter$"
       cycle 444, expect(1,11) , get(1,11) >> Pass
  -- Pattern 4  "ut*r"
       cycle 462, expect(1,01) , get(1,01) >> Pass
  -- Pattern 5  "ut*tted"
       cycle 496, expect(0,00) , get(0,01) >> Pass
  -- Pattern 6  "^ut*tter"
       cycle 4c8, expect(0,00) , get(0,01) >> Pass
  -- Pattern 7  "*tered"
       cycle 4f9, expect(0,00) , get(0,1f) >> Pass
  __________________________________________________________
  == String 5  "He threw three free throws"
  -- Pattern 1  "thr*the$"
       cycle 53d, expect(0,00) , get(0,03) >> Pass
  -- Pattern 2  "^thro*th"
       cycle 56d, expect(0,00) , get(0,13) >> Pass
  -- Pattern 3  ".ree th"
       cycle 5a3, expect(1,0f) , get(1,0f) >> Pass
  -- Pattern 4  ".ree  fr"
       cycle 5ee, expect(0,00) , get(0,1b) >> Pass
  -- Pattern 5  ".ree *re"
       cycle 618, expect(1,0a) , get(1,0a) >> Pass
  -- Pattern 6  "re. thr"
       cycle 62e, expect(1,05) , get(1,05) >> Pass
  -- Pattern 7  "ee*ee fr"
       cycle 65a, expect(0,00) , get(0,0c) >> Pass
  -- Pattern 8  "ee*ee th"
       cycle 67d, expect(1,0c) , get(1,0c) >> Pass
  -- Pattern 9  "re*ee.$"
       cycle 6aa, expect(0,00) , get(0,05) >> Pass
  -- Pattern a  "^...$"
       cycle 6e1, expect(0,00) , get(0,1b) >> Pass
  -- Pattern b  "^....$"
       cycle 70d, expect(1,0f) , get(1,0f) >> Pass
----------------------------------
-- Simulation finish, ALL PASS  --
-- cycle =1806 , Score =100       --
----------------------------------
$finish called from file "tb_term.sv", line 207.
$finish at simulation time               632100
           V C S   S i m u l a t i o n   R e p o r t 
Time: 6321000 ps
CPU Time:      0.480 seconds;       Data structure size:   0.0Mb
Wed Jan 29 02:58:12 2025
CPU time: .783 seconds to compile + .526 seconds to elab + .490 seconds to link + .531 seconds in simulation
