Command: vcs -timescale=1ns/1fs -j8 -sverilog +v2k -full64 -Mupdate -R -debug_access+all \
-y /usr/cad/synopsys/synthesis/cur/dw/sim_ver/ +libext+.v -f filelist.f -o simv -l \
vcs.log -P /usr/cad/synopsys/verdi/2023.03//share/PLI/VCS/linux64/novas.tab /usr/cad/synopsys/verdi/2023.03//share/PLI/VCS/linux64/pli.a \
+define+RTL +notimingchecks
*** Using c compiler gcc instead of cc ...
                         Chronologic VCS (TM)
         Version U-2023.03_Full64 -- Wed Jan 29 21:37:30 2025

                    Copyright (c) 1991 - 2023 Synopsys, Inc.
   This software and the associated documentation are proprietary to Synopsys,
 Inc. This software may only be used in accordance with the terms and conditions
 of a written license agreement with Synopsys, Inc. All other use, reproduction,
   or distribution of this software is strictly prohibited.  Licensed Products
     communicate with Synopsys servers for the purpose of providing software
    updates, detecting software piracy and verifying that customers are using
    Licensed Products in conformity with the applicable License Key for such
  Licensed Products. Synopsys will use information gathered in connection with
    this process to deliver software updates and pursue software pirates and
                                   infringers.

 Inclusivity & Diversity - Visit SolvNetPlus to read the "Synopsys Statement on
            Inclusivity and Diversity" (Refer to article 000036315 at
                        https://solvnetplus.synopsys.com)

Parsing design file 'tb.sv'
Parsing included file 'geofence.v'.
Back to file 'tb.sv'.
Top Level Modules:
       testfixture
TimeScale is 1 ns / 10 ps
Starting vcs inline pass...


Note-[VCS_PARAL] Parallel code-gen enabled
  VCS is running with parallel code generation(-j)...

1 module and 0 UDP read.
recompiling module testfixture
make[1]: Entering directory `/home/M13/m0bochun/IC_Contest/2021/2021_univ_cell/01_RTL/csrc' \

rm -f _cuarc*.so _csrc*.so pre_vcsobj_*.so share_vcsobj_*.so
if [ -x ../simv ]; then chmod a-x ../simv; fi
g++  -o ../simv      -rdynamic  -Wl,-rpath='$ORIGIN'/simv.daidir -Wl,-rpath=./simv.daidir \
-Wl,-rpath=/usr/cad/synopsys/vcs/2023.03/linux64/lib -L/usr/cad/synopsys/vcs/2023.03/linux64/lib \
-Wl,-rpath-link=./  /usr/lib64/libnuma.so.1   objs/amcQw_d.o   _2230_archive_1.so \
_2254_archive_1.so _prev_archive_1.so  SIM_l.o      rmapats_mop.o rmapats.o rmar.o \
rmar_nd.o  rmar_llvm_0_1.o rmar_llvm_0_0.o            -lvirsim -lerrorinf -lsnpsmalloc \
-lvfs /usr/cad/synopsys/verdi/2023.03//share/PLI/VCS/linux64/pli.a    -lvcsnew -lsimprofile \
-luclinative /usr/cad/synopsys/vcs/2023.03/linux64/lib/vcs_tls.o   -Wl,-whole-archive \
-lvcsucli    -Wl,-no-whole-archive        _vcs_pli_stub_.o   /usr/cad/synopsys/vcs/2023.03/linux64/lib/vcs_save_restore_new.o \
/usr/cad/synopsys/verdi/2023.03/share/PLI/VCS/LINUX64/pli.a -ldl -lm  -lc -lpthread \
-ldl 
../simv up to date
make[1]: Leaving directory `/home/M13/m0bochun/IC_Contest/2021/2021_univ_cell/01_RTL/csrc' \

Command: /home/M13/m0bochun/IC_Contest/2021/2021_univ_cell/01_RTL/./simv +v2k +libext+.v -a vcs.log +define+RTL +notimingchecks
Chronologic VCS simulator copyright 1991-2023
Contains Synopsys proprietary information.
Compiler version U-2023.03_Full64; Runtime version U-2023.03_Full64;  Jan 29 21:37 2025
*Verdi* Loading libsscore_vcs202303.so
FSDB Dumper for VCS, Release Verdi_U-2023.03, Linux x86_64/64bit, 02/16/2023
(C) 1996 - 2023 by Synopsys, Inc.
*Verdi* FSDB WARNING: The FSDB file already exists. Overwriting the FSDB file may crash the programs that are using this file.
*Verdi* : Create FSDB file 'geofence.fsdb'
*Verdi* : Begin traversing the scopes, layer (0).
*Verdi* : Enable +mda dumping.
*Verdi* : End of traversing.
*Verdi* : Begin traversing the scopes, layer (0).
*Verdi* : End of traversing.
----------------------
-- Simulation Start --
----------------------
Scenario1(in):     X     Y
        Object:   220,  320
           AP1:   103,  340
           AP2:   755,  510
           AP3:   103,   50
           AP4:   982,  280
           AP5:   298,  560
           AP6:   710,   50
Object1: Golde/Return => 1/1, PASS/n
Scenario2(out):    X     Y
        Object:   220,  720
           AP1:   298,  560
           AP2:   103,   50
           AP3:   103,  340
           AP4:   710,   50
           AP5:   755,  510
           AP6:   982,  280
Object2: Golde/Return => 0/0, PASS/n
Scenario3(out):    X     Y
        Object:   140,  160
           AP1:   400,   80
           AP2:   300,  800
           AP3:   980,  120
           AP4:   710,  620
           AP5:   103,  500
           AP6:   130,  210
Object3: Golde/Return => 0/0, PASS/n
Scenario4(in):     X     Y
        Object:   140,  160
           AP1:   298,  560
           AP2:   755,  510
           AP3:   103,   50
           AP4:   710,   50
           AP5:   982,  280
           AP6:   103,  340
Object4: Golde/Return => 1/1, PASS/n
Scenario5(in):     X     Y
        Object:   410,  510
           AP1:   755,  510
           AP2:   982,  280
           AP3:   298,  560
           AP4:   710,   50
           AP5:   103,   50
           AP6:   103,  340
Object5: Golde/Return => 1/1, PASS/n
Scenario6(out):    X     Y
        Object:    20,  625
           AP1:   755,  510
           AP2:   103,  340
           AP3:   710,   50
           AP4:   982,  280
           AP5:   298,  560
           AP6:   103,   50
Object6: Golde/Return => 0/0, PASS/n
Scenario7(out):    X     Y
        Object:   850,  100
           AP1:   103,   50
           AP2:   710,   50
           AP3:   298,  560
           AP4:   755,  510
           AP5:   982,  280
           AP6:   103,  340
Object7: Golde/Return => 0/0, PASS/n
Scenario8(out):    X     Y
        Object:    20,  625
           AP1:   300,  800
           AP2:   710,  620
           AP3:   400,   80
           AP4:   103,  500
           AP5:   130,  210
           AP6:   980,  120
Object8: Golde/Return => 0/0, PASS/n
Scenario9(in):     X     Y
        Object:   341,  996
           AP1:   302,  423
           AP2:   503,  521
           AP3:   694,  768
           AP4:    10,  664
           AP5:    43, 1003
           AP6:   694, 1023
Object9: Golde/Return => 1/1, PASS/n
Scenario10(out):    X     Y
        Object:  1021,  680
           AP1:   710,  620
           AP2:   980,  120
           AP3:   130,  210
           AP4:   400,   80
           AP5:   103,  500
           AP6:   300,  800
Object10: Golde/Return => 0/0, PASS/n
Scenario11(in):     X     Y
        Object:   152,  700
           AP1:   302,  423
           AP2:   694,  768
           AP3:   694, 1023
           AP4:   503,  521
           AP5:    43, 1003
           AP6:    10,  664
Object11: Golde/Return => 1/1, PASS/n
Scenario12(in):     X     Y
        Object:   500,  675
           AP1:   980,  120
           AP2:   710,  620
           AP3:   103,  500
           AP4:   130,  210
           AP5:   300,  800
           AP6:   400,   80
Object12: Golde/Return => 1/1, PASS/n
Scenario13(out):    X     Y
        Object:   632,  635
           AP1:   694, 1023
           AP2:    10,  664
           AP3:   503,  521
           AP4:   694,  768
           AP5:   302,  423
           AP6:    43, 1003
Object13: Golde/Return => 0/0, PASS/n
Scenario14(in):     X     Y
        Object:   336,  492
           AP1:   321,  870
           AP2:  1010,  643
           AP3:   321,  127
           AP4:   432,  123
           AP5:   567, 1003
           AP6:   970,  280
Object14: Golde/Return => 1/1, PASS/n
Scenario15(out):    X     Y
        Object:   420,  710
           AP1:   755,  510
           AP2:   103,   50
           AP3:   103,  340
           AP4:   298,  560
           AP5:   982,  280
           AP6:   710,   50
Object15: Golde/Return => 0/0, PASS/n
Scenario16(out):    X     Y
        Object:   898,  992
           AP1:   300,  800
           AP2:   980,  120
           AP3:   130,  210
           AP4:   400,   80
           AP5:   103,  500
           AP6:   710,  620
Object16: Golde/Return => 0/0, PASS/n
Scenario17(out):    X     Y
        Object:   872,  343
           AP1:   103,  500
           AP2:   130,  210
           AP3:   400,   80
           AP4:   710,  620
           AP5:   980,  120
           AP6:   300,  800
Object17: Golde/Return => 0/0, PASS/n
Scenario18(in):     X     Y
        Object:   500,  675
           AP1:   503,  521
           AP2:   694,  768
           AP3:   694, 1023
           AP4:    43, 1003
           AP5:    10,  664
           AP6:   302,  423
Object18: Golde/Return => 1/1, PASS/n
Scenario19(in):     X     Y
        Object:   623,  870
           AP1:    43, 1003
           AP2:   302,  423
           AP3:    10,  664
           AP4:   694, 1023
           AP5:   694,  768
           AP6:   503,  521
Object19: Golde/Return => 1/1, PASS/n
Scenario20(in):     X     Y
        Object:   220,  320
           AP1:   980,  120
           AP2:   103,  500
           AP3:   710,  620
           AP4:   130,  210
           AP5:   300,  800
           AP6:   400,   80
Object20: Golde/Return => 1/1, PASS/n
Scenario21(out):    X     Y
        Object:   400,  957
           AP1:   432,  123
           AP2:   321,  127
           AP3:   567, 1003
           AP4:   321,  870
           AP5:   970,  280
           AP6:  1010,  643
Object21: Golde/Return => 0/0, PASS/n
Scenario22(in):     X     Y
        Object:   872,  225
           AP1:   710,   50
           AP2:   103,  340
           AP3:   982,  280
           AP4:   755,  510
           AP5:   298,  560
           AP6:   103,   50
Object22: Golde/Return => 1/1, PASS/n
Scenario23(in):     X     Y
        Object:   400,  210
           AP1:   982,  280
           AP2:   103,   50
           AP3:   755,  510
           AP4:   710,   50
           AP5:   103,  340
           AP6:   298,  560
Object23: Golde/Return => 1/1, PASS/n
Scenario24(in):     X     Y
        Object:   300,  492
           AP1:   503,  521
           AP2:    43, 1003
           AP3:   302,  423
           AP4:    10,  664
           AP5:   694, 1023
           AP6:   694,  768
Object24: Golde/Return => 1/1, PASS/n
Scenario25(out):    X     Y
        Object:   782,  926
           AP1:   321,  127
           AP2:   567, 1003
           AP3:   970,  280
           AP4:  1010,  643
           AP5:   432,  123
           AP6:   321,  870
Object25: Golde/Return => 0/0, PASS/n
Scenario26(in):     X     Y
        Object:   623,  870
           AP1:   970,  280
           AP2:   432,  123
           AP3:  1010,  643
           AP4:   321,  127
           AP5:   321,  870
           AP6:   567, 1003
Object26: Golde/Return => 1/1, PASS/n
Scenario27(out):    X     Y
        Object:   500,  800
           AP1:   755,  510
           AP2:   103,   50
           AP3:   982,  280
           AP4:   710,   50
           AP5:   103,  340
           AP6:   298,  560
Object27: Golde/Return => 0/0, PASS/n
Scenario28(out):    X     Y
        Object:    20,  625
           AP1:   503,  521
           AP2:   302,  423
           AP3:   694, 1023
           AP4:    10,  664
           AP5:    43, 1003
           AP6:   694,  768
Object28: Golde/Return => 0/0, PASS/n
Scenario29(out):    X     Y
        Object:   220,  620
           AP1:   567, 1003
           AP2:   970,  280
           AP3:   321,  870
           AP4:   432,  123
           AP5:  1010,  643
           AP6:   321,  127
Object29: Golde/Return => 0/0, PASS/n
Scenario30(in):     X     Y
        Object:   872,  343
           AP1:   103,  340
           AP2:   710,   50
           AP3:   103,   50
           AP4:   298,  560
           AP5:   755,  510
           AP6:   982,  280
Object30: Golde/Return => 1/1, PASS/n
Scenario31(out):    X     Y
        Object:   100,  100
           AP1:   503,  521
           AP2:   694, 1023
           AP3:    10,  664
           AP4:    43, 1003
           AP5:   694,  768
           AP6:   302,  423
Object31: Golde/Return => 0/0, PASS/n
Scenario32(out):    X     Y
        Object:   973,  768
           AP1:   694, 1023
           AP2:    10,  664
           AP3:   503,  521
           AP4:    43, 1003
           AP5:   302,  423
           AP6:   694,  768
Object32: Golde/Return => 0/0, PASS/n
Scenario33(in):     X     Y
        Object:   632,  635
           AP1:   321,  870
           AP2:  1010,  643
           AP3:   567, 1003
           AP4:   970,  280
           AP5:   321,  127
           AP6:   432,  123
Object33: Golde/Return => 1/1, PASS/n
Scenario34(in):     X     Y
        Object:   410,  510
           AP1:   103,  500
           AP2:   400,   80
           AP3:   130,  210
           AP4:   710,  620
           AP5:   980,  120
           AP6:   300,  800
Object34: Golde/Return => 1/1, PASS/n
Scenario35(in):     X     Y
        Object:   220,  620
           AP1:   503,  521
           AP2:    43, 1003
           AP3:   694, 1023
           AP4:    10,  664
           AP5:   694,  768
           AP6:   302,  423
Object35: Golde/Return => 1/1, PASS/n
Scenario36(out):    X     Y
        Object:  1021,   50
           AP1:   103,   50
           AP2:   298,  560
           AP3:   710,   50
           AP4:   103,  340
           AP5:   982,  280
           AP6:   755,  510
Object36: Golde/Return => 0/0, PASS/n
Scenario37(out):    X     Y
        Object:   782,  926
           AP1:    10,  664
           AP2:   694,  768
           AP3:    43, 1003
           AP4:   694, 1023
           AP5:   302,  423
           AP6:   503,  521
Object37: Golde/Return => 0/0, PASS/n
Scenario38(out):    X     Y
        Object:   300,  910
           AP1:   400,   80
           AP2:   300,  800
           AP3:   103,  500
           AP4:   980,  120
           AP5:   130,  210
           AP6:   710,  620
Object38: Golde/Return => 0/0, PASS/n
Scenario39(in):     X     Y
        Object:   641,  220
           AP1:   321,  870
           AP2:   567, 1003
           AP3:   321,  127
           AP4:   432,  123
           AP5:   970,  280
           AP6:  1010,  643
Object39: Golde/Return => 1/1, PASS/n
Scenario40(in):     X     Y
        Object:   872,  225
           AP1:   400,   80
           AP2:   103,  500
           AP3:   710,  620
           AP4:   130,  210
           AP5:   300,  800
           AP6:   980,  120
Object40: Golde/Return => 1/1, PASS/n
Scenario41(out):    X     Y
        Object:   645,  166
           AP1:   970,  280
           AP2:   321,  870
           AP3:   432,  123
           AP4:   321,  127
           AP5:  1010,  643
           AP6:   567, 1003
Object41: Golde/Return => 0/0, PASS/n
Scenario42(out):    X     Y
        Object:   973,  799
           AP1:   321,  127
           AP2:   321,  870
           AP3:   970,  280
           AP4:   567, 1003
           AP5:   432,  123
           AP6:  1010,  643
Object42: Golde/Return => 0/0, PASS/n
Scenario43(in):     X     Y
        Object:   792,  499
           AP1:   567, 1003
           AP2:   321,  127
           AP3:  1010,  643
           AP4:   321,  870
           AP5:   432,  123
           AP6:   970,  280
Object43: Golde/Return => 1/1, PASS/n
Scenario44(in):     X     Y
        Object:   400,  210
           AP1:   710,  620
           AP2:   130,  210
           AP3:   300,  800
           AP4:   103,  500
           AP5:   400,   80
           AP6:   980,  120
Object44: Golde/Return => 1/1, PASS/n
Scenario45(out):    X     Y
        Object:   645,  100
           AP1:    10,  664
           AP2:   694, 1023
           AP3:   503,  521
           AP4:   694,  768
           AP5:   302,  423
           AP6:    43, 1003
Object45: Golde/Return => 0/0, PASS/n
Scenario46(out):    X     Y
        Object:   220,  720
           AP1:   980,  120
           AP2:   710,  620
           AP3:   300,  800
           AP4:   103,  500
           AP5:   130,  210
           AP6:   400,   80
Object46: Golde/Return => 0/0, PASS/n
Scenario47(out):    X     Y
        Object:   130,   80
           AP1:   103,  500
           AP2:   300,  800
           AP3:   400,   80
           AP4:   130,  210
           AP5:   710,  620
           AP6:   980,  120
Object47: Golde/Return => 0/0, PASS/n
Scenario48(in):     X     Y
        Object:   500,  675
           AP1:   321,  870
           AP2:  1010,  643
           AP3:   321,  127
           AP4:   567, 1003
           AP5:   432,  123
           AP6:   970,  280
Object48: Golde/Return => 1/1, PASS/n
Scenario49(out):    X     Y
        Object:   100,  100
           AP1:   567, 1003
           AP2:  1010,  643
           AP3:   321,  127
           AP4:   432,  123
           AP5:   321,  870
           AP6:   970,  280
Object49: Golde/Return => 0/0, PASS/n
Scenario50(out):    X     Y
        Object:   321, 1000
           AP1:   321,  870
           AP2:   432,  123
           AP3:   970,  280
           AP4:   567, 1003
           AP5:   321,  127
           AP6:  1010,  643
Object50: Golde/Return => 0/0, PASS/n
-------------------------------------------------
--    Simulation finish,  ALL PASS             --
-------------------------------------------------
$finish called from file "tb.sv", line 155.
$finish at simulation time              6015000
           V C S   S i m u l a t i o n   R e p o r t 
Time: 60150000 ps
CPU Time:      0.480 seconds;       Data structure size:   0.0Mb
Wed Jan 29 21:37:33 2025
CPU time: .693 seconds to compile + .531 seconds to elab + .484 seconds to link + .536 seconds in simulation
