Command: vcs -timescale=1ns/1fs -j8 -sverilog +v2k -full64 -Mupdate -R -debug_access+all \
-f filelist.f -o simv -l vcs.log -P /usr/cad/synopsys/verdi/2023.03//share/PLI/VCS/linux64/novas.tab \
/usr/cad/synopsys/verdi/2023.03//share/PLI/VCS/linux64/pli.a -v /home/cell_library/CBDK_IC_Contest_v2.5/Verilog/tsmc13_neg.v \
+define+GATE +maxdelays +neg_tchk +nowarnNTCDSN
*** Using c compiler gcc instead of cc ...
                         Chronologic VCS (TM)
         Version U-2023.03_Full64 -- Sun Jan 26 01:16:29 2025

                    Copyright (c) 1991 - 2023 Synopsys, Inc.
   This software and the associated documentation are proprietary to Synopsys,
 Inc. This software may only be used in accordance with the terms and conditions
 of a written license agreement with Synopsys, Inc. All other use, reproduction,
   or distribution of this software is strictly prohibited.  Licensed Products
     communicate with Synopsys servers for the purpose of providing software
    updates, detecting software piracy and verifying that customers are using
    Licensed Products in conformity with the applicable License Key for such
  Licensed Products. Synopsys will use information gathered in connection with
    this process to deliver software updates and pursue software pirates and
                                   infringers.

 Inclusivity & Diversity - Visit SolvNetPlus to read the "Synopsys Statement on
            Inclusivity and Diversity" (Refer to article 000036315 at
                        https://solvnetplus.synopsys.com)

Parsing design file 'testfixture1.v'
Parsing included file 'FAS_SYN.v'.
Back to file 'testfixture1.v'.
Parsing library file '/home/cell_library/CBDK_IC_Contest_v2.5/Verilog/tsmc13_neg.v'
Top Level Modules:
       testfixture1
TimeScale is 1 ns / 1 ps

Warning-[TFIPC] Too few instance port connections
FAS_SYN.v, 60703
FIR, "DFFRX1 x_reg_reg_5__13_( .D (n444),  .CK (clk),  .RN (n1737),  .Q (x_reg[428]));"
  The above instance has fewer port connections than the module definition.
  Please use '+lint=TFIPC-L' to print out detailed information of unconnected 
  ports.


Warning-[TFIPC] Too few instance port connections
FAS_SYN.v, 60704
FIR, "DFFRX1 x_reg_reg_5__11_( .D (n442),  .CK (clk),  .RN (n1737),  .Q (x_reg[426]));"
  The above instance has fewer port connections than the module definition.
  Please use '+lint=TFIPC-L' to print out detailed information of unconnected 
  ports.


Warning-[TFIPC] Too few instance port connections
FAS_SYN.v, 60705
FIR, "DFFRX1 x_reg_reg_5__9_( .D (n440),  .CK (clk),  .RN (n4),  .Q (x_reg[424]));"
  The above instance has fewer port connections than the module definition.
  Please use '+lint=TFIPC-L' to print out detailed information of unconnected 
  ports.


Warning-[TFIPC] Too few instance port connections
FAS_SYN.v, 60706
FIR, "DFFRX1 x_reg_reg_5__7_( .D (n438),  .CK (clk),  .RN (n1735),  .Q (x_reg[422]));"
  The above instance has fewer port connections than the module definition.
  Please use '+lint=TFIPC-L' to print out detailed information of unconnected 
  ports.


Warning-[TFIPC] Too few instance port connections
FAS_SYN.v, 60707
FIR, "DFFRX1 x_reg_reg_5__5_( .D (n436),  .CK (clk),  .RN (n1735),  .Q (x_reg[420]));"
  The above instance has fewer port connections than the module definition.
  Please use '+lint=TFIPC-L' to print out detailed information of unconnected 
  ports.


Warning-[TFIPC] Too few instance port connections
FAS_SYN.v, 60708
FIR, "DFFRX1 x_reg_reg_5__2_( .D (n433),  .CK (clk),  .RN (n1740),  .Q (x_reg[417]));"
  The above instance has fewer port connections than the module definition.
  Please use '+lint=TFIPC-L' to print out detailed information of unconnected 
  ports.


Warning-[TFIPC] Too few instance port connections
FAS_SYN.v, 60709
FIR, "DFFRX1 x_reg_reg_6__15_( .D (n430),  .CK (clk),  .RN (n1740),  .QN (n1734));"
  The above instance has fewer port connections than the module definition.
  Please use '+lint=TFIPC-L' to print out detailed information of unconnected 
  ports.


Warning-[TFIPC] Too few instance port connections
FAS_SYN.v, 61068
FIR, "DFFRX1 x_reg_reg_19__13_( .D (n220),  .CK (clk),  .RN (n1737),  .Q (x_reg[205]));"
  The above instance has fewer port connections than the module definition.
  Please use '+lint=TFIPC-L' to print out detailed information of unconnected 
  ports.


Warning-[TFIPC] Too few instance port connections
FAS_SYN.v, 61231
FIR, "DFFRX1 x_reg_reg_25__14_( .D (n125),  .CK (clk),  .RN (n1738),  .Q (x_reg[110]));"
  The above instance has fewer port connections than the module definition.
  Please use '+lint=TFIPC-L' to print out detailed information of unconnected 
  ports.


Warning-[TFIPC] Too few instance port connections
FAS_SYN.v, 61232
FIR, "DFFRX1 x_reg_reg_25__13_( .D (n124),  .CK (clk),  .RN (n1738),  .Q (x_reg[109]));"
  The above instance has fewer port connections than the module definition.
  Please use '+lint=TFIPC-L' to print out detailed information of unconnected 
  ports.


Warning-[TFIPC] Too few instance port connections
FAS_SYN.v, 61233
FIR, "DFFRX1 x_reg_reg_25__12_( .D (n123),  .CK (clk),  .RN (n1738),  .Q (x_reg[108]));"
  The above instance has fewer port connections than the module definition.
  Please use '+lint=TFIPC-L' to print out detailed information of unconnected 
  ports.


Warning-[TFIPC] Too few instance port connections
FAS_SYN.v, 61234
FIR, "DFFRX1 x_reg_reg_25__11_( .D (n122),  .CK (clk),  .RN (n1737),  .Q (x_reg[107]));"
  The above instance has fewer port connections than the module definition.
  Please use '+lint=TFIPC-L' to print out detailed information of unconnected 
  ports.


Warning-[TFIPC] Too few instance port connections
FAS_SYN.v, 61235
FIR, "DFFRX1 x_reg_reg_25__10_( .D (n121),  .CK (clk),  .RN (n4),  .Q (x_reg[106]));"
  The above instance has fewer port connections than the module definition.
  Please use '+lint=TFIPC-L' to print out detailed information of unconnected 
  ports.


Warning-[TFIPC] Too few instance port connections
FAS_SYN.v, 61236
FIR, "DFFRX1 x_reg_reg_25__9_( .D (n120),  .CK (clk),  .RN (n1736),  .Q (x_reg[105]));"
  The above instance has fewer port connections than the module definition.
  Please use '+lint=TFIPC-L' to print out detailed information of unconnected 
  ports.


Warning-[TFIPC] Too few instance port connections
FAS_SYN.v, 61237
FIR, "DFFRX1 x_reg_reg_25__8_( .D (n119),  .CK (clk),  .RN (n4),  .Q (x_reg[104]));"
  The above instance has fewer port connections than the module definition.
  Please use '+lint=TFIPC-L' to print out detailed information of unconnected 
  ports.


Warning-[TFIPC] Too few instance port connections
FAS_SYN.v, 61238
FIR, "DFFRX1 x_reg_reg_25__7_( .D (n118),  .CK (clk),  .RN (n4),  .Q (x_reg[103]));"
  The above instance has fewer port connections than the module definition.
  Please use '+lint=TFIPC-L' to print out detailed information of unconnected 
  ports.


Warning-[TFIPC] Too few instance port connections
FAS_SYN.v, 61239
FIR, "DFFRX1 x_reg_reg_25__6_( .D (n117),  .CK (clk),  .RN (n4),  .Q (x_reg[102]));"
  The above instance has fewer port connections than the module definition.
  Please use '+lint=TFIPC-L' to print out detailed information of unconnected 
  ports.


Warning-[TFIPC] Too few instance port connections
FAS_SYN.v, 61240
FIR, "DFFRX1 x_reg_reg_25__5_( .D (n116),  .CK (clk),  .RN (n1736),  .Q (x_reg[101]));"
  The above instance has fewer port connections than the module definition.
  Please use '+lint=TFIPC-L' to print out detailed information of unconnected 
  ports.


Warning-[TFIPC] Too few instance port connections
FAS_SYN.v, 61241
FIR, "DFFRX1 x_reg_reg_25__4_( .D (n115),  .CK (clk),  .RN (n4),  .Q (x_reg[100]));"
  The above instance has fewer port connections than the module definition.
  Please use '+lint=TFIPC-L' to print out detailed information of unconnected 
  ports.


Warning-[TFIPC] Too few instance port connections
FAS_SYN.v, 61242
FIR, "DFFRX1 x_reg_reg_25__3_( .D (n114),  .CK (clk),  .RN (n4),  .Q (x_reg[99]));"
  The above instance has fewer port connections than the module definition.
  Please use '+lint=TFIPC-L' to print out detailed information of unconnected 
  ports.


Warning-[TFIPC] Too few instance port connections
FAS_SYN.v, 61243
FIR, "DFFRX1 x_reg_reg_25__2_( .D (n113),  .CK (clk),  .RN (n4),  .Q (x_reg[98]));"
  The above instance has fewer port connections than the module definition.
  Please use '+lint=TFIPC-L' to print out detailed information of unconnected 
  ports.


Warning-[TFIPC] Too few instance port connections
FAS_SYN.v, 61244
FIR, "DFFRX1 x_reg_reg_25__1_( .D (n112),  .CK (clk),  .RN (n4),  .Q (x_reg[97]));"
  The above instance has fewer port connections than the module definition.
  Please use '+lint=TFIPC-L' to print out detailed information of unconnected 
  ports.


Warning-[TFIPC] Too few instance port connections
FAS_SYN.v, 61245
FIR, "DFFRX1 x_reg_reg_25__0_( .D (n111),  .CK (clk),  .RN (n4),  .Q (x_reg[96]));"
  The above instance has fewer port connections than the module definition.
  Please use '+lint=TFIPC-L' to print out detailed information of unconnected 
  ports.


Warning-[TFIPC] Too few instance port connections
FAS_SYN.v, 61280
FIR, "DFFRX1 x_reg_reg_27__12_( .D (n91),  .CK (clk),  .RN (n4),  .Q (x_reg[76]));"
  The above instance has fewer port connections than the module definition.
  Please use '+lint=TFIPC-L' to print out detailed information of unconnected 
  ports.


Warning-[TFIPC] Too few instance port connections
FAS_SYN.v, 61281
FIR, "DFFRX1 x_reg_reg_27__11_( .D (n90),  .CK (clk),  .RN (n1737),  .Q (x_reg[75]));"
  The above instance has fewer port connections than the module definition.
  Please use '+lint=TFIPC-L' to print out detailed information of unconnected 
  ports.


Warning-[TFIPC] Too few instance port connections
FAS_SYN.v, 61282
FIR, "DFFRX1 x_reg_reg_27__10_( .D (n89),  .CK (clk),  .RN (n1736),  .Q (x_reg[74]));"
  The above instance has fewer port connections than the module definition.
  Please use '+lint=TFIPC-L' to print out detailed information of unconnected 
  ports.


Warning-[TFIPC] Too few instance port connections
FAS_SYN.v, 61283
FIR, "DFFRX1 x_reg_reg_27__9_( .D (n88),  .CK (clk),  .RN (n1737),  .Q (x_reg[73]));"
  The above instance has fewer port connections than the module definition.
  Please use '+lint=TFIPC-L' to print out detailed information of unconnected 
  ports.


Warning-[TFIPC] Too few instance port connections
FAS_SYN.v, 61284
FIR, "DFFRX1 x_reg_reg_27__8_( .D (n87),  .CK (clk),  .RN (n1737),  .Q (x_reg[72]));"
  The above instance has fewer port connections than the module definition.
  Please use '+lint=TFIPC-L' to print out detailed information of unconnected 
  ports.


Warning-[TFIPC] Too few instance port connections
FAS_SYN.v, 61285
FIR, "DFFRX1 x_reg_reg_27__4_( .D (n83),  .CK (clk),  .RN (n7),  .Q (x_reg[68]));"
  The above instance has fewer port connections than the module definition.
  Please use '+lint=TFIPC-L' to print out detailed information of unconnected 
  ports.


Warning-[TFIPC] Too few instance port connections
FAS_SYN.v, 61286
FIR, "DFFRX1 x_reg_reg_27__3_( .D (n82),  .CK (clk),  .RN (n7),  .Q (x_reg[67]));"
  The above instance has fewer port connections than the module definition.
  Please use '+lint=TFIPC-L' to print out detailed information of unconnected 
  ports.


Warning-[TFIPC] Too few instance port connections
FAS_SYN.v, 61287
FIR, "DFFRX1 x_reg_reg_27__1_( .D (n80),  .CK (clk),  .RN (n7),  .Q (x_reg[65]));"
  The above instance has fewer port connections than the module definition.
  Please use '+lint=TFIPC-L' to print out detailed information of unconnected 
  ports.


Warning-[TFIPC] Too few instance port connections
FAS_SYN.v, 61288
FIR, "DFFRX1 x_reg_reg_27__0_( .D (n79),  .CK (clk),  .RN (n7),  .Q (x_reg[64]));"
  The above instance has fewer port connections than the module definition.
  Please use '+lint=TFIPC-L' to print out detailed information of unconnected 
  ports.


Warning-[TFIPC] Too few instance port connections
FAS_SYN.v, 61421
FIR, "DFFRX1 count_reg_2_( .D (n12),  .CK (clk),  .RN (n7),  .Q (count[2]));"
  The above instance has fewer port connections than the module definition.
  Please use '+lint=TFIPC-L' to print out detailed information of unconnected 
  ports.


Warning-[TFIPC] Too few instance port connections
FAS_SYN.v, 61422
FIR, "DFFRX1 count_reg_3_( .D (n11),  .CK (clk),  .RN (n7),  .Q (count[3]));"
  The above instance has fewer port connections than the module definition.
  Please use '+lint=TFIPC-L' to print out detailed information of unconnected 
  ports.


Warning-[TFIPC] Too few instance port connections
FAS_SYN.v, 61423
FIR, "DFFRX1 count_reg_4_( .D (n10),  .CK (clk),  .RN (n7),  .Q (count[4]));"
  The above instance has fewer port connections than the module definition.
  Please use '+lint=TFIPC-L' to print out detailed information of unconnected 
  ports.


Warning-[TFIPC] Too few instance port connections
FAS_SYN.v, 61424
FIR, "DFFRX1 x_n_valid_reg_reg( .D (n6),  .CK (clk),  .RN (n7),  .Q (x_n_valid_reg));"
  The above instance has fewer port connections than the module definition.
  Please use '+lint=TFIPC-L' to print out detailed information of unconnected 
  ports.


Warning-[TFIPC] Too few instance port connections
FAS_SYN.v, 61425
FIR, "DFFRX1 x_n_valid_reg2_reg( .D (x_n_valid_reg),  .CK (clk),  .RN (n7),  .Q (x_n_valid_reg2));"
  The above instance has fewer port connections than the module definition.
  Please use '+lint=TFIPC-L' to print out detailed information of unconnected 
  ports.


Warning-[TFIPC] Too few instance port connections
FAS_SYN.v, 61427
FIR, "DFFRX1 y_n_reg_30_( .D (N1839),  .CK (clk),  .RN (n7),  .Q (y_n[30]));"
  The above instance has fewer port connections than the module definition.
  Please use '+lint=TFIPC-L' to print out detailed information of unconnected 
  ports.


Warning-[TFIPC] Too few instance port connections
FAS_SYN.v, 61428
FIR, "DFFRX1 y_n_reg_29_( .D (N1838),  .CK (clk),  .RN (n7),  .Q (y_n[29]));"
  The above instance has fewer port connections than the module definition.
  Please use '+lint=TFIPC-L' to print out detailed information of unconnected 
  ports.


Warning-[TFIPC] Too few instance port connections
FAS_SYN.v, 61429
FIR, "DFFRX1 y_n_reg_28_( .D (N1837),  .CK (clk),  .RN (n7),  .Q (y_n[28]));"
  The above instance has fewer port connections than the module definition.
  Please use '+lint=TFIPC-L' to print out detailed information of unconnected 
  ports.


Warning-[TFIPC] Too few instance port connections
FAS_SYN.v, 61430
FIR, "DFFRX1 y_n_reg_27_( .D (N1836),  .CK (clk),  .RN (n1740),  .Q (y_n[27]));"
  The above instance has fewer port connections than the module definition.
  Please use '+lint=TFIPC-L' to print out detailed information of unconnected 
  ports.


Warning-[TFIPC] Too few instance port connections
FAS_SYN.v, 61431
FIR, "DFFRX1 y_n_reg_26_( .D (N1835),  .CK (clk),  .RN (n1740),  .Q (y_n[26]));"
  The above instance has fewer port connections than the module definition.
  Please use '+lint=TFIPC-L' to print out detailed information of unconnected 
  ports.


Warning-[TFIPC] Too few instance port connections
FAS_SYN.v, 61432
FIR, "DFFRX1 y_n_reg_25_( .D (N1834),  .CK (clk),  .RN (n1740),  .Q (y_n[25]));"
  The above instance has fewer port connections than the module definition.
  Please use '+lint=TFIPC-L' to print out detailed information of unconnected 
  ports.


Warning-[TFIPC] Too few instance port connections
FAS_SYN.v, 61433
FIR, "DFFRX1 y_n_reg_24_( .D (N1833),  .CK (clk),  .RN (n1740),  .Q (y_n[24]));"
  The above instance has fewer port connections than the module definition.
  Please use '+lint=TFIPC-L' to print out detailed information of unconnected 
  ports.


Warning-[TFIPC] Too few instance port connections
FAS_SYN.v, 61434
FIR, "DFFRX1 y_n_reg_23_( .D (N1832),  .CK (clk),  .RN (n1742),  .Q (y_n[23]));"
  The above instance has fewer port connections than the module definition.
  Please use '+lint=TFIPC-L' to print out detailed information of unconnected 
  ports.


Warning-[TFIPC] Too few instance port connections
FAS_SYN.v, 61435
FIR, "DFFRX1 y_n_reg_22_( .D (N1831),  .CK (clk),  .RN (n1737),  .Q (y_n[22]));"
  The above instance has fewer port connections than the module definition.
  Please use '+lint=TFIPC-L' to print out detailed information of unconnected 
  ports.


Warning-[TFIPC] Too few instance port connections
FAS_SYN.v, 61436
FIR, "DFFRX1 y_n_reg_21_( .D (N1830),  .CK (clk),  .RN (n1738),  .Q (y_n[21]));"
  The above instance has fewer port connections than the module definition.
  Please use '+lint=TFIPC-L' to print out detailed information of unconnected 
  ports.


Warning-[TFIPC] Too few instance port connections
FAS_SYN.v, 61437
FIR, "DFFRX1 y_n_reg_20_( .D (N1829),  .CK (clk),  .RN (n1736),  .Q (y_n[20]));"
  The above instance has fewer port connections than the module definition.
  Please use '+lint=TFIPC-L' to print out detailed information of unconnected 
  ports.


Warning-[TFIPC] Too few instance port connections
FAS_SYN.v, 61438
FIR, "DFFRX1 y_n_reg_19_( .D (N1828),  .CK (clk),  .RN (n1743),  .Q (y_n[19]));"
  The above instance has fewer port connections than the module definition.
  Please use '+lint=TFIPC-L' to print out detailed information of unconnected 
  ports.


Warning-[TFIPC] Too few instance port connections
FAS_SYN.v, 64118
FIR, "DFFRX1 y_n_valid_reg( .D (n1297),  .CK (clk),  .RN (n1735),  .Q (y_n_valid));"
  The above instance has fewer port connections than the module definition.
  Please use '+lint=TFIPC-L' to print out detailed information of unconnected 
  ports.


Warning-[TFIPC] Too few instance port connections
FAS_SYN.v, 64119
FIR, "DFFRX1 y_n_reg_18_( .D (N1827),  .CK (clk),  .RN (n1740),  .Q (y_n[18]));"
  The above instance has fewer port connections than the module definition.
  Please use '+lint=TFIPC-L' to print out detailed information of unconnected 
  ports.


Warning-[TFIPC] Too few instance port connections
FAS_SYN.v, 64120
FIR, "DFFRX1 y_n_reg_17_( .D (N1826),  .CK (clk),  .RN (n1740),  .Q (y_n[17]));"
  The above instance has fewer port connections than the module definition.
  Please use '+lint=TFIPC-L' to print out detailed information of unconnected 
  ports.


Warning-[TFIPC] Too few instance port connections
FAS_SYN.v, 64121
FIR, "DFFRX1 y_n_reg_16_( .D (N1825),  .CK (clk),  .RN (n1740),  .Q (y_n[16]));"
  The above instance has fewer port connections than the module definition.
  Please use '+lint=TFIPC-L' to print out detailed information of unconnected 
  ports.


Warning-[TFIPC] Too few instance port connections
FAS_SYN.v, 64122
FIR, "DFFRX2 y_n_reg_31_( .D (N1840),  .CK (clk),  .RN (n1735),  .Q (y_n[31]));"
  The above instance has fewer port connections than the module definition.
  Please use '+lint=TFIPC-L' to print out detailed information of unconnected 
  ports.


Warning-[TFIPC] Too few instance port connections
FAS_SYN.v, 64123
FIR, "DFFRX2 x_reg_reg_19__11_( .D (n218),  .CK (clk),  .RN (n1743),  .Q (x_reg[203]));"
  The above instance has fewer port connections than the module definition.
  Please use '+lint=TFIPC-L' to print out detailed information of unconnected 
  ports.


Warning-[TFIPC] Too few instance port connections
FAS_SYN.v, 64126
FIR, "DFFRX2 x_reg_reg_19__6_( .D (n213),  .CK (clk),  .RN (n1743),  .Q (x_reg[198]));"
  The above instance has fewer port connections than the module definition.
  Please use '+lint=TFIPC-L' to print out detailed information of unconnected 
  ports.


Warning-[TFIPC] Too few instance port connections
FAS_SYN.v, 64127
FIR, "DFFRX2 x_reg_reg_19__1_( .D (n208),  .CK (clk),  .RN (n1743),  .Q (x_reg[193]));"
  The above instance has fewer port connections than the module definition.
  Please use '+lint=TFIPC-L' to print out detailed information of unconnected 
  ports.


Warning-[TFIPC] Too few instance port connections
FAS_SYN.v, 64128
FIR, "DFFRX2 x_reg_reg_19__7_( .D (n214),  .CK (clk),  .RN (n1743),  .Q (x_reg[199]));"
  The above instance has fewer port connections than the module definition.
  Please use '+lint=TFIPC-L' to print out detailed information of unconnected 
  ports.


Warning-[TFIPC] Too few instance port connections
FAS_SYN.v, 64133
FIR, "DFFRX2 x_reg_reg_19__14_( .D (n221),  .CK (clk),  .RN (n1737),  .Q (x_reg[206]));"
  The above instance has fewer port connections than the module definition.
  Please use '+lint=TFIPC-L' to print out detailed information of unconnected 
  ports.


Warning-[TFIPC] Too few instance port connections
FAS_SYN.v, 64138
FIR, "DFFRX2 x_reg_reg_27__2_( .D (n81),  .CK (clk),  .RN (n7),  .Q (x_reg[66]));"
  The above instance has fewer port connections than the module definition.
  Please use '+lint=TFIPC-L' to print out detailed information of unconnected 
  ports.


Warning-[TFIPC] Too few instance port connections
FAS_SYN.v, 64139
FIR, "DFFRX2 x_reg_reg_27__7_( .D (n86),  .CK (clk),  .RN (n7),  .Q (x_reg[71]));"
  The above instance has fewer port connections than the module definition.
  Please use '+lint=TFIPC-L' to print out detailed information of unconnected 
  ports.


Warning-[TFIPC] Too few instance port connections
FAS_SYN.v, 64140
FIR, "DFFRX2 x_reg_reg_27__14_( .D (n93),  .CK (clk),  .RN (n1737),  .Q (x_reg[78]));"
  The above instance has fewer port connections than the module definition.
  Please use '+lint=TFIPC-L' to print out detailed information of unconnected 
  ports.


Warning-[TFIPC] Too few instance port connections
FAS_SYN.v, 64141
FIR, "DFFRX2 x_reg_reg_27__6_( .D (n85),  .CK (clk),  .RN (n7),  .Q (x_reg[70]));"
  The above instance has fewer port connections than the module definition.
  Please use '+lint=TFIPC-L' to print out detailed information of unconnected 
  ports.


Warning-[TFIPC] Too few instance port connections
FAS_SYN.v, 64144
FIR, "DFFRX2 x_reg_reg_27__13_( .D (n92),  .CK (clk),  .RN (n4),  .Q (x_reg[77]));"
  The above instance has fewer port connections than the module definition.
  Please use '+lint=TFIPC-L' to print out detailed information of unconnected 
  ports.


Warning-[TFIPC] Too few instance port connections
FAS_SYN.v, 64159
FIR, "DFFRX2 x_reg_reg_5__0_( .D (n431),  .CK (clk),  .RN (n1740),  .Q (x_reg[415]));"
  The above instance has fewer port connections than the module definition.
  Please use '+lint=TFIPC-L' to print out detailed information of unconnected 
  ports.


Warning-[TFIPC] Too few instance port connections
FAS_SYN.v, 64160
FIR, "DFFRX2 x_reg_reg_5__1_( .D (n432),  .CK (clk),  .RN (n1740),  .Q (x_reg[416]));"
  The above instance has fewer port connections than the module definition.
  Please use '+lint=TFIPC-L' to print out detailed information of unconnected 
  ports.


Warning-[TFIPC] Too few instance port connections
FAS_SYN.v, 64161
FIR, "DFFRX2 x_reg_reg_5__10_( .D (n441),  .CK (clk),  .RN (n1735),  .Q (x_reg[425]));"
  The above instance has fewer port connections than the module definition.
  Please use '+lint=TFIPC-L' to print out detailed information of unconnected 
  ports.


Warning-[TFIPC] Too few instance port connections
FAS_SYN.v, 64162
FIR, "DFFRX2 x_reg_reg_5__12_( .D (n443),  .CK (clk),  .RN (n1735),  .Q (x_reg[427]));"
  The above instance has fewer port connections than the module definition.
  Please use '+lint=TFIPC-L' to print out detailed information of unconnected 
  ports.


Warning-[TFIPC] Too few instance port connections
FAS_SYN.v, 64163
FIR, "DFFRX2 x_reg_reg_5__14_( .D (n445),  .CK (clk),  .RN (n1735),  .Q (x_reg[429]));"
  The above instance has fewer port connections than the module definition.
  Please use '+lint=TFIPC-L' to print out detailed information of unconnected 
  ports.


Warning-[TFIPC] Too few instance port connections
FAS_SYN.v, 64164
FIR, "DFFRX2 x_reg_reg_5__6_( .D (n437),  .CK (clk),  .RN (n1737),  .Q (x_reg[421]));"
  The above instance has fewer port connections than the module definition.
  Please use '+lint=TFIPC-L' to print out detailed information of unconnected 
  ports.


Warning-[TFIPC] Too few instance port connections
FAS_SYN.v, 64167
FIR, "DFFRX2 x_reg_reg_19__4_( .D (n211),  .CK (clk),  .RN (n1743),  .Q (x_reg[196]));"
  The above instance has fewer port connections than the module definition.
  Please use '+lint=TFIPC-L' to print out detailed information of unconnected 
  ports.


Warning-[TFIPC] Too few instance port connections
FAS_SYN.v, 64170
FIR, "DFFRX2 x_reg_reg_19__9_( .D (n216),  .CK (clk),  .RN (n1743),  .Q (x_reg[201]));"
  The above instance has fewer port connections than the module definition.
  Please use '+lint=TFIPC-L' to print out detailed information of unconnected 
  ports.


Warning-[TFIPC] Too few instance port connections
FAS_SYN.v, 64171
FIR, "DFFRX2 x_reg_reg_19__5_( .D (n212),  .CK (clk),  .RN (n1743),  .Q (x_reg[197]));"
  The above instance has fewer port connections than the module definition.
  Please use '+lint=TFIPC-L' to print out detailed information of unconnected 
  ports.


Warning-[TFIPC] Too few instance port connections
FAS_SYN.v, 64172
FIR, "DFFRX2 x_reg_reg_19__8_( .D (n215),  .CK (clk),  .RN (n1743),  .Q (x_reg[200]));"
  The above instance has fewer port connections than the module definition.
  Please use '+lint=TFIPC-L' to print out detailed information of unconnected 
  ports.


Warning-[TFIPC] Too few instance port connections
FAS_SYN.v, 64173
FIR, "DFFRX2 x_reg_reg_19__12_( .D (n219),  .CK (clk),  .RN (n1737),  .Q (x_reg[204]));"
  The above instance has fewer port connections than the module definition.
  Please use '+lint=TFIPC-L' to print out detailed information of unconnected 
  ports.


Warning-[TFIPC] Too few instance port connections
FAS_SYN.v, 64174
FIR, "DFFRX2 x_reg_reg_19__3_( .D (n210),  .CK (clk),  .RN (n1743),  .Q (x_reg[195]));"
  The above instance has fewer port connections than the module definition.
  Please use '+lint=TFIPC-L' to print out detailed information of unconnected 
  ports.


Warning-[TFIPC] Too few instance port connections
FAS_SYN.v, 64175
FIR, "DFFRX2 x_reg_reg_19__2_( .D (n209),  .CK (clk),  .RN (n1743),  .Q (x_reg[194]));"
  The above instance has fewer port connections than the module definition.
  Please use '+lint=TFIPC-L' to print out detailed information of unconnected 
  ports.


Warning-[TFIPC] Too few instance port connections
FAS_SYN.v, 64176
FIR, "DFFRX2 x_reg_reg_19__10_( .D (n217),  .CK (clk),  .RN (n1743),  .Q (x_reg[202]));"
  The above instance has fewer port connections than the module definition.
  Please use '+lint=TFIPC-L' to print out detailed information of unconnected 
  ports.


Warning-[TFIPC] Too few instance port connections
FAS_SYN.v, 64179
FIR, "DFFRX2 x_reg_reg_19__0_( .D (n207),  .CK (clk),  .RN (n1743),  .Q (x_reg[192]));"
  The above instance has fewer port connections than the module definition.
  Please use '+lint=TFIPC-L' to print out detailed information of unconnected 
  ports.


Warning-[TFIPC] Too few instance port connections
FAS_SYN.v, 64182
FIR, "DFFRX2 x_reg_reg_27__5_( .D (n84),  .CK (clk),  .RN (n7),  .Q (x_reg[69]));"
  The above instance has fewer port connections than the module definition.
  Please use '+lint=TFIPC-L' to print out detailed information of unconnected 
  ports.


Warning-[TFIPC] Too few instance port connections
FAS_SYN.v, 64207
FIR, "DFFRX2 x_reg_reg_5__3_( .D (n434),  .CK (clk),  .RN (n1740),  .Q (x_reg[418]));"
  The above instance has fewer port connections than the module definition.
  Please use '+lint=TFIPC-L' to print out detailed information of unconnected 
  ports.


Warning-[TFIPC] Too few instance port connections
FAS_SYN.v, 64210
FIR, "DFFRX2 x_reg_reg_5__8_( .D (n439),  .CK (clk),  .RN (n1737),  .Q (x_reg[423]));"
  The above instance has fewer port connections than the module definition.
  Please use '+lint=TFIPC-L' to print out detailed information of unconnected 
  ports.


Warning-[TFIPC] Too few instance port connections
FAS_SYN.v, 64211
FIR, "DFFRX2 x_reg_reg_5__4_( .D (n435),  .CK (clk),  .RN (n1735),  .Q (x_reg[419]));"
  The above instance has fewer port connections than the module definition.
  Please use '+lint=TFIPC-L' to print out detailed information of unconnected 
  ports.


Warning-[TFIPC] Too few instance port connections
FAS_SYN.v, 43003
Analysis, "DFFRX1 count_reg_1_( .D (n535),  .CK (clk),  .RN (n6),  .QN (n7357));"
  The above instance has fewer port connections than the module definition.
  Please use '+lint=TFIPC-L' to print out detailed information of unconnected 
  ports.


Warning-[TFIPC] Too few instance port connections
FAS_SYN.v, 4536
FAS, "DFFRX1 S2P_inst_count_reg_1_( .D (n256),  .CK (clk),  .RN (n282),  .Q (S2P_inst_count[1]));"
  The above instance has fewer port connections than the module definition.
  Please use '+lint=TFIPC-L' to print out detailed information of unconnected 
  ports.


Warning-[TFIPC] Too few instance port connections
FAS_SYN.v, 4540
FAS, "DFFRX1 S2P_inst_count_reg_3_( .D (n254),  .CK (clk),  .RN (n7902),  .Q (S2P_inst_count[3]));"
  The above instance has fewer port connections than the module definition.
  Please use '+lint=TFIPC-L' to print out detailed information of unconnected 
  ports.


Warning-[TFIPC] Too few instance port connections
FAS_SYN.v, 4568
FAS, "DFFRX1 S2P_inst_x_reg_reg_14__21_( .D (n240),  .CK (clk),  .RN (n7918),  .QN (n7720));"
  The above instance has fewer port connections than the module definition.
  Please use '+lint=TFIPC-L' to print out detailed information of unconnected 
  ports.


Warning-[TFIPC] Too few instance port connections
FAS_SYN.v, 4570
FAS, "DFFRX1 S2P_inst_x_reg_reg_14__22_( .D (n239),  .CK (clk),  .RN (n7918),  .QN (n7737));"
  The above instance has fewer port connections than the module definition.
  Please use '+lint=TFIPC-L' to print out detailed information of unconnected 
  ports.


Warning-[TFIPC] Too few instance port connections
FAS_SYN.v, 4572
FAS, "DFFRX1 S2P_inst_x_reg_reg_14__23_( .D (n238),  .CK (clk),  .RN (n7918),  .QN (n7773));"
  The above instance has fewer port connections than the module definition.
  Please use '+lint=TFIPC-L' to print out detailed information of unconnected 
  ports.


Warning-[TFIPC] Too few instance port connections
FAS_SYN.v, 4574
FAS, "DFFRX1 S2P_inst_x_reg_reg_13__8_( .D (n237),  .CK (clk),  .RN (n282),  .QN (n7574));"
  The above instance has fewer port connections than the module definition.
  Please use '+lint=TFIPC-L' to print out detailed information of unconnected 
  ports.


Warning-[TFIPC] Too few instance port connections
FAS_SYN.v, 4576
FAS, "DFFRX1 S2P_inst_x_reg_reg_13__9_( .D (n236),  .CK (clk),  .RN (n7904),  .QN (n7577));"
  The above instance has fewer port connections than the module definition.
  Please use '+lint=TFIPC-L' to print out detailed information of unconnected 
  ports.


Warning-[TFIPC] Too few instance port connections
FAS_SYN.v, 4577
FAS, "DFFRX1 S2P_inst_x_reg_reg_13__10_( .D (n235),  .CK (clk),  .RN (n282),  .QN (n7626));"
  The above instance has fewer port connections than the module definition.
  Please use '+lint=TFIPC-L' to print out detailed information of unconnected 
  ports.


Warning-[TFIPC] Too few instance port connections
FAS_SYN.v, 4578
FAS, "DFFRX1 S2P_inst_x_reg_reg_13__11_( .D (n234),  .CK (clk),  .RN (n282),  .QN (n7645));"
  The above instance has fewer port connections than the module definition.
  Please use '+lint=TFIPC-L' to print out detailed information of unconnected 
  ports.


Warning-[TFIPC] Too few instance port connections
FAS_SYN.v, 4579
FAS, "DFFRX1 S2P_inst_x_reg_reg_13__12_( .D (n233),  .CK (clk),  .RN (n7903),  .QN (n7635));"
  The above instance has fewer port connections than the module definition.
  Please use '+lint=TFIPC-L' to print out detailed information of unconnected 
  ports.


Warning-[TFIPC] Too few instance port connections
FAS_SYN.v, 4581
FAS, "DFFRX1 S2P_inst_x_reg_reg_13__13_( .D (n232),  .CK (clk),  .RN (n7903),  .QN (n7641));"
  The above instance has fewer port connections than the module definition.
  Please use '+lint=TFIPC-L' to print out detailed information of unconnected 
  ports.


Warning-[TFIPC] Too few instance port connections
FAS_SYN.v, 4583
FAS, "DFFRX1 S2P_inst_x_reg_reg_13__14_( .D (n231),  .CK (clk),  .RN (n7903),  .QN (n7622));"
  The above instance has fewer port connections than the module definition.
  Please use '+lint=TFIPC-L' to print out detailed information of unconnected 
  ports.


Warning-[TFIPC] Too few instance port connections
FAS_SYN.v, 4585
FAS, "DFFRX1 S2P_inst_x_reg_reg_13__15_( .D (n230),  .CK (clk),  .RN (n7903),  .QN (n7632));"
  The above instance has fewer port connections than the module definition.
  Please use '+lint=TFIPC-L' to print out detailed information of unconnected 
  ports.


Warning-[TFIPC] Too few instance port connections
FAS_SYN.v, 4587
FAS, "DFFRX1 S2P_inst_x_reg_reg_13__16_( .D (n229),  .CK (clk),  .RN (n282),  .QN (n7692));"
  The above instance has fewer port connections than the module definition.
  Please use '+lint=TFIPC-L' to print out detailed information of unconnected 
  ports.


Warning-[TFIPC] Too few instance port connections
FAS_SYN.v, 4588
FAS, "DFFRX1 S2P_inst_x_reg_reg_13__17_( .D (n228),  .CK (clk),  .RN (n7904),  .QN (n7701));"
  The above instance has fewer port connections than the module definition.
  Please use '+lint=TFIPC-L' to print out detailed information of unconnected 
  ports.


Warning-[TFIPC] Too few instance port connections
FAS_SYN.v, 4590
FAS, "DFFRX1 S2P_inst_x_reg_reg_13__18_( .D (n227),  .CK (clk),  .RN (n7904),  .QN (n7699));"
  The above instance has fewer port connections than the module definition.
  Please use '+lint=TFIPC-L' to print out detailed information of unconnected 
  ports.


Warning-[TFIPC] Too few instance port connections
FAS_SYN.v, 4592
FAS, "DFFRX1 S2P_inst_x_reg_reg_13__19_( .D (n226),  .CK (clk),  .RN (n7904),  .QN (n7714));"
  The above instance has fewer port connections than the module definition.
  Please use '+lint=TFIPC-L' to print out detailed information of unconnected 
  ports.


Warning-[TFIPC] Too few instance port connections
FAS_SYN.v, 4596
FAS, "DFFRX1 S2P_inst_x_reg_reg_13__21_( .D (n224),  .CK (clk),  .RN (n7918),  .QN (n7584));"
  The above instance has fewer port connections than the module definition.
  Please use '+lint=TFIPC-L' to print out detailed information of unconnected 
  ports.


Warning-[TFIPC] Too few instance port connections
FAS_SYN.v, 4598
FAS, "DFFRX1 S2P_inst_x_reg_reg_13__22_( .D (n223),  .CK (clk),  .RN (n7918),  .QN (n7590));"
  The above instance has fewer port connections than the module definition.
  Please use '+lint=TFIPC-L' to print out detailed information of unconnected 
  ports.


Warning-[TFIPC] Too few instance port connections
FAS_SYN.v, 4600
FAS, "DFFRX1 S2P_inst_x_reg_reg_13__23_( .D (n222),  .CK (clk),  .RN (n7918),  .QN (n7564));"
  The above instance has fewer port connections than the module definition.
  Please use '+lint=TFIPC-L' to print out detailed information of unconnected 
  ports.


Warning-[TFIPC] Too few instance port connections
FAS_SYN.v, 4628
FAS, "DFFRX1 S2P_inst_x_reg_reg_12__21_( .D (n208),  .CK (clk),  .RN (n7918),  .QN (n7785));"
  The above instance has fewer port connections than the module definition.
  Please use '+lint=TFIPC-L' to print out detailed information of unconnected 
  ports.


Warning-[TFIPC] Too few instance port connections
FAS_SYN.v, 4630
FAS, "DFFRX1 S2P_inst_x_reg_reg_12__22_( .D (n207),  .CK (clk),  .RN (n7918),  .QN (n7796));"
  The above instance has fewer port connections than the module definition.
  Please use '+lint=TFIPC-L' to print out detailed information of unconnected 
  ports.


Warning-[TFIPC] Too few instance port connections
FAS_SYN.v, 4632
FAS, "DFFRX1 S2P_inst_x_reg_reg_12__23_( .D (n206),  .CK (clk),  .RN (n7918),  .QN (n7801));"
  The above instance has fewer port connections than the module definition.
  Please use '+lint=TFIPC-L' to print out detailed information of unconnected 
  ports.


Warning-[TFIPC] Too few instance port connections
FAS_SYN.v, 4634
FAS, "DFFRX1 S2P_inst_x_reg_reg_11__8_( .D (n205),  .CK (clk),  .RN (n282),  .QN (n7575));"
  The above instance has fewer port connections than the module definition.
  Please use '+lint=TFIPC-L' to print out detailed information of unconnected 
  ports.


Warning-[TFIPC] Too few instance port connections
FAS_SYN.v, 4636
FAS, "DFFRX1 S2P_inst_x_reg_reg_11__9_( .D (n204),  .CK (clk),  .RN (n7904),  .QN (n7578));"
  The above instance has fewer port connections than the module definition.
  Please use '+lint=TFIPC-L' to print out detailed information of unconnected 
  ports.


Warning-[TFIPC] Too few instance port connections
FAS_SYN.v, 4637
FAS, "DFFRX1 S2P_inst_x_reg_reg_11__10_( .D (n203),  .CK (clk),  .RN (n282),  .QN (n7628));"
  The above instance has fewer port connections than the module definition.
  Please use '+lint=TFIPC-L' to print out detailed information of unconnected 
  ports.


Warning-[TFIPC] Too few instance port connections
FAS_SYN.v, 4638
FAS, "DFFRX1 S2P_inst_x_reg_reg_11__11_( .D (n202),  .CK (clk),  .RN (n7902),  .QN (n7673));"
  The above instance has fewer port connections than the module definition.
  Please use '+lint=TFIPC-L' to print out detailed information of unconnected 
  ports.


Warning-[TFIPC] Too few instance port connections
FAS_SYN.v, 4640
FAS, "DFFRX1 S2P_inst_x_reg_reg_11__12_( .D (n201),  .CK (clk),  .RN (n7903),  .QN (n7684));"
  The above instance has fewer port connections than the module definition.
  Please use '+lint=TFIPC-L' to print out detailed information of unconnected 
  ports.


Warning-[TFIPC] Too few instance port connections
FAS_SYN.v, 4642
FAS, "DFFRX1 S2P_inst_x_reg_reg_11__13_( .D (n200),  .CK (clk),  .RN (n7904),  .QN (n7686));"
  The above instance has fewer port connections than the module definition.
  Please use '+lint=TFIPC-L' to print out detailed information of unconnected 
  ports.


Warning-[TFIPC] Too few instance port connections
FAS_SYN.v, 4644
FAS, "DFFRX1 S2P_inst_x_reg_reg_11__14_( .D (n199),  .CK (clk),  .RN (n7903),  .QN (n7670));"
  The above instance has fewer port connections than the module definition.
  Please use '+lint=TFIPC-L' to print out detailed information of unconnected 
  ports.


Warning-[TFIPC] Too few instance port connections
FAS_SYN.v, 4646
FAS, "DFFRX1 S2P_inst_x_reg_reg_11__15_( .D (n198),  .CK (clk),  .RN (n7903),  .QN (n7682));"
  The above instance has fewer port connections than the module definition.
  Please use '+lint=TFIPC-L' to print out detailed information of unconnected 
  ports.


Warning-[TFIPC] Too few instance port connections
FAS_SYN.v, 4648
FAS, "DFFRX1 S2P_inst_x_reg_reg_11__16_( .D (n197),  .CK (clk),  .RN (n282),  .QN (n7730));"
  The above instance has fewer port connections than the module definition.
  Please use '+lint=TFIPC-L' to print out detailed information of unconnected 
  ports.


Warning-[TFIPC] Too few instance port connections
FAS_SYN.v, 4649
FAS, "DFFRX1 S2P_inst_x_reg_reg_11__17_( .D (n196),  .CK (clk),  .RN (n7904),  .QN (n7732));"
  The above instance has fewer port connections than the module definition.
  Please use '+lint=TFIPC-L' to print out detailed information of unconnected 
  ports.


Warning-[TFIPC] Too few instance port connections
FAS_SYN.v, 4651
FAS, "DFFRX1 S2P_inst_x_reg_reg_11__18_( .D (n195),  .CK (clk),  .RN (n7904),  .QN (n7731));"
  The above instance has fewer port connections than the module definition.
  Please use '+lint=TFIPC-L' to print out detailed information of unconnected 
  ports.


Warning-[TFIPC] Too few instance port connections
FAS_SYN.v, 4653
FAS, "DFFRX1 S2P_inst_x_reg_reg_11__19_( .D (n194),  .CK (clk),  .RN (n7904),  .QN (n7745));"
  The above instance has fewer port connections than the module definition.
  Please use '+lint=TFIPC-L' to print out detailed information of unconnected 
  ports.


Warning-[TFIPC] Too few instance port connections
FAS_SYN.v, 4655
FAS, "DFFRX1 S2P_inst_x_reg_reg_11__20_( .D (n193),  .CK (clk),  .RN (n7903),  .QN (n7750));"
  The above instance has fewer port connections than the module definition.
  Please use '+lint=TFIPC-L' to print out detailed information of unconnected 
  ports.


Warning-[TFIPC] Too few instance port connections
FAS_SYN.v, 4657
FAS, "DFFRX1 S2P_inst_x_reg_reg_11__21_( .D (n192),  .CK (clk),  .RN (n7901),  .QN (n7563));"
  The above instance has fewer port connections than the module definition.
  Please use '+lint=TFIPC-L' to print out detailed information of unconnected 
  ports.


Warning-[TFIPC] Too few instance port connections
FAS_SYN.v, 4659
FAS, "DFFRX1 S2P_inst_x_reg_reg_11__22_( .D (n191),  .CK (clk),  .RN (n7901),  .QN (n7567));"
  The above instance has fewer port connections than the module definition.
  Please use '+lint=TFIPC-L' to print out detailed information of unconnected 
  ports.


Warning-[TFIPC] Too few instance port connections
FAS_SYN.v, 4661
FAS, "DFFRX1 S2P_inst_x_reg_reg_11__23_( .D (n190),  .CK (clk),  .RN (n7901),  .QN (n7572));"
  The above instance has fewer port connections than the module definition.
  Please use '+lint=TFIPC-L' to print out detailed information of unconnected 
  ports.


Warning-[TFIPC] Too few instance port connections
FAS_SYN.v, 4691
FAS, "DFFRX1 S2P_inst_x_reg_reg_10__22_( .D (n175),  .CK (clk),  .RN (n7901),  .QN (n7712));"
  The above instance has fewer port connections than the module definition.
  Please use '+lint=TFIPC-L' to print out detailed information of unconnected 
  ports.


Warning-[TFIPC] Too few instance port connections
FAS_SYN.v, 4693
FAS, "DFFRX1 S2P_inst_x_reg_reg_10__23_( .D (n174),  .CK (clk),  .RN (n7901),  .QN (n7763));"
  The above instance has fewer port connections than the module definition.
  Please use '+lint=TFIPC-L' to print out detailed information of unconnected 
  ports.


Warning-[TFIPC] Too few instance port connections
FAS_SYN.v, 4695
FAS, "DFFRX1 S2P_inst_x_reg_reg_9__8_( .D (n173),  .CK (clk),  .RN (n282),  .QN (n7604));"
  The above instance has fewer port connections than the module definition.
  Please use '+lint=TFIPC-L' to print out detailed information of unconnected 
  ports.


Warning-[TFIPC] Too few instance port connections
FAS_SYN.v, 4697
FAS, "DFFRX1 S2P_inst_x_reg_reg_9__9_( .D (n172),  .CK (clk),  .RN (n7904),  .QN (n7576));"
  The above instance has fewer port connections than the module definition.
  Please use '+lint=TFIPC-L' to print out detailed information of unconnected 
  ports.


Warning-[TFIPC] Too few instance port connections
FAS_SYN.v, 4699
FAS, "DFFRX1 S2P_inst_x_reg_reg_9__10_( .D (n171),  .CK (clk),  .RN (n7903),  .QN (n7624));"
  The above instance has fewer port connections than the module definition.
  Please use '+lint=TFIPC-L' to print out detailed information of unconnected 
  ports.


Warning-[TFIPC] Too few instance port connections
FAS_SYN.v, 4700
FAS, "DFFRX1 S2P_inst_x_reg_reg_9__11_( .D (n170),  .CK (clk),  .RN (n7903),  .QN (n7631));"
  The above instance has fewer port connections than the module definition.
  Please use '+lint=TFIPC-L' to print out detailed information of unconnected 
  ports.


Warning-[TFIPC] Too few instance port connections
FAS_SYN.v, 4701
FAS, "DFFRX1 S2P_inst_x_reg_reg_9__12_( .D (n169),  .CK (clk),  .RN (n7903),  .QN (n7630));"
  The above instance has fewer port connections than the module definition.
  Please use '+lint=TFIPC-L' to print out detailed information of unconnected 
  ports.


Warning-[TFIPC] Too few instance port connections
FAS_SYN.v, 4702
FAS, "DFFRX1 S2P_inst_x_reg_reg_9__13_( .D (n168),  .CK (clk),  .RN (n7902),  .QN (n7634));"
  The above instance has fewer port connections than the module definition.
  Please use '+lint=TFIPC-L' to print out detailed information of unconnected 
  ports.


Warning-[TFIPC] Too few instance port connections
FAS_SYN.v, 4703
FAS, "DFFRX1 S2P_inst_x_reg_reg_9__14_( .D (n167),  .CK (clk),  .RN (n7904),  .QN (n7621));"
  The above instance has fewer port connections than the module definition.
  Please use '+lint=TFIPC-L' to print out detailed information of unconnected 
  ports.


Warning-[TFIPC] Too few instance port connections
FAS_SYN.v, 4704
FAS, "DFFRX1 S2P_inst_x_reg_reg_9__15_( .D (n166),  .CK (clk),  .RN (n7903),  .QN (n7625));"
  The above instance has fewer port connections than the module definition.
  Please use '+lint=TFIPC-L' to print out detailed information of unconnected 
  ports.


Warning-[TFIPC] Too few instance port connections
FAS_SYN.v, 4705
FAS, "DFFRX1 S2P_inst_x_reg_reg_9__16_( .D (n165),  .CK (clk),  .RN (n282),  .QN (n7690));"
  The above instance has fewer port connections than the module definition.
  Please use '+lint=TFIPC-L' to print out detailed information of unconnected 
  ports.


Warning-[TFIPC] Too few instance port connections
FAS_SYN.v, 4707
FAS, "DFFRX1 S2P_inst_x_reg_reg_9__17_( .D (n164),  .CK (clk),  .RN (n7904),  .QN (n7696));"
  The above instance has fewer port connections than the module definition.
  Please use '+lint=TFIPC-L' to print out detailed information of unconnected 
  ports.


Warning-[TFIPC] Too few instance port connections
FAS_SYN.v, 4708
FAS, "DFFRX1 S2P_inst_x_reg_reg_9__18_( .D (n163),  .CK (clk),  .RN (n7904),  .QN (n7693));"
  The above instance has fewer port connections than the module definition.
  Please use '+lint=TFIPC-L' to print out detailed information of unconnected 
  ports.


Warning-[TFIPC] Too few instance port connections
FAS_SYN.v, 4709
FAS, "DFFRX1 S2P_inst_x_reg_reg_9__19_( .D (n162),  .CK (clk),  .RN (n7904),  .QN (n7707));"
  The above instance has fewer port connections than the module definition.
  Please use '+lint=TFIPC-L' to print out detailed information of unconnected 
  ports.


Warning-[TFIPC] Too few instance port connections
FAS_SYN.v, 4710
FAS, "DFFRX1 S2P_inst_x_reg_reg_9__20_( .D (n161),  .CK (clk),  .RN (n7901),  .QN (n7708));"
  The above instance has fewer port connections than the module definition.
  Please use '+lint=TFIPC-L' to print out detailed information of unconnected 
  ports.


Warning-[TFIPC] Too few instance port connections
FAS_SYN.v, 4713
FAS, "DFFRX1 S2P_inst_x_reg_reg_9__22_( .D (n159),  .CK (clk),  .RN (n7901),  .QN (n7558));"
  The above instance has fewer port connections than the module definition.
  Please use '+lint=TFIPC-L' to print out detailed information of unconnected 
  ports.


Warning-[TFIPC] Too few instance port connections
FAS_SYN.v, 4714
FAS, "DFFRX1 S2P_inst_x_reg_reg_9__23_( .D (n158),  .CK (clk),  .RN (n7901),  .QN (n7562));"
  The above instance has fewer port connections than the module definition.
  Please use '+lint=TFIPC-L' to print out detailed information of unconnected 
  ports.


Warning-[TFIPC] Too few instance port connections
FAS_SYN.v, 4741
FAS, "DFFRX1 S2P_inst_x_reg_reg_8__21_( .D (n144),  .CK (clk),  .RN (n7901),  .QN (n7794));"
  The above instance has fewer port connections than the module definition.
  Please use '+lint=TFIPC-L' to print out detailed information of unconnected 
  ports.


Warning-[TFIPC] Too few instance port connections
FAS_SYN.v, 4742
FAS, "DFFRX1 S2P_inst_x_reg_reg_8__22_( .D (n143),  .CK (clk),  .RN (n7901),  .QN (n7797));"
  The above instance has fewer port connections than the module definition.
  Please use '+lint=TFIPC-L' to print out detailed information of unconnected 
  ports.


Warning-[TFIPC] Too few instance port connections
FAS_SYN.v, 4743
FAS, "DFFRX1 S2P_inst_x_reg_reg_8__23_( .D (n142),  .CK (clk),  .RN (n7901),  .QN (n7799));"
  The above instance has fewer port connections than the module definition.
  Please use '+lint=TFIPC-L' to print out detailed information of unconnected 
  ports.


Warning-[TFIPC] Too few instance port connections
FAS_SYN.v, 4744
FAS, "DFFRX1 S2P_inst_x_reg_reg_7__8_( .D (n141),  .CK (clk),  .RN (n282),  .QN (n7608));"
  The above instance has fewer port connections than the module definition.
  Please use '+lint=TFIPC-L' to print out detailed information of unconnected 
  ports.


Warning-[TFIPC] Too few instance port connections
FAS_SYN.v, 4746
FAS, "DFFRX1 S2P_inst_x_reg_reg_7__9_( .D (n140),  .CK (clk),  .RN (n282),  .QN (n7613));"
  The above instance has fewer port connections than the module definition.
  Please use '+lint=TFIPC-L' to print out detailed information of unconnected 
  ports.


Warning-[TFIPC] Too few instance port connections
FAS_SYN.v, 4748
FAS, "DFFRX1 S2P_inst_x_reg_reg_7__10_( .D (n139),  .CK (clk),  .RN (n7904),  .QN (n7581));"
  The above instance has fewer port connections than the module definition.
  Please use '+lint=TFIPC-L' to print out detailed information of unconnected 
  ports.


Warning-[TFIPC] Too few instance port connections
FAS_SYN.v, 4749
FAS, "DFFRX1 S2P_inst_x_reg_reg_7__11_( .D (n138),  .CK (clk),  .RN (n282),  .QN (n7680));"
  The above instance has fewer port connections than the module definition.
  Please use '+lint=TFIPC-L' to print out detailed information of unconnected 
  ports.


Warning-[TFIPC] Too few instance port connections
FAS_SYN.v, 4751
FAS, "DFFRX1 S2P_inst_x_reg_reg_7__12_( .D (n137),  .CK (clk),  .RN (n7903),  .QN (n7674));"
  The above instance has fewer port connections than the module definition.
  Please use '+lint=TFIPC-L' to print out detailed information of unconnected 
  ports.


Warning-[TFIPC] Too few instance port connections
FAS_SYN.v, 4752
FAS, "DFFRX1 S2P_inst_x_reg_reg_7__13_( .D (n136),  .CK (clk),  .RN (n7903),  .QN (n7671));"
  The above instance has fewer port connections than the module definition.
  Please use '+lint=TFIPC-L' to print out detailed information of unconnected 
  ports.


Warning-[TFIPC] Too few instance port connections
FAS_SYN.v, 4753
FAS, "DFFRX1 S2P_inst_x_reg_reg_7__14_( .D (n135),  .CK (clk),  .RN (n7903),  .QN (n7656));"
  The above instance has fewer port connections than the module definition.
  Please use '+lint=TFIPC-L' to print out detailed information of unconnected 
  ports.


Warning-[TFIPC] Too few instance port connections
FAS_SYN.v, 4754
FAS, "DFFRX1 S2P_inst_x_reg_reg_7__15_( .D (n134),  .CK (clk),  .RN (n7903),  .QN (n7665));"
  The above instance has fewer port connections than the module definition.
  Please use '+lint=TFIPC-L' to print out detailed information of unconnected 
  ports.


Warning-[TFIPC] Too few instance port connections
FAS_SYN.v, 4755
FAS, "DFFRX1 S2P_inst_x_reg_reg_7__16_( .D (n133),  .CK (clk),  .RN (n282),  .QN (n7739));"
  The above instance has fewer port connections than the module definition.
  Please use '+lint=TFIPC-L' to print out detailed information of unconnected 
  ports.


Warning-[TFIPC] Too few instance port connections
FAS_SYN.v, 4757
FAS, "DFFRX1 S2P_inst_x_reg_reg_7__17_( .D (n132),  .CK (clk),  .RN (n282),  .QN (n7741));"
  The above instance has fewer port connections than the module definition.
  Please use '+lint=TFIPC-L' to print out detailed information of unconnected 
  ports.


Warning-[TFIPC] Too few instance port connections
FAS_SYN.v, 4759
FAS, "DFFRX1 S2P_inst_x_reg_reg_7__18_( .D (n131),  .CK (clk),  .RN (n7904),  .QN (n7748));"
  The above instance has fewer port connections than the module definition.
  Please use '+lint=TFIPC-L' to print out detailed information of unconnected 
  ports.


Warning-[TFIPC] Too few instance port connections
FAS_SYN.v, 4760
FAS, "DFFRX1 S2P_inst_x_reg_reg_7__19_( .D (n130),  .CK (clk),  .RN (n7904),  .QN (n7752));"
  The above instance has fewer port connections than the module definition.
  Please use '+lint=TFIPC-L' to print out detailed information of unconnected 
  ports.


Warning-[TFIPC] Too few instance port connections
FAS_SYN.v, 4763
FAS, "DFFRX1 S2P_inst_x_reg_reg_7__21_( .D (n128),  .CK (clk),  .RN (n7901),  .QN (n7566));"
  The above instance has fewer port connections than the module definition.
  Please use '+lint=TFIPC-L' to print out detailed information of unconnected 
  ports.


Warning-[TFIPC] Too few instance port connections
FAS_SYN.v, 4764
FAS, "DFFRX1 S2P_inst_x_reg_reg_7__22_( .D (n127),  .CK (clk),  .RN (n282),  .QN (n7568));"
  The above instance has fewer port connections than the module definition.
  Please use '+lint=TFIPC-L' to print out detailed information of unconnected 
  ports.


Warning-[TFIPC] Too few instance port connections
FAS_SYN.v, 4766
FAS, "DFFRX1 S2P_inst_x_reg_reg_7__23_( .D (n126),  .CK (clk),  .RN (n7901),  .QN (n7560));"
  The above instance has fewer port connections than the module definition.
  Please use '+lint=TFIPC-L' to print out detailed information of unconnected 
  ports.


Warning-[TFIPC] Too few instance port connections
FAS_SYN.v, 4793
FAS, "DFFRX1 S2P_inst_x_reg_reg_6__21_( .D (n112),  .CK (clk),  .RN (n7902),  .QN (n7754));"
  The above instance has fewer port connections than the module definition.
  Please use '+lint=TFIPC-L' to print out detailed information of unconnected 
  ports.


Warning-[TFIPC] Too few instance port connections
FAS_SYN.v, 4794
FAS, "DFFRX1 S2P_inst_x_reg_reg_6__22_( .D (n111),  .CK (clk),  .RN (n7903),  .QN (n7759));"
  The above instance has fewer port connections than the module definition.
  Please use '+lint=TFIPC-L' to print out detailed information of unconnected 
  ports.


Warning-[TFIPC] Too few instance port connections
FAS_SYN.v, 4795
FAS, "DFFRX1 S2P_inst_x_reg_reg_6__23_( .D (n110),  .CK (clk),  .RN (n7902),  .QN (n7767));"
  The above instance has fewer port connections than the module definition.
  Please use '+lint=TFIPC-L' to print out detailed information of unconnected 
  ports.


Warning-[TFIPC] Too few instance port connections
FAS_SYN.v, 4796
FAS, "DFFRX1 S2P_inst_x_reg_reg_5__8_( .D (n109),  .CK (clk),  .RN (n7904),  .QN (n7611));"
  The above instance has fewer port connections than the module definition.
  Please use '+lint=TFIPC-L' to print out detailed information of unconnected 
  ports.


Warning-[TFIPC] Too few instance port connections
FAS_SYN.v, 4798
FAS, "DFFRX1 S2P_inst_x_reg_reg_5__9_( .D (n108),  .CK (clk),  .RN (n7904),  .QN (n7615));"
  The above instance has fewer port connections than the module definition.
  Please use '+lint=TFIPC-L' to print out detailed information of unconnected 
  ports.


Warning-[TFIPC] Too few instance port connections
FAS_SYN.v, 4800
FAS, "DFFRX1 S2P_inst_x_reg_reg_5__10_( .D (n107),  .CK (clk),  .RN (n7904),  .QN (n7582));"
  The above instance has fewer port connections than the module definition.
  Please use '+lint=TFIPC-L' to print out detailed information of unconnected 
  ports.


Warning-[TFIPC] Too few instance port connections
FAS_SYN.v, 4801
FAS, "DFFRX1 S2P_inst_x_reg_reg_5__11_( .D (n106),  .CK (clk),  .RN (n7902),  .QN (n7681));"
  The above instance has fewer port connections than the module definition.
  Please use '+lint=TFIPC-L' to print out detailed information of unconnected 
  ports.


Warning-[TFIPC] Too few instance port connections
FAS_SYN.v, 4802
FAS, "DFFRX1 S2P_inst_x_reg_reg_5__12_( .D (n105),  .CK (clk),  .RN (n7902),  .QN (n7675));"
  The above instance has fewer port connections than the module definition.
  Please use '+lint=TFIPC-L' to print out detailed information of unconnected 
  ports.


Warning-[TFIPC] Too few instance port connections
FAS_SYN.v, 4803
FAS, "DFFRX1 S2P_inst_x_reg_reg_5__13_( .D (n104),  .CK (clk),  .RN (n7902),  .QN (n7672));"
  The above instance has fewer port connections than the module definition.
  Please use '+lint=TFIPC-L' to print out detailed information of unconnected 
  ports.


Warning-[TFIPC] Too few instance port connections
FAS_SYN.v, 4804
FAS, "DFFRX1 S2P_inst_x_reg_reg_5__14_( .D (n103),  .CK (clk),  .RN (n282),  .QN (n7657));"
  The above instance has fewer port connections than the module definition.
  Please use '+lint=TFIPC-L' to print out detailed information of unconnected 
  ports.


Warning-[TFIPC] Too few instance port connections
FAS_SYN.v, 4806
FAS, "DFFRX1 S2P_inst_x_reg_reg_5__15_( .D (n102),  .CK (clk),  .RN (n282),  .QN (n7666));"
  The above instance has fewer port connections than the module definition.
  Please use '+lint=TFIPC-L' to print out detailed information of unconnected 
  ports.


Warning-[TFIPC] Too few instance port connections
FAS_SYN.v, 4808
FAS, "DFFRX1 S2P_inst_x_reg_reg_5__16_( .D (n101),  .CK (clk),  .RN (n282),  .QN (n7740));"
  The above instance has fewer port connections than the module definition.
  Please use '+lint=TFIPC-L' to print out detailed information of unconnected 
  ports.


Warning-[TFIPC] Too few instance port connections
FAS_SYN.v, 4810
FAS, "DFFRX1 S2P_inst_x_reg_reg_5__17_( .D (n100),  .CK (clk),  .RN (n7904),  .QN (n7742));"
  The above instance has fewer port connections than the module definition.
  Please use '+lint=TFIPC-L' to print out detailed information of unconnected 
  ports.


Warning-[TFIPC] Too few instance port connections
FAS_SYN.v, 4811
FAS, "DFFRX1 S2P_inst_x_reg_reg_5__18_( .D (n99),  .CK (clk),  .RN (n7904),  .QN (n7749));"
  The above instance has fewer port connections than the module definition.
  Please use '+lint=TFIPC-L' to print out detailed information of unconnected 
  ports.


Warning-[TFIPC] Too few instance port connections
FAS_SYN.v, 4813
FAS, "DFFRX1 S2P_inst_x_reg_reg_5__19_( .D (n98),  .CK (clk),  .RN (n7904),  .QN (n7753));"
  The above instance has fewer port connections than the module definition.
  Please use '+lint=TFIPC-L' to print out detailed information of unconnected 
  ports.


Warning-[TFIPC] Too few instance port connections
FAS_SYN.v, 4817
FAS, "DFFRX1 S2P_inst_x_reg_reg_5__21_( .D (n96),  .CK (clk),  .RN (n282),  .QN (n7565));"
  The above instance has fewer port connections than the module definition.
  Please use '+lint=TFIPC-L' to print out detailed information of unconnected 
  ports.


Warning-[TFIPC] Too few instance port connections
FAS_SYN.v, 4819
FAS, "DFFRX1 S2P_inst_x_reg_reg_5__22_( .D (n95),  .CK (clk),  .RN (n7904),  .QN (n7569));"
  The above instance has fewer port connections than the module definition.
  Please use '+lint=TFIPC-L' to print out detailed information of unconnected 
  ports.


Warning-[TFIPC] Too few instance port connections
FAS_SYN.v, 4821
FAS, "DFFRX1 S2P_inst_x_reg_reg_5__23_( .D (n94),  .CK (clk),  .RN (n7903),  .QN (n7559));"
  The above instance has fewer port connections than the module definition.
  Please use '+lint=TFIPC-L' to print out detailed information of unconnected 
  ports.


Warning-[TFIPC] Too few instance port connections
FAS_SYN.v, 4849
FAS, "DFFRX1 S2P_inst_x_reg_reg_4__21_( .D (n80),  .CK (clk),  .RN (n282),  .QN (n7784));"
  The above instance has fewer port connections than the module definition.
  Please use '+lint=TFIPC-L' to print out detailed information of unconnected 
  ports.


Warning-[TFIPC] Too few instance port connections
FAS_SYN.v, 4851
FAS, "DFFRX1 S2P_inst_x_reg_reg_4__22_( .D (n79),  .CK (clk),  .RN (n7918),  .QN (n7795));"
  The above instance has fewer port connections than the module definition.
  Please use '+lint=TFIPC-L' to print out detailed information of unconnected 
  ports.


Warning-[TFIPC] Too few instance port connections
FAS_SYN.v, 4853
FAS, "DFFRX1 S2P_inst_x_reg_reg_4__23_( .D (n78),  .CK (clk),  .RN (n7902),  .QN (n7798));"
  The above instance has fewer port connections than the module definition.
  Please use '+lint=TFIPC-L' to print out detailed information of unconnected 
  ports.


Warning-[TFIPC] Too few instance port connections
FAS_SYN.v, 4855
FAS, "DFFRX1 S2P_inst_x_reg_reg_3__8_( .D (n77),  .CK (clk),  .RN (n7904),  .QN (n7554));"
  The above instance has fewer port connections than the module definition.
  Please use '+lint=TFIPC-L' to print out detailed information of unconnected 
  ports.


Warning-[TFIPC] Too few instance port connections
FAS_SYN.v, 4857
FAS, "DFFRX1 S2P_inst_x_reg_reg_3__9_( .D (n76),  .CK (clk),  .RN (n7904),  .QN (n7614));"
  The above instance has fewer port connections than the module definition.
  Please use '+lint=TFIPC-L' to print out detailed information of unconnected 
  ports.


Warning-[TFIPC] Too few instance port connections
FAS_SYN.v, 4859
FAS, "DFFRX1 S2P_inst_x_reg_reg_3__10_( .D (n75),  .CK (clk),  .RN (n7904),  .QN (n7637));"
  The above instance has fewer port connections than the module definition.
  Please use '+lint=TFIPC-L' to print out detailed information of unconnected 
  ports.


Warning-[TFIPC] Too few instance port connections
FAS_SYN.v, 4861
FAS, "DFFRX1 S2P_inst_x_reg_reg_3__11_( .D (n74),  .CK (clk),  .RN (n7902),  .QN (n7585));"
  The above instance has fewer port connections than the module definition.
  Please use '+lint=TFIPC-L' to print out detailed information of unconnected 
  ports.


Warning-[TFIPC] Too few instance port connections
FAS_SYN.v, 4863
FAS, "DFFRX1 S2P_inst_x_reg_reg_3__12_( .D (n73),  .CK (clk),  .RN (n7902),  .QN (n7724));"
  The above instance has fewer port connections than the module definition.
  Please use '+lint=TFIPC-L' to print out detailed information of unconnected 
  ports.


Warning-[TFIPC] Too few instance port connections
FAS_SYN.v, 4865
FAS, "DFFRX1 S2P_inst_x_reg_reg_3__13_( .D (n72),  .CK (clk),  .RN (n7902),  .QN (n7723));"
  The above instance has fewer port connections than the module definition.
  Please use '+lint=TFIPC-L' to print out detailed information of unconnected 
  ports.


Warning-[TFIPC] Too few instance port connections
FAS_SYN.v, 4867
FAS, "DFFRX1 S2P_inst_x_reg_reg_3__14_( .D (n71),  .CK (clk),  .RN (n282),  .QN (n7710));"
  The above instance has fewer port connections than the module definition.
  Please use '+lint=TFIPC-L' to print out detailed information of unconnected 
  ports.


Warning-[TFIPC] Too few instance port connections
FAS_SYN.v, 4869
FAS, "DFFRX1 S2P_inst_x_reg_reg_3__15_( .D (n70),  .CK (clk),  .RN (n282),  .QN (n7718));"
  The above instance has fewer port connections than the module definition.
  Please use '+lint=TFIPC-L' to print out detailed information of unconnected 
  ports.


Warning-[TFIPC] Too few instance port connections
FAS_SYN.v, 4871
FAS, "DFFRX1 S2P_inst_x_reg_reg_3__16_( .D (n69),  .CK (clk),  .RN (n282),  .QN (n7757));"
  The above instance has fewer port connections than the module definition.
  Please use '+lint=TFIPC-L' to print out detailed information of unconnected 
  ports.


Warning-[TFIPC] Too few instance port connections
FAS_SYN.v, 4873
FAS, "DFFRX1 S2P_inst_x_reg_reg_3__17_( .D (n68),  .CK (clk),  .RN (n7904),  .QN (n7758));"
  The above instance has fewer port connections than the module definition.
  Please use '+lint=TFIPC-L' to print out detailed information of unconnected 
  ports.


Warning-[TFIPC] Too few instance port connections
FAS_SYN.v, 4875
FAS, "DFFRX1 S2P_inst_x_reg_reg_3__18_( .D (n67),  .CK (clk),  .RN (n7904),  .QN (n7760));"
  The above instance has fewer port connections than the module definition.
  Please use '+lint=TFIPC-L' to print out detailed information of unconnected 
  ports.


Warning-[TFIPC] Too few instance port connections
FAS_SYN.v, 4877
FAS, "DFFRX1 S2P_inst_x_reg_reg_3__19_( .D (n66),  .CK (clk),  .RN (n7904),  .QN (n7761));"
  The above instance has fewer port connections than the module definition.
  Please use '+lint=TFIPC-L' to print out detailed information of unconnected 
  ports.


Warning-[TFIPC] Too few instance port connections
FAS_SYN.v, 4879
FAS, "DFFRX1 S2P_inst_x_reg_reg_3__20_( .D (n65),  .CK (clk),  .RN (n282),  .QN (n7762));"
  The above instance has fewer port connections than the module definition.
  Please use '+lint=TFIPC-L' to print out detailed information of unconnected 
  ports.


Warning-[TFIPC] Too few instance port connections
FAS_SYN.v, 4881
FAS, "DFFRX1 S2P_inst_x_reg_reg_3__21_( .D (n64),  .CK (clk),  .RN (n7904),  .QN (n7571));"
  The above instance has fewer port connections than the module definition.
  Please use '+lint=TFIPC-L' to print out detailed information of unconnected 
  ports.


Warning-[TFIPC] Too few instance port connections
FAS_SYN.v, 4883
FAS, "DFFRX1 S2P_inst_x_reg_reg_3__22_( .D (n63),  .CK (clk),  .RN (n7903),  .QN (n7594));"
  The above instance has fewer port connections than the module definition.
  Please use '+lint=TFIPC-L' to print out detailed information of unconnected 
  ports.


Warning-[TFIPC] Too few instance port connections
FAS_SYN.v, 4885
FAS, "DFFRX1 S2P_inst_x_reg_reg_3__23_( .D (n62),  .CK (clk),  .RN (n7918),  .QN (n7570));"
  The above instance has fewer port connections than the module definition.
  Please use '+lint=TFIPC-L' to print out detailed information of unconnected 
  ports.


Warning-[TFIPC] Too few instance port connections
FAS_SYN.v, 4915
FAS, "DFFRX1 S2P_inst_x_reg_reg_2__22_( .D (n47),  .CK (clk),  .RN (n7903),  .QN (n7557));"
  The above instance has fewer port connections than the module definition.
  Please use '+lint=TFIPC-L' to print out detailed information of unconnected 
  ports.


Warning-[TFIPC] Too few instance port connections
FAS_SYN.v, 4917
FAS, "DFFRX1 S2P_inst_x_reg_reg_2__23_( .D (n46),  .CK (clk),  .RN (n7918),  .QN (n7765));"
  The above instance has fewer port connections than the module definition.
  Please use '+lint=TFIPC-L' to print out detailed information of unconnected 
  ports.


Warning-[TFIPC] Too few instance port connections
FAS_SYN.v, 4919
FAS, "DFFRX1 S2P_inst_x_reg_reg_1__8_( .D (n45),  .CK (clk),  .RN (n7903),  .QN (n7610));"
  The above instance has fewer port connections than the module definition.
  Please use '+lint=TFIPC-L' to print out detailed information of unconnected 
  ports.


Warning-[TFIPC] Too few instance port connections
FAS_SYN.v, 4921
FAS, "DFFRX1 S2P_inst_x_reg_reg_1__9_( .D (n44),  .CK (clk),  .RN (n282),  .QN (n7555));"
  The above instance has fewer port connections than the module definition.
  Please use '+lint=TFIPC-L' to print out detailed information of unconnected 
  ports.


Warning-[TFIPC] Too few instance port connections
FAS_SYN.v, 4923
FAS, "DFFRX1 S2P_inst_x_reg_reg_1__10_( .D (n43),  .CK (clk),  .RN (n7902),  .QN (n7638));"
  The above instance has fewer port connections than the module definition.
  Please use '+lint=TFIPC-L' to print out detailed information of unconnected 
  ports.


Warning-[TFIPC] Too few instance port connections
FAS_SYN.v, 4925
FAS, "DFFRX1 S2P_inst_x_reg_reg_1__11_( .D (n42),  .CK (clk),  .RN (n282),  .QN (n7662));"
  The above instance has fewer port connections than the module definition.
  Please use '+lint=TFIPC-L' to print out detailed information of unconnected 
  ports.


Warning-[TFIPC] Too few instance port connections
FAS_SYN.v, 4927
FAS, "DFFRX1 S2P_inst_x_reg_reg_1__12_( .D (n41),  .CK (clk),  .RN (n282),  .QN (n7580));"
  The above instance has fewer port connections than the module definition.
  Please use '+lint=TFIPC-L' to print out detailed information of unconnected 
  ports.


Warning-[TFIPC] Too few instance port connections
FAS_SYN.v, 4929
FAS, "DFFRX1 S2P_inst_x_reg_reg_1__13_( .D (n40),  .CK (clk),  .RN (n282),  .QN (n7667));"
  The above instance has fewer port connections than the module definition.
  Please use '+lint=TFIPC-L' to print out detailed information of unconnected 
  ports.


Warning-[TFIPC] Too few instance port connections
FAS_SYN.v, 4931
FAS, "DFFRX1 S2P_inst_x_reg_reg_1__14_( .D (n39),  .CK (clk),  .RN (n282),  .QN (n7653));"
  The above instance has fewer port connections than the module definition.
  Please use '+lint=TFIPC-L' to print out detailed information of unconnected 
  ports.


Warning-[TFIPC] Too few instance port connections
FAS_SYN.v, 4933
FAS, "DFFRX1 S2P_inst_x_reg_reg_1__15_( .D (n38),  .CK (clk),  .RN (n282),  .QN (n7660));"
  The above instance has fewer port connections than the module definition.
  Please use '+lint=TFIPC-L' to print out detailed information of unconnected 
  ports.


Warning-[TFIPC] Too few instance port connections
FAS_SYN.v, 4935
FAS, "DFFRX1 S2P_inst_x_reg_reg_1__16_( .D (n37),  .CK (clk),  .RN (n282),  .QN (n7561));"
  The above instance has fewer port connections than the module definition.
  Please use '+lint=TFIPC-L' to print out detailed information of unconnected 
  ports.


Warning-[TFIPC] Too few instance port connections
FAS_SYN.v, 4937
FAS, "DFFRX1 S2P_inst_x_reg_reg_1__17_( .D (n36),  .CK (clk),  .RN (n7902),  .QN (n7736));"
  The above instance has fewer port connections than the module definition.
  Please use '+lint=TFIPC-L' to print out detailed information of unconnected 
  ports.


Warning-[TFIPC] Too few instance port connections
FAS_SYN.v, 4939
FAS, "DFFRX1 S2P_inst_x_reg_reg_1__18_( .D (n35),  .CK (clk),  .RN (n7902),  .QN (n7744));"
  The above instance has fewer port connections than the module definition.
  Please use '+lint=TFIPC-L' to print out detailed information of unconnected 
  ports.


Warning-[TFIPC] Too few instance port connections
FAS_SYN.v, 4941
FAS, "DFFRX1 S2P_inst_x_reg_reg_1__19_( .D (n34),  .CK (clk),  .RN (n7902),  .QN (n7747));"
  The above instance has fewer port connections than the module definition.
  Please use '+lint=TFIPC-L' to print out detailed information of unconnected 
  ports.


Warning-[TFIPC] Too few instance port connections
FAS_SYN.v, 4943
FAS, "DFFRX1 S2P_inst_x_reg_reg_1__20_( .D (n33),  .CK (clk),  .RN (n7902),  .QN (n7751));"
  The above instance has fewer port connections than the module definition.
  Please use '+lint=TFIPC-L' to print out detailed information of unconnected 
  ports.


Warning-[TFIPC] Too few instance port connections
FAS_SYN.v, 4947
FAS, "DFFRX1 S2P_inst_x_reg_reg_1__22_( .D (n31),  .CK (clk),  .RN (n7903),  .QN (n7755));"
  The above instance has fewer port connections than the module definition.
  Please use '+lint=TFIPC-L' to print out detailed information of unconnected 
  ports.


Warning-[TFIPC] Too few instance port connections
FAS_SYN.v, 4949
FAS, "DFFRX1 S2P_inst_x_reg_reg_1__23_( .D (n30),  .CK (clk),  .RN (n7902),  .QN (n7588));"
  The above instance has fewer port connections than the module definition.
  Please use '+lint=TFIPC-L' to print out detailed information of unconnected 
  ports.


Warning-[TFIPC] Too few instance port connections
FAS_SYN.v, 4951
FAS, "DFFRX1 S2P_inst_x_reg_reg_0__8_( .D (n29),  .CK (clk),  .RN (n7904),  .Q (S2P_inst_x_reg[99]));"
  The above instance has fewer port connections than the module definition.
  Please use '+lint=TFIPC-L' to print out detailed information of unconnected 
  ports.


Warning-[TFIPC] Too few instance port connections
FAS_SYN.v, 4953
FAS, "DFFRX1 S2P_inst_x_reg_reg_0__9_( .D (n28),  .CK (clk),  .RN (n7904),  .Q (S2P_inst_x_reg[100]));"
  The above instance has fewer port connections than the module definition.
  Please use '+lint=TFIPC-L' to print out detailed information of unconnected 
  ports.


Warning-[TFIPC] Too few instance port connections
FAS_SYN.v, 4955
FAS, "DFFRX1 S2P_inst_x_reg_reg_0__10_( .D (n27),  .CK (clk),  .RN (n7904),  .Q (S2P_inst_x_reg[101]));"
  The above instance has fewer port connections than the module definition.
  Please use '+lint=TFIPC-L' to print out detailed information of unconnected 
  ports.


Warning-[TFIPC] Too few instance port connections
FAS_SYN.v, 4957
FAS, "DFFRX1 S2P_inst_x_reg_reg_0__11_( .D (n26),  .CK (clk),  .RN (n7904),  .Q (S2P_inst_x_reg[102]));"
  The above instance has fewer port connections than the module definition.
  Please use '+lint=TFIPC-L' to print out detailed information of unconnected 
  ports.


Warning-[TFIPC] Too few instance port connections
FAS_SYN.v, 4959
FAS, "DFFRX1 S2P_inst_x_reg_reg_0__12_( .D (n25),  .CK (clk),  .RN (n7904),  .Q (S2P_inst_x_reg[103]));"
  The above instance has fewer port connections than the module definition.
  Please use '+lint=TFIPC-L' to print out detailed information of unconnected 
  ports.


Warning-[TFIPC] Too few instance port connections
FAS_SYN.v, 4961
FAS, "DFFRX1 S2P_inst_x_reg_reg_0__13_( .D (n24),  .CK (clk),  .RN (n7904),  .Q (S2P_inst_x_reg[104]));"
  The above instance has fewer port connections than the module definition.
  Please use '+lint=TFIPC-L' to print out detailed information of unconnected 
  ports.


Warning-[TFIPC] Too few instance port connections
FAS_SYN.v, 4963
FAS, "DFFRX1 S2P_inst_x_reg_reg_0__14_( .D (n23),  .CK (clk),  .RN (n7904),  .Q (S2P_inst_x_reg[105]));"
  The above instance has fewer port connections than the module definition.
  Please use '+lint=TFIPC-L' to print out detailed information of unconnected 
  ports.


Warning-[TFIPC] Too few instance port connections
FAS_SYN.v, 4965
FAS, "DFFRX1 S2P_inst_x_reg_reg_0__15_( .D (n22),  .CK (clk),  .RN (n7904),  .Q (S2P_inst_x_reg[106]));"
  The above instance has fewer port connections than the module definition.
  Please use '+lint=TFIPC-L' to print out detailed information of unconnected 
  ports.


Warning-[TFIPC] Too few instance port connections
FAS_SYN.v, 4967
FAS, "DFFRX1 S2P_inst_x_reg_reg_0__16_( .D (n21),  .CK (clk),  .RN (n7904),  .Q (S2P_inst_x_reg[107]));"
  The above instance has fewer port connections than the module definition.
  Please use '+lint=TFIPC-L' to print out detailed information of unconnected 
  ports.


Warning-[TFIPC] Too few instance port connections
FAS_SYN.v, 4969
FAS, "DFFRX1 S2P_inst_x_reg_reg_0__17_( .D (n20),  .CK (clk),  .RN (n7904),  .Q (S2P_inst_x_reg[108]));"
  The above instance has fewer port connections than the module definition.
  Please use '+lint=TFIPC-L' to print out detailed information of unconnected 
  ports.


Warning-[TFIPC] Too few instance port connections
FAS_SYN.v, 4971
FAS, "DFFRX1 S2P_inst_x_reg_reg_0__18_( .D (n19),  .CK (clk),  .RN (n7904),  .Q (S2P_inst_x_reg[109]));"
  The above instance has fewer port connections than the module definition.
  Please use '+lint=TFIPC-L' to print out detailed information of unconnected 
  ports.


Warning-[TFIPC] Too few instance port connections
FAS_SYN.v, 4973
FAS, "DFFRX1 S2P_inst_x_reg_reg_0__19_( .D (n18),  .CK (clk),  .RN (n7904),  .Q (S2P_inst_x_reg[110]));"
  The above instance has fewer port connections than the module definition.
  Please use '+lint=TFIPC-L' to print out detailed information of unconnected 
  ports.


Warning-[TFIPC] Too few instance port connections
FAS_SYN.v, 4975
FAS, "DFFRX1 S2P_inst_x_reg_reg_0__20_( .D (n17),  .CK (clk),  .RN (n7918),  .Q (S2P_inst_x_reg[111]));"
  The above instance has fewer port connections than the module definition.
  Please use '+lint=TFIPC-L' to print out detailed information of unconnected 
  ports.


Warning-[TFIPC] Too few instance port connections
FAS_SYN.v, 4977
FAS, "DFFRX1 S2P_inst_x_reg_reg_0__21_( .D (n16),  .CK (clk),  .RN (n7904),  .Q (S2P_inst_x_reg[112]));"
  The above instance has fewer port connections than the module definition.
  Please use '+lint=TFIPC-L' to print out detailed information of unconnected 
  ports.


Warning-[TFIPC] Too few instance port connections
FAS_SYN.v, 4979
FAS, "DFFRX1 S2P_inst_x_reg_reg_0__22_( .D (n15),  .CK (clk),  .RN (n7902),  .Q (S2P_inst_x_reg[113]));"
  The above instance has fewer port connections than the module definition.
  Please use '+lint=TFIPC-L' to print out detailed information of unconnected 
  ports.


Warning-[TFIPC] Too few instance port connections
FAS_SYN.v, 4981
FAS, "DFFRX1 S2P_inst_x_reg_reg_0__23_( .D (n14),  .CK (clk),  .RN (n282),  .Q (S2P_inst_x_reg[114]));"
  The above instance has fewer port connections than the module definition.
  Please use '+lint=TFIPC-L' to print out detailed information of unconnected 
  ports.


Warning-[TFIPC] Too few instance port connections
FAS_SYN.v, 4983
FAS, "DFFRX1 S2P_inst_x_reg_reg_15__8_( .D (n277),  .CK (clk),  .RN (n282),  .QN (n7573));"
  The above instance has fewer port connections than the module definition.
  Please use '+lint=TFIPC-L' to print out detailed information of unconnected 
  ports.


Warning-[TFIPC] Too few instance port connections
FAS_SYN.v, 4985
FAS, "DFFRX1 S2P_inst_x_reg_reg_15__9_( .D (n276),  .CK (clk),  .RN (n7904),  .QN (n7606));"
  The above instance has fewer port connections than the module definition.
  Please use '+lint=TFIPC-L' to print out detailed information of unconnected 
  ports.


Warning-[TFIPC] Too few instance port connections
FAS_SYN.v, 4986
FAS, "DFFRX1 S2P_inst_x_reg_reg_15__10_( .D (n275),  .CK (clk),  .RN (n282),  .QN (n7627));"
  The above instance has fewer port connections than the module definition.
  Please use '+lint=TFIPC-L' to print out detailed information of unconnected 
  ports.


Warning-[TFIPC] Too few instance port connections
FAS_SYN.v, 4987
FAS, "DFFRX1 S2P_inst_x_reg_reg_15__11_( .D (n274),  .CK (clk),  .RN (n7903),  .QN (n7646));"
  The above instance has fewer port connections than the module definition.
  Please use '+lint=TFIPC-L' to print out detailed information of unconnected 
  ports.


Warning-[TFIPC] Too few instance port connections
FAS_SYN.v, 4989
FAS, "DFFRX1 S2P_inst_x_reg_reg_15__12_( .D (n273),  .CK (clk),  .RN (n7903),  .QN (n7636));"
  The above instance has fewer port connections than the module definition.
  Please use '+lint=TFIPC-L' to print out detailed information of unconnected 
  ports.


Warning-[TFIPC] Too few instance port connections
FAS_SYN.v, 4991
FAS, "DFFRX1 S2P_inst_x_reg_reg_15__13_( .D (n272),  .CK (clk),  .RN (n7902),  .QN (n7642));"
  The above instance has fewer port connections than the module definition.
  Please use '+lint=TFIPC-L' to print out detailed information of unconnected 
  ports.


Warning-[TFIPC] Too few instance port connections
FAS_SYN.v, 4993
FAS, "DFFRX1 S2P_inst_x_reg_reg_15__14_( .D (n271),  .CK (clk),  .RN (n7903),  .QN (n7623));"
  The above instance has fewer port connections than the module definition.
  Please use '+lint=TFIPC-L' to print out detailed information of unconnected 
  ports.


Warning-[TFIPC] Too few instance port connections
FAS_SYN.v, 4995
FAS, "DFFRX1 S2P_inst_x_reg_reg_15__15_( .D (n270),  .CK (clk),  .RN (n282),  .QN (n7633));"
  The above instance has fewer port connections than the module definition.
  Please use '+lint=TFIPC-L' to print out detailed information of unconnected 
  ports.


Warning-[TFIPC] Too few instance port connections
FAS_SYN.v, 4996
FAS, "DFFRX1 S2P_inst_x_reg_reg_15__16_( .D (n269),  .CK (clk),  .RN (n282),  .QN (n7694));"
  The above instance has fewer port connections than the module definition.
  Please use '+lint=TFIPC-L' to print out detailed information of unconnected 
  ports.


Warning-[TFIPC] Too few instance port connections
FAS_SYN.v, 4997
FAS, "DFFRX1 S2P_inst_x_reg_reg_15__17_( .D (n268),  .CK (clk),  .RN (n7904),  .QN (n7700));"
  The above instance has fewer port connections than the module definition.
  Please use '+lint=TFIPC-L' to print out detailed information of unconnected 
  ports.


Warning-[TFIPC] Too few instance port connections
FAS_SYN.v, 4999
FAS, "DFFRX1 S2P_inst_x_reg_reg_15__18_( .D (n267),  .CK (clk),  .RN (n7904),  .QN (n7698));"
  The above instance has fewer port connections than the module definition.
  Please use '+lint=TFIPC-L' to print out detailed information of unconnected 
  ports.


Warning-[TFIPC] Too few instance port connections
FAS_SYN.v, 5001
FAS, "DFFRX1 S2P_inst_x_reg_reg_15__19_( .D (n266),  .CK (clk),  .RN (n7902),  .QN (n7713));"
  The above instance has fewer port connections than the module definition.
  Please use '+lint=TFIPC-L' to print out detailed information of unconnected 
  ports.


Warning-[TFIPC] Too few instance port connections
FAS_SYN.v, 5005
FAS, "DFFRX1 S2P_inst_x_reg_reg_15__21_( .D (n264),  .CK (clk),  .RN (n7903),  .QN (n7583));"
  The above instance has fewer port connections than the module definition.
  Please use '+lint=TFIPC-L' to print out detailed information of unconnected 
  ports.


Warning-[TFIPC] Too few instance port connections
FAS_SYN.v, 5007
FAS, "DFFRX1 S2P_inst_x_reg_reg_15__22_( .D (n263),  .CK (clk),  .RN (n282),  .QN (n7589));"
  The above instance has fewer port connections than the module definition.
  Please use '+lint=TFIPC-L' to print out detailed information of unconnected 
  ports.


Warning-[TFIPC] Too few instance port connections
FAS_SYN.v, 5008
FAS, "DFFRX1 S2P_inst_x_reg_reg_15__23_( .D (n262),  .CK (clk),  .RN (n7902),  .QN (n7592));"
  The above instance has fewer port connections than the module definition.
  Please use '+lint=TFIPC-L' to print out detailed information of unconnected 
  ports.


Warning-[TFIPC] Too few instance port connections
FAS_SYN.v, 11150
FAS, "DFFRX1 FFT_inst_count_reg_2_( .D (n261),  .CK (clk),  .RN (n7902),  .QN (n7768));"
  The above instance has fewer port connections than the module definition.
  Please use '+lint=TFIPC-L' to print out detailed information of unconnected 
  ports.


Warning-[TFIPC] Too few instance port connections
FAS_SYN.v, 11153
FAS, "DFFRX1 FFT_inst_count_reg_0_( .D (n258),  .CK (clk),  .RN (n282),  .Q (FFT_inst_count[0]));"
  The above instance has fewer port connections than the module definition.
  Please use '+lint=TFIPC-L' to print out detailed information of unconnected 
  ports.


Warning-[TFIPC] Too few instance port connections
FAS_SYN.v, 23081
FAS, "ADDFX1 U8524( .A (n7807),  .B (n7808),  .CI (n7131),  .S (FFT_inst_stage_1_r[175]));"
  The above instance has fewer port connections than the module definition.
  Please use '+lint=TFIPC-L' to print out detailed information of unconnected 
  ports.


   ***   $sdf_annotate() version 1.2R
   ***    SDF file: "FAS_SYN.sdf"
   ***    Annotation scope: testfixture1.DUT
   ***    No MTM selection argument specified
   ***    No SCALE FACTORS argument specified
   ***    No SCALE TYPE argument specified
   ***    MTM selection defaulted to "TOOL_CONTROL":
               (+maxdelays compiled, MAXIMUM delays selected)
   ***    SCALE FACTORS defaulted to "1.0:1.0:1.0":
   ***    SCALE TYPE defaulted to: "FROM_MTM"
   ***    Turnoff delay: "FROM_FILE"
   ***    Approximation (mipd) policy: "MAXIMUM"

   ***    SDF annotation begin: Sun Jan 26 01:16:32 2025


SDF Info: +pulse_r/100, +pulse_e/100 in effect

          Total errors: 0
          Total warnings: 0
   ***    SDF annotation completed: Sun Jan 26 01:16:33 2025


Notice: Ports coerced to inout, use -notice for details
Starting vcs inline pass...

Note-[VCS_PARAL] Parallel code-gen enabled
  VCS is running with parallel code generation(-j)...

147 modules and 2 UDPs read.
recompiling module Butterfly_17
recompiling module Butterfly_9
recompiling module Butterfly_15
recompiling module ADDFXL
recompiling module AOI222XL
recompiling module AOI221XL
recompiling module AOI22X1
recompiling module OAI22X1
recompiling module CLKXOR2X2
recompiling module AOI211X1
recompiling module AOI21XL
recompiling module NAND4X1
recompiling module OAI2BB1X1
recompiling module NAND2BX1
recompiling module NAND2XL
recompiling module OR2X2
recompiling module BUFX12
recompiling module INVX6
recompiling module Butterfly_10
recompiling module Butterfly_4
recompiling module Butterfly_23
recompiling module ADDFX1
recompiling module AOI222X1
recompiling module AOI32XL
recompiling module AOI22X2
recompiling module OAI22X2
recompiling module CLKXOR2X4
recompiling module AOI31XL
recompiling module AOI21X1
recompiling module NOR4XL
recompiling module OA21XL
recompiling module NOR3XL
recompiling module NAND2X1
recompiling module OR2X4
recompiling module BUFX16
recompiling module INVX8
recompiling module Butterfly_8
recompiling module Butterfly_5
recompiling module Butterfly_31
recompiling module ADDFX2
recompiling module AOI222X2
recompiling module OAI32XL
recompiling module AOI22X4
recompiling module OAI22X4
recompiling module XOR2XL
recompiling module AOI31X1
recompiling module AOI21X2
recompiling module NOR4X1
recompiling module OA21X1
recompiling module NOR3X1
recompiling module NAND2X2
recompiling module CLKAND2X8
recompiling module BUFX20
recompiling module INVX12
recompiling module Butterfly_12
recompiling module Butterfly_11
recompiling module Butterfly_7
recompiling module CMPR42X1
recompiling module DFFRX4
recompiling module ADDHX1
recompiling module AOI22XL
recompiling module OAI22XL
recompiling module OA22X1
recompiling module AOI211XL
recompiling module AND4X1
recompiling module MX2X1
recompiling module OAI2BB1XL
recompiling module NAND3X1
recompiling module AND2X2
recompiling module OR2X1
recompiling module BUFX8
recompiling module INVX4
recompiling module CLKINVX2
recompiling module FIR
recompiling module Butterfly_0
recompiling module testfixture1
recompiling module Butterfly_19
recompiling module DFFRX2
recompiling module ADDHXL
recompiling module DFFHQX4
recompiling module AO22X1
recompiling module OAI2BB2X4
recompiling module XNOR2X2
recompiling module OAI31XL
recompiling module AO21X2
recompiling module OAI21X4
recompiling module NAND3XL
recompiling module AND2X1
recompiling module NOR2X4
recompiling module BUFX6
recompiling module INVX3
recompiling module CLKINVX1
recompiling module FAS
recompiling module Butterfly_2
recompiling module Butterfly_21
recompiling module Butterfly_6
recompiling module ADDFHX2
recompiling module OAI222XL
recompiling module DFFQX2
recompiling module AOI2BB2X2
recompiling module OAI2BB2X1
recompiling module XNOR2XL
recompiling module OAI211XL
recompiling module AOI2BB1X2
recompiling module OAI21X1
recompiling module AND3X1
recompiling module NOR2BX1
recompiling module NOR2X1
recompiling module BUFX3
recompiling module INVX1
recompiling module CLKBUFX3
recompiling module Analysis
recompiling module Butterfly_3
recompiling module Butterfly_27
recompiling module Butterfly_13
recompiling module DFFRX1
recompiling module OAI222X1
recompiling module DFFQX4
recompiling module AOI2BB2X4
recompiling module OAI2BB2X2
recompiling module XNOR2X1
recompiling module OAI211X1
recompiling module AO21X1
recompiling module OAI21X2
recompiling module AND3X2
recompiling module NOR2BX2
recompiling module NOR2X2
recompiling module BUFX4
recompiling module INVX2
recompiling module CLKBUFX8
recompiling module Butterfly_1
recompiling module Butterfly_14
recompiling module ADDFHX1
recompiling module AOI222X4
recompiling module DFFQX1
recompiling module AOI2BB2X1
recompiling module OAI2BB2XL
recompiling module XOR2X1
recompiling module MXI2X1
recompiling module AOI2BB1X1
recompiling module OAI21XL
recompiling module OA21X2
recompiling module NOR2BXL
recompiling module NOR2XL
recompiling module BUFX2
recompiling module INVXL
recompiling module INVX16
All of 147 modules done
make[1]: Entering directory `/home/M13/m0bochun/IC_Contest/2013/2013_grad_cell/03_GATE/csrc' \

rm -f _cuarc*.so _csrc*.so pre_vcsobj_*.so share_vcsobj_*.so
if [ -x ../simv ]; then chmod a-x ../simv; fi
g++  -o ../simv      -rdynamic  -Wl,-rpath='$ORIGIN'/simv.daidir -Wl,-rpath=./simv.daidir \
-Wl,-rpath=/usr/cad/synopsys/vcs/2023.03/linux64/lib -L/usr/cad/synopsys/vcs/2023.03/linux64/lib \
-Wl,-rpath-link=./  /usr/lib64/libnuma.so.1   objs/amcQw_d.o   _22870_archive_1.so \
_22895_archive_1.so _22896_archive_1.so _22897_archive_1.so _22898_archive_1.so _22899_archive_1.so \
_22900_archive_1.so _22901_archive_1.so _prev_archive_1.so objs/udps/U7Vwg.o objs/udps/exIG1.o \
SIM_l.o      rmapats_mop.o rmapats.o rmar.o rmar_nd.o  rmar_llvm_0_1.o rmar_llvm_0_0.o \
-lvirsim -lerrorinf -lsnpsmalloc -lvfs /usr/cad/synopsys/verdi/2023.03//share/PLI/VCS/linux64/pli.a \
-lvcsnew -lsimprofile -luclinative /usr/cad/synopsys/vcs/2023.03/linux64/lib/vcs_tls.o \
-Wl,-whole-archive  -lvcsucli    -Wl,-no-whole-archive        _vcs_pli_stub_.o   \
/usr/cad/synopsys/vcs/2023.03/linux64/lib/vcs_save_restore_new.o /usr/cad/synopsys/verdi/2023.03/share/PLI/VCS/LINUX64/pli.a \
-ldl -lm  -lc -lpthread -ldl 
../simv up to date
make[1]: Leaving directory `/home/M13/m0bochun/IC_Contest/2013/2013_grad_cell/03_GATE/csrc' \

Command: /home/M13/m0bochun/IC_Contest/2013/2013_grad_cell/03_GATE/./simv +v2k -a vcs.log +define+GATE +maxdelays +neg_tchk +nowarnNTCDSN
Chronologic VCS simulator copyright 1991-2023
Contains Synopsys proprietary information.
Compiler version U-2023.03_Full64; Runtime version U-2023.03_Full64;  Jan 26 01:16 2025
Doing SDF annotation ...... Done
*Verdi* Loading libsscore_vcs202303.so
FSDB Dumper for VCS, Release Verdi_U-2023.03, Linux x86_64/64bit, 02/16/2023
(C) 1996 - 2023 by Synopsys, Inc.
*Verdi* FSDB WARNING: The FSDB file already exists. Overwriting the FSDB file may crash the programs that are using this file.
*Verdi* : Create FSDB file 'FAS.fsdb'
*Verdi* : Begin traversing the scopes, layer (0).
*Verdi* : End of traversing.
*Verdi* FSDB WARNING: The FSDB file already exists. Overwriting the FSDB file may crash the programs that are using this file.
*Verdi* : Create FSDB file 'FAS_SYN.fsdb'
*Verdi* : Begin traversing the scopes, layer (0).
*Verdi* : End of traversing.
FFT dataout on pattern           0 ~          15, PASS!!
FFT dataout on pattern          16 ~          31, PASS!!
FFT dataout on pattern          32 ~          47, PASS!!
FFT dataout on pattern          48 ~          63, PASS!!
FFT dataout on pattern          64 ~          79, PASS!!
FIR dataout on pattern           0 ~         100 !!, PASS !!
-----------------------------------------------------
FFT dataout on pattern          80 ~          95, PASS!!
FFT dataout on pattern          96 ~         111, PASS!!
FFT dataout on pattern         112 ~         127, PASS!!
FFT dataout on pattern         128 ~         143, PASS!!
FFT dataout on pattern         144 ~         159, PASS!!
FFT dataout on pattern         160 ~         175, PASS!!
FFT dataout on pattern         176 ~         191, PASS!!
FIR dataout on pattern         100 ~         200 !!, PASS !!
-----------------------------------------------------
FFT dataout on pattern         192 ~         207, PASS!!
FFT dataout on pattern         208 ~         223, PASS!!
FFT dataout on pattern         224 ~         239, PASS!!
FFT dataout on pattern         240 ~         255, PASS!!
FFT dataout on pattern         256 ~         271, PASS!!
FFT dataout on pattern         272 ~         287, PASS!!
FIR dataout on pattern         200 ~         300 !!, PASS !!
-----------------------------------------------------
FFT dataout on pattern         288 ~         303, PASS!!
FFT dataout on pattern         304 ~         319, PASS!!
FFT dataout on pattern         320 ~         335, PASS!!
FFT dataout on pattern         336 ~         351, PASS!!
FFT dataout on pattern         352 ~         367, PASS!!
FFT dataout on pattern         368 ~         383, PASS!!
FIR dataout on pattern         300 ~         400 !!, PASS !!
-----------------------------------------------------
FFT dataout on pattern         384 ~         399, PASS!!
FFT dataout on pattern         400 ~         415, PASS!!
FFT dataout on pattern         416 ~         431, PASS!!
FFT dataout on pattern         432 ~         447, PASS!!
FFT dataout on pattern         448 ~         463, PASS!!
FFT dataout on pattern         464 ~         479, PASS!!
FIR dataout on pattern         400 ~         500 !!, PASS !!
-----------------------------------------------------
FFT dataout on pattern         480 ~         495, PASS!!
FFT dataout on pattern         496 ~         511, PASS!!
FFT dataout on pattern         512 ~         527, PASS!!
FFT dataout on pattern         528 ~         543, PASS!!
FFT dataout on pattern         544 ~         559, PASS!!
FFT dataout on pattern         560 ~         575, PASS!!
FFT dataout on pattern         576 ~         591, PASS!!
FIR dataout on pattern         500 ~         600 !!, PASS !!
-----------------------------------------------------
FFT dataout on pattern         592 ~         607, PASS!!
FFT dataout on pattern         608 ~         623, PASS!!
FFT dataout on pattern         624 ~         639, PASS!!
FFT dataout on pattern         640 ~         655, PASS!!
FFT dataout on pattern         656 ~         671, PASS!!
FFT dataout on pattern         672 ~         687, PASS!!
FFT dataout on pattern         688 ~         703, PASS!!
FFT dataout on pattern         704 ~         719, PASS!!
FFT dataout on pattern         720 ~         735, PASS!!
FFT dataout on pattern         736 ~         751, PASS!!
FFT dataout on pattern         752 ~         767, PASS!!
FFT dataout on pattern         768 ~         783, PASS!!
FIR dataout on pattern         700 ~         800 !!, PASS !!
-----------------------------------------------------
FFT dataout on pattern         784 ~         799, PASS!!
FFT dataout on pattern         800 ~         815, PASS!!
FFT dataout on pattern         816 ~         831, PASS!!
FFT dataout on pattern         832 ~         847, PASS!!
FFT dataout on pattern         848 ~         863, PASS!!
FFT dataout on pattern         864 ~         879, PASS!!
FIR dataout on pattern         800 ~         900 !!, PASS !!
-----------------------------------------------------
FFT dataout on pattern         880 ~         895, PASS!!
FFT dataout on pattern         896 ~         911, PASS!!
FFT dataout on pattern         912 ~         927, PASS!!
FFT dataout on pattern         928 ~         943, PASS!!
FFT dataout on pattern         944 ~         959, PASS!!
FFT dataout on pattern         960 ~         975, PASS!!
FFT dataout on pattern         976 ~         991, PASS!!
FFT dataout on pattern         992 ~        1007, PASS!!
FFT dataout on pattern        1008 ~        1023, PASS!!
-----------------------------------------------------

Congratulations! All data have been generated successfully!

-------------------------PASS------------------------

$finish called from file "testfixture1.v", line 250.
$finish at simulation time             12804000
           V C S   S i m u l a t i o n   R e p o r t 
Time: 12804000 ps
CPU Time:      5.300 seconds;       Data structure size:   9.4Mb
Sun Jan 26 01:16:43 2025
CPU time: 6.740 seconds to compile + 1.654 seconds to elab + .919 seconds to link + 5.359 seconds in simulation
