#======================================================
#
# Synopsys Synthesis Scripts (Design Vision dctcl mode)
#
#======================================================
#======================================================
# (A) Global Parameters
#======================================================
set DESIGN "huffman"
huffman
set CYCLE 4.0
4.0
set INPUT_DLY [expr 0.5*$CYCLE]
2.0
set OUTPUT_DLY [expr 0.5*$CYCLE]
2.0
#======================================================
# (B) Read RTL Code
#======================================================
# (B-1) analyze + elaborate
set hdlin_auto_save_templates TRUE
TRUE
analyze -f sverilog $DESIGN\.v 
Running PRESTO HDLC
Compiling source file ./huffman.v
Presto compilation completed successfully.
Loading db file '/home/cell_library/CBDK_IC_Contest_v2.5/SynopsysDC/db/slow.db'
Loading db file '/home/cell_library/CBDK_IC_Contest_v2.5/SynopsysDC/db/fast.db'
Loading db file '/usr/cad/synopsys/synthesis/2022.12/libraries/syn/dw_foundation.sldb'
1
elaborate $DESIGN  
Loading db file '/usr/cad/synopsys/synthesis/2022.12/libraries/syn/gtech.db'
Loading db file '/usr/cad/synopsys/synthesis/2022.12/libraries/syn/standard.sldb'
  Loading link library 'slow'
  Loading link library 'fast'
  Loading link library 'gtech'
Running PRESTO HDLC
Warning:  ./huffman.v:165: signed to unsigned assignment occurs. (VER-318)

Statistics for case statements in always block at line 133 in file
        './huffman.v'
===============================================
|           Line           |  full/ parallel  |
===============================================
|           134            |    auto/auto     |
===============================================

Inferred memory devices in process
        in routine huffman line 150 in file
                './huffman.v'.
===============================================================================
|    Register Name    |   Type    | Width | Bus | MB | AR | AS | SR | SS | ST |
===============================================================================
|      state_reg      | Flip-flop |   3   |  Y  | N  | Y  | N  | N  | N  | N  |
===============================================================================

Inferred memory devices in process
        in routine huffman line 161 in file
                './huffman.v'.
===============================================================================
|    Register Name    |   Type    | Width | Bus | MB | AR | AS | SR | SS | ST |
===============================================================================
|      prob_reg       | Flip-flop |  48   |  Y  | N  | Y  | N  | N  | N  | N  |
|     symbol_reg      | Flip-flop |  21   |  Y  | N  | Y  | N  | N  | N  | N  |
|     symbol_reg      | Flip-flop |   9   |  Y  | N  | N  | Y  | N  | N  | N  |
===============================================================================

Inferred memory devices in process
        in routine huffman line 192 in file
                './huffman.v'.
===============================================================================
|    Register Name    |   Type    | Width | Bus | MB | AR | AS | SR | SS | ST |
===============================================================================
|      addr_reg       | Flip-flop |   2   |  Y  | N  | Y  | N  | N  | N  | N  |
|      addr_reg       | Flip-flop |   1   |  N  | N  | N  | Y  | N  | N  | N  |
===============================================================================

Inferred memory devices in process
        in routine huffman line 210 in file
                './huffman.v'.
===============================================================================
|    Register Name    |   Type    | Width | Bus | MB | AR | AS | SR | SS | ST |
===============================================================================
|      count_reg      | Flip-flop |   3   |  Y  | N  | Y  | N  | N  | N  | N  |
===============================================================================

Inferred memory devices in process
        in routine huffman line 219 in file
                './huffman.v'.
=================================================================================
|     Register Name     |   Type    | Width | Bus | MB | AR | AS | SR | SS | ST |
=================================================================================
| conbination_times_reg | Flip-flop |   3   |  Y  | N  | Y  | N  | N  | N  | N  |
=================================================================================

Inferred memory devices in process
        in routine huffman line 228 in file
                './huffman.v'.
===============================================================================
|    Register Name    |   Type    | Width | Bus | MB | AR | AS | SR | SS | ST |
===============================================================================
| exchange_times_reg  | Flip-flop |   2   |  Y  | N  | Y  | N  | N  | N  | N  |
===============================================================================

Inferred memory devices in process
        in routine huffman line 241 in file
                './huffman.v'.
===============================================================================
|    Register Name    |   Type    | Width | Bus | MB | AR | AS | SR | SS | ST |
===============================================================================
|  exchange_reg_reg   | Flip-flop |   1   |  N  | N  | Y  | N  | N  | N  | N  |
===============================================================================

Inferred memory devices in process
        in routine huffman line 253 in file
                './huffman.v'.
===============================================================================
|    Register Name    |   Type    | Width | Bus | MB | AR | AS | SR | SS | ST |
===============================================================================
| exchange_2_reg_reg  | Flip-flop |   1   |  N  | N  | Y  | N  | N  | N  | N  |
===============================================================================

Inferred memory devices in process
        in routine huffman line 265 in file
                './huffman.v'.
===================================================================================
|      Register Name      |   Type    | Width | Bus | MB | AR | AS | SR | SS | ST |
===================================================================================
| encoding_2_sets_reg_reg | Flip-flop |   1   |  N  | N  | Y  | N  | N  | N  | N  |
===================================================================================

Inferred memory devices in process
        in routine huffman line 275 in file
                './huffman.v'.
==================================================================================
|     Register Name      |   Type    | Width | Bus | MB | AR | AS | SR | SS | ST |
==================================================================================
| mult_set_comb_flag_reg | Flip-flop |   6   |  Y  | N  | Y  | N  | N  | N  | N  |
==================================================================================

Inferred memory devices in process
        in routine huffman line 290 in file
                './huffman.v'.
=====================================================================================
|       Register Name       |   Type    | Width | Bus | MB | AR | AS | SR | SS | ST |
=====================================================================================
| encoding_reverse_flag_reg | Flip-flop |   6   |  Y  | N  | Y  | N  | N  | N  | N  |
=====================================================================================

Inferred memory devices in process
        in routine huffman line 304 in file
                './huffman.v'.
===============================================================================
|    Register Name    |   Type    | Width | Bus | MB | AR | AS | SR | SS | ST |
===============================================================================
|  encoding_temp_reg  | Flip-flop |   7   |  Y  | N  | Y  | N  | N  | N  | N  |
===============================================================================

Inferred memory devices in process
        in routine huffman line 319 in file
                './huffman.v'.
===============================================================================
|    Register Name    |   Type    | Width | Bus | MB | AR | AS | SR | SS | ST |
===============================================================================
|     M_temp_reg      | Flip-flop |   7   |  Y  | N  | Y  | N  | N  | N  | N  |
===============================================================================

Inferred memory devices in process
        in routine huffman line 335 in file
                './huffman.v'.
===============================================================================
|    Register Name    |   Type    | Width | Bus | MB | AR | AS | SR | SS | ST |
===============================================================================
|       M1_reg        | Flip-flop |   8   |  Y  | N  | Y  | N  | N  | N  | N  |
|       HC1_reg       | Flip-flop |   8   |  Y  | N  | Y  | N  | N  | N  | N  |
===============================================================================

Inferred memory devices in process
        in routine huffman line 350 in file
                './huffman.v'.
===============================================================================
|    Register Name    |   Type    | Width | Bus | MB | AR | AS | SR | SS | ST |
===============================================================================
|       M2_reg        | Flip-flop |   8   |  Y  | N  | Y  | N  | N  | N  | N  |
|       HC2_reg       | Flip-flop |   8   |  Y  | N  | Y  | N  | N  | N  | N  |
===============================================================================

Inferred memory devices in process
        in routine huffman line 365 in file
                './huffman.v'.
===============================================================================
|    Register Name    |   Type    | Width | Bus | MB | AR | AS | SR | SS | ST |
===============================================================================
|       M3_reg        | Flip-flop |   8   |  Y  | N  | Y  | N  | N  | N  | N  |
|       HC3_reg       | Flip-flop |   8   |  Y  | N  | Y  | N  | N  | N  | N  |
===============================================================================

Inferred memory devices in process
        in routine huffman line 380 in file
                './huffman.v'.
===============================================================================
|    Register Name    |   Type    | Width | Bus | MB | AR | AS | SR | SS | ST |
===============================================================================
|       M4_reg        | Flip-flop |   8   |  Y  | N  | Y  | N  | N  | N  | N  |
|       HC4_reg       | Flip-flop |   8   |  Y  | N  | Y  | N  | N  | N  | N  |
===============================================================================

Inferred memory devices in process
        in routine huffman line 395 in file
                './huffman.v'.
===============================================================================
|    Register Name    |   Type    | Width | Bus | MB | AR | AS | SR | SS | ST |
===============================================================================
|       M5_reg        | Flip-flop |   8   |  Y  | N  | Y  | N  | N  | N  | N  |
|       HC5_reg       | Flip-flop |   8   |  Y  | N  | Y  | N  | N  | N  | N  |
===============================================================================

Inferred memory devices in process
        in routine huffman line 410 in file
                './huffman.v'.
===============================================================================
|    Register Name    |   Type    | Width | Bus | MB | AR | AS | SR | SS | ST |
===============================================================================
|       M6_reg        | Flip-flop |   8   |  Y  | N  | Y  | N  | N  | N  | N  |
|       HC6_reg       | Flip-flop |   8   |  Y  | N  | Y  | N  | N  | N  | N  |
===============================================================================

Inferred memory devices in process
        in routine huffman line 426 in file
                './huffman.v'.
==================================================================================
|     Register Name      |   Type    | Width | Bus | MB | AR | AS | SR | SS | ST |
==================================================================================
| statistic_done_reg_reg | Flip-flop |   1   |  N  | N  | Y  | N  | N  | N  | N  |
==================================================================================

Inferred memory devices in process
        in routine huffman line 435 in file
                './huffman.v'.
=======================================================================================
|        Register Name        |   Type    | Width | Bus | MB | AR | AS | SR | SS | ST |
=======================================================================================
| statistic_done_reg_dly1_reg | Flip-flop |   1   |  N  | N  | Y  | N  | N  | N  | N  |
=======================================================================================
Presto compilation completed successfully. (huffman)
Elaborated 1 design.
Current design is now 'huffman'.
1
# (B-2) read_sverilog
#read_sverilog $DESIGN\.v
# (B-3) set current design
current_design $DESIGN
Current design is 'huffman'.
{huffman}
link

  Linking design 'huffman'
  Using the following designs and libraries:
  --------------------------------------------------------------------------
  huffman                     /home/M13/m0bochun/IC_Contest/2018/2018_grad_cell/02_SYN/huffman.db
  slow (library)              /home/cell_library/CBDK_IC_Contest_v2.5/SynopsysDC/db/slow.db
  fast (library)              /home/cell_library/CBDK_IC_Contest_v2.5/SynopsysDC/db/fast.db
  dw_foundation.sldb (library) /usr/cad/synopsys/synthesis/2022.12/libraries/syn/dw_foundation.sldb

1
#======================================================
#  (C) Global Setting
#======================================================
set_operating_conditions -max_library slow -max slow
Using operating conditions 'slow' found in library 'slow'.
1
set_operating_conditions  -max slow  -min fast
Using operating conditions 'slow' found in library 'slow'.
Using operating conditions 'fast' found in library 'fast'.
1
set_wire_load_model -name tsmc13_wl10 -library slow   
1
#======================================================
#  (D) Set Design Constraints
#======================================================
# (D-1) Setting Clock Constraints
create_clock -name clk -period $CYCLE [get_ports clk] 
1
set_dont_touch_network             [get_clocks clk]
1
#set_fix_hold                       [get_clocks clk]
set_clock_uncertainty       0.1    [get_clocks clk]
1
set_clock_latency           0.5    [get_clocks clk] 
1
# (D-2) Setting in/out Constraints
#set_input_delay   -max  $INPUT_DLY  -clock clk   [all_inputs] ;  # set_up time check 
#set_input_delay   -min  0           -clock clk   [all_inputs] ;  # hold   time check 
#set_output_delay  -max  $OUTPUT_DLY -clock clk   [all_outputs] ; # set_up time check 
#set_output_delay  -min  0           -clock clk   [all_outputs] ; # hold   time check 
#set_input_delay 0 -clock clk clk
#set_input_delay 0 -clock clk reset
#set_max_delay $CYCLE -from [all_inputs] -to [all_outputs]
set_input_delay  $INPUT_DLY -clock clk [remove_from_collection [all_inputs] [get_ports clk]]
1
set_output_delay 0.5        -clock clk [all_outputs] 
1
# (D-3) Setting Design Environment
set_load         0.1     [all_outputs]
1
set_drive        1     [all_inputs]
1
# (D-4) Setting DRC Constraint
set_max_fanout 20 [all_inputs]
1
# (D-5) Report Clock skew
report_clock -skew clk
Information: Checking out the license 'DesignWare'. (SEC-104)
Information: Changed wire load model for 'alt1' from '(none)' to 'tsmc13_wl10'. (OPT-170)
Information: Changed wire load model for 'apparch' from '(none)' to 'tsmc13_wl10'. (OPT-170)
Information: Updating design information... (UID-85)
Warning: Design 'huffman' contains 1 high-fanout nets. A fanout number of 1000 will be used for delay calculations involving these nets. (TIM-134)
 
****************************************
Report : clock_skew
Design : huffman
Version: U-2022.12
Date   : Fri Feb 28 21:10:52 2025
****************************************

                 Rise      Fall  Min Rise  Min fall        Uncertainty
Object          Delay     Delay     Delay     Delay     Plus      Minus
--------------------------------------------------------------------------------
clk              0.50      0.50      0.50      0.50      0.10      0.10
1
check_timing

Information: Checking generated_clocks...

Information: Checking loops...

Information: Checking no_input_delay...

Information: Checking unconstrained_endpoints...

Information: Checking pulse_clock_cell_type...

Information: Checking no_driving_cell...

Information: Checking partial_input_delay...
1
#======================================================
#  (E) Optimization
#======================================================
check_design > Report/$DESIGN\.check
set_fix_multiple_port_nets -all -buffer_constants [get_designs *]
1
set_fix_hold [all_clocks]
1
compile_ultra
Information: Performing power optimization. (PWR-850)
Alib files are up-to-date.
Information: Running optimization using a maximum of 8 cores. (OPT-1500)
Information: Evaluating DesignWare library utilization. (UISN-27)

============================================================================
| DesignWare Building Block Library  |         Version         | Available |
============================================================================
| Basic DW Building Blocks           | U-2022.12-DWBB_202212.0 |     *     |
| Licensed DW Building Blocks        | U-2022.12-DWBB_202212.0 |     *     |
============================================================================

====================================================================================================
| Flow Information                                                                                 |
----------------------------------------------------------------------------------------------------
| Flow         | Design Compiler NXT WLM                                                           |
| Comand Line  | compile_ultra                                                                     |
====================================================================================================
| Design Information                                      | Value                                  |
====================================================================================================
| Number of Scenarios                                     | 0                                      |
| Leaf Cell Count                                         | 1723                                   |
| Number of User Hierarchies                              | 0                                      |
| Sequential Cell Count                                   | 219                                    |
| Macro Count                                             | 0                                      |
| Number of Power Domains                                 | 0                                      |
| Number of Path Groups                                   | 2                                      |
| Number of VT Class                                      | 0                                      |
| Number of Clocks                                        | 1                                      |
| Number of Dont Touch Cells                              | 374                                    |
| Number of Dont Touch Nets                               | 1                                      |
| Number of Size Only Cells                               | 0                                      |
| Design with UPF Data                                    | false                                  |
----------------------------------------------------------------------------------------------------
| Variables                                               | Value                                  |
----------------------------------------------------------------------------------------------------
| set_fix_multiple_port_nets                              | -all -buffer_constants                 |
====================================================================================================
Information: Sequential output inversion is enabled.  SVF file must be used for formal verification. (OPT-1208)

Information: There are 13 potential problems in your design. Please run 'check_design' for more information. (LINT-99)

  Simplifying Design 'huffman'

  Loading target library 'fast'
Loaded alib file './alib-52/slow.db.alib'
Loaded alib file './alib-52/fast.db.alib'
Warning: Operating condition slow set on design huffman has different process,
voltage and temperatures parameters than the parameters at which target library 
fast is characterized. Delays may be inaccurate as a result. (OPT-998)
  Building model 'DW01_NAND2'
Information: Ungrouping 0 of 1 hierarchies before Pass 1 (OPT-775)
Information: State dependent leakage is now switched from on to off.

  Beginning Pass 1 Mapping
  ------------------------
  Processing 'huffman'
Information: Added key list 'DesignWare' to design 'huffman'. (DDB-72)
 Implement Synthetic for 'huffman'.

  Updating timing information
Information: Updating design information... (UID-85)
Information: The library cell 'HOLDX1' in the library 'slow' is not characterized for internal power. (PWR-536)
Information: The target library(s) contains cell(s), other than black boxes, that are not characterized for internal power. (PWR-24)

  Beginning Mapping Optimizations  (Ultra High effort)
  -------------------------------
  Mapping Optimization (Phase 1)
  Mapping Optimization (Phase 2)
  Mapping Optimization (Phase 3)
  Mapping Optimization (Phase 4)

                                  TOTAL                                                            
   ELAPSED            WORST NEG   SETUP    DESIGN                              LEAKAGE   MIN DELAY 
    TIME      AREA      SLACK     COST    RULE COST         ENDPOINT            POWER      COST    
  --------- --------- --------- --------- --------- ------------------------- --------- -----------
    0:00:14   52590.5      0.05       1.4      89.4                           45065308.0000      0.00  
    0:00:14   51436.3      0.05       1.4      89.4                           44062652.0000      0.00  

  Beginning Constant Register Removal
  -----------------------------------
    0:00:14   51436.3      0.05       1.4      89.4                           44062652.0000      0.00  
    0:00:14   51436.3      0.05       1.4      89.4                           44062652.0000      0.00  

  Beginning Global Optimizations
  ------------------------------
  Numerical Synthesis (Phase 1)
  Numerical Synthesis (Phase 2)
  Global Optimization (Phase 1)
  Global Optimization (Phase 2)
  Global Optimization (Phase 3)
  Global Optimization (Phase 4)
  Global Optimization (Phase 5)
  Global Optimization (Phase 6)
  Global Optimization (Phase 7)
  Global Optimization (Phase 8)
  Global Optimization (Phase 9)
  Global Optimization (Phase 10)
  Global Optimization (Phase 11)
  Global Optimization (Phase 12)
  Global Optimization (Phase 13)
  Global Optimization (Phase 14)
  Global Optimization (Phase 15)
  Global Optimization (Phase 16)
  Global Optimization (Phase 17)
  Global Optimization (Phase 18)
  Global Optimization (Phase 19)
  Global Optimization (Phase 20)
  Global Optimization (Phase 21)
  Global Optimization (Phase 22)
  Global Optimization (Phase 23)
  Global Optimization (Phase 24)
  Global Optimization (Phase 25)
  Global Optimization (Phase 26)
  Global Optimization (Phase 27)
  Global Optimization (Phase 28)
  Global Optimization (Phase 29)
  Global Optimization (Phase 30)
  Global Optimization (Phase 31)

  Beginning Isolate Ports
  -----------------------

  Beginning Delay Optimization
  ----------------------------
    0:00:15   25656.2      0.52      49.4    3801.4                           22257660.0000      0.00  
    0:00:16   28407.7      0.00       0.0    2791.1                           24633390.0000      0.00  
    0:00:16   28407.7      0.00       0.0    2791.1                           24633390.0000      0.00  
    0:00:16   28382.2      0.06       2.1    2791.1                           24623104.0000      0.00  
    0:00:16   28341.5      0.71     109.7    2795.9                           24595236.0000      0.00  
    0:00:16   28324.5      0.71     109.7    2795.9                           24585138.0000      0.00  

  Beginning WLM Backend Optimization
  --------------------------------------
    0:00:17   27676.1      0.62      24.6    2776.8                           23965612.0000      0.00  
    0:00:17   27628.6      0.03       0.1    2766.6                           23865350.0000      0.00  
    0:00:17   27628.6      0.03       0.1    2766.6                           23865350.0000      0.00  
    0:00:17   27338.3      0.02       0.0    2669.5                           23580640.0000      0.00  
    0:00:17   27338.3      0.02       0.0    2669.5                           23580640.0000      0.00  
    0:00:18   28755.7      0.04       0.4    2809.9                           24813412.0000      0.00  
    0:00:18   28755.7      0.04       0.4    2809.9                           24813412.0000      0.00  
    0:00:18   28845.6      0.00       0.0    2793.5                           24930170.0000      0.00  
    0:00:18   28845.6      0.00       0.0    2793.5                           24930170.0000      0.00  
    0:00:18   28845.6      0.00       0.0    2793.5                           24930170.0000      0.00  
    0:00:18   28845.6      0.00       0.0    2793.5                           24930170.0000      0.00  
    0:00:18   28845.6      0.00       0.0    2793.5                           24930170.0000      0.00  
    0:00:18   28845.6      0.00       0.0    2793.5                           24930170.0000      0.00  
    0:00:18   28845.6      0.00       0.0    2793.5                           24930170.0000      0.00  
    0:00:18   28845.6      0.00       0.0    2793.5                           24930170.0000      0.00  
    0:00:18   28845.6      0.00       0.0    2793.5                           24930170.0000      0.00  
    0:00:18   28845.6      0.00       0.0    2793.5                           24930170.0000      0.00  
    0:00:18   28845.6      0.00       0.0    2793.5                           24930170.0000      0.00  
    0:00:18   28845.6      0.00       0.0    2793.5                           24930170.0000      0.00  
    0:00:18   28845.6      0.00       0.0    2793.5                           24930170.0000      0.00  
    0:00:18   28845.6      0.00       0.0    2793.5                           24930170.0000      0.00  
    0:00:18   28845.6      0.00       0.0    2793.5                           24930170.0000      0.00  


  Beginning Design Rule Fixing  (max_transition)  (max_capacitance)
  ----------------------------

                                  TOTAL                                                            
   ELAPSED            WORST NEG   SETUP    DESIGN                              LEAKAGE   MIN DELAY 
    TIME      AREA      SLACK     COST    RULE COST         ENDPOINT            POWER      COST    
  --------- --------- --------- --------- --------- ------------------------- --------- -----------
    0:00:18   28845.6      0.00       0.0    2793.5                           24930170.0000      0.00  
  Global Optimization (Phase 32)
  Global Optimization (Phase 33)
  Global Optimization (Phase 34)
    0:00:19   28947.5      0.00       0.0       0.0                           24800572.0000      0.00  
    0:00:19   28947.5      0.00       0.0       0.0                           24800572.0000      0.00  


  Beginning Leakage Power Optimization  (max_leakage_power 0)
  ------------------------------------

                                  TOTAL                                                            
   ELAPSED            WORST NEG   SETUP    DESIGN                              LEAKAGE   MIN DELAY 
    TIME      AREA      SLACK     COST    RULE COST         ENDPOINT            POWER      COST    
  --------- --------- --------- --------- --------- ------------------------- --------- -----------
    0:00:19   28947.5      0.00       0.0       0.0                           24800572.0000      0.00  
    0:00:19   28947.5      0.00       0.0       0.0                           24800572.0000      0.00  
    0:00:19   28947.5      0.00       0.0       0.0                           24800572.0000      0.00  
    0:00:19   28947.5      0.00       0.0       0.0                           24800572.0000      0.00  
    0:00:19   28518.0      0.00       0.0       0.0                           24385342.0000      0.00  
    0:00:19   28518.0      0.00       0.0       0.0                           24385342.0000      0.00  
    0:00:19   28518.0      0.00       0.0       0.0                           24385342.0000      0.00  
    0:00:19   28518.0      0.00       0.0       0.0                           24385342.0000      0.00  
    0:00:19   28518.0      0.00       0.0       0.0                           24385342.0000      0.00  
    0:00:19   28518.0      0.00       0.0       0.0                           24385342.0000      0.00  
    0:00:19   28518.0      0.00       0.0       0.0                           24385342.0000      0.00  
    0:00:19   28518.0      0.00       0.0       0.0                           24385342.0000      0.00  
    0:00:19   28518.0      0.00       0.0       0.0                           24385342.0000      0.00  
    0:00:19   28518.0      0.00       0.0       0.0                           24385342.0000      0.00  
    0:00:19   28518.0      0.00       0.0       0.0                           24385342.0000      0.00  
    0:00:19   28518.0      0.00       0.0       0.0                           24385342.0000      0.00  
    0:00:19   28518.0      0.00       0.0       0.0                           24385342.0000      0.00  
    0:00:19   28518.0      0.00       0.0       0.0                           24385342.0000      0.00  
    0:00:19   28518.0      0.00       0.0       0.0                           24385342.0000      0.00  
    0:00:19   28518.0      0.00       0.0       0.0                           24385342.0000      0.00  
    0:00:19   28518.0      0.00       0.0       0.0                           24385342.0000      0.00  
    0:00:19   28518.0      0.00       0.0       0.0                           24385342.0000      0.00  
    0:00:19   28518.0      0.00       0.0       0.0                           24385342.0000      0.00  

                                  TOTAL                                                            
   ELAPSED            WORST NEG   SETUP    DESIGN                              LEAKAGE   MIN DELAY 
    TIME      AREA      SLACK     COST    RULE COST         ENDPOINT            POWER      COST    
  --------- --------- --------- --------- --------- ------------------------- --------- -----------
    0:00:19   28518.0      0.00       0.0       0.0                           24385342.0000      0.00  
    0:00:19   27497.9      0.00       0.0       0.0                           23296304.0000      0.00  
    0:00:19   27508.1      0.00       0.0       0.0                           23299852.0000      0.00  
    0:00:19   27508.1      0.00       0.0       0.0                           23299852.0000      0.00  
    0:00:20   27482.6      0.00       0.0       0.0                           23279082.0000      0.00  
    0:00:20   27187.3      0.00       0.0       0.0                           22971778.0000      0.00  
    0:00:20   27187.3      0.00       0.0       0.0                           22971778.0000      0.00  
    0:00:20   27187.3      0.00       0.0       0.0                           22971778.0000      0.00  
    0:00:20   27187.3      0.00       0.0       0.0                           22971778.0000      0.00  
    0:00:20   27187.3      0.00       0.0       0.0                           22971778.0000      0.00  
    0:00:20   27187.3      0.00       0.0       0.0                           22971778.0000      0.00  
    0:00:20   26177.3      0.00       0.0       0.0                           22036494.0000      0.00  
Loading db file '/home/cell_library/CBDK_IC_Contest_v2.5/SynopsysDC/db/slow.db'
Loading db file '/home/cell_library/CBDK_IC_Contest_v2.5/SynopsysDC/db/fast.db'


Note: Symbol # after min delay cost means estimated hold TNS across all active scenarios 


  Optimization Complete
  ---------------------
  Loading target library 'fast'
Information: State dependent leakage is now switched from off to on.
Information: Propagating switching activity (low effort zero delay simulation). (PWR-6)
1
#uniquify
#compile
#======================================================
#  (F) Output Reports 
#======================================================
report_design  >  Report/$DESIGN\.design
report_resource >  Report/$DESIGN\.resource
report_timing -max_paths 3 >  Report/$DESIGN\.timing
report_area >  Report/$DESIGN\.area
report_power > Report/$DESIGN\.power
report_clock > Report/$DESIGN\.clock
report_port >  Report/$DESIGN\.port
report_power >  Report/$DESIGN\.power
#report_reference > Report/$DESIGN\.reference
#======================================================
#  (G) Change Naming Rule
#======================================================
set bus_inference_style "%s\[%d\]"
%s[%d]
set bus_naming_style "%s\[%d\]"
%s[%d]
set hdlout_internal_busses true
true
change_names -hierarchy -rule verilog
1
define_name_rules name_rule -allowed "a-z A-Z 0-9 _" -max_length 255 -type cell
1
define_name_rules name_rule -allowed "a-z A-Z 0-9 _[]" -max_length 255 -type net
1
define_name_rules name_rule -map {{"\\*cell\\*" "cell"}}
1
define_name_rules name_rule -case_insensitive
1
change_names -hierarchy -rules name_rule
1
#======================================================
#  (H) Output Results
#======================================================
set verilogout_higher_designs_first true
true
write -format verilog -output Netlist/$DESIGN\_SYN.v -hierarchy
Writing verilog file '/home/M13/m0bochun/IC_Contest/2018/2018_grad_cell/02_SYN/Netlist/huffman_SYN.v'.
1
write -format ddc     -hierarchy -output $DESIGN\_SYN.ddc
Writing ddc file 'huffman_SYN.ddc'.
1
write_sdf -version 3.0 -context verilog -load_delay cell Netlist/$DESIGN\_SYN.sdf -significant_digits 6
Information: Writing timing information to file '/home/M13/m0bochun/IC_Contest/2018/2018_grad_cell/02_SYN/Netlist/huffman_SYN.sdf'. (WT-3)
1
write_sdc Netlist/$DESIGN\_SYN.sdc
1
#======================================================
#  (I) Finish and Quit
#======================================================
report_area
 
****************************************
Report : area
Design : huffman
Version: U-2022.12
Date   : Fri Feb 28 21:11:16 2025
****************************************

Library(s) Used:

    slow (File: /home/cell_library/CBDK_IC_Contest_v2.5/SynopsysDC/db/slow.db)

Number of ports:                          157
Number of nets:                          1955
Number of cells:                         1778
Number of combinational cells:           1559
Number of sequential cells:               219
Number of macros/black boxes:               0
Number of buf/inv:                        197
Number of references:                     125

Combinational area:              18079.007381
Buf/Inv area:                     1843.376418
Noncombinational area:            8098.295357
Macro/Black Box area:                0.000000
Net Interconnect area:          206174.375183

Total cell area:                 26177.302738
Total area:                     232351.677921
1
report_timing 
 
****************************************
Report : timing
        -path full
        -delay max
        -max_paths 1
Design : huffman
Version: U-2022.12
Date   : Fri Feb 28 21:11:16 2025
****************************************

Operating Conditions: slow   Library: slow
Wire Load Model Mode: top

  Startpoint: addr_reg_2_
              (rising edge-triggered flip-flop clocked by clk)
  Endpoint: M1_reg_0_ (rising edge-triggered flip-flop clocked by clk)
  Path Group: clk
  Path Type: max

  Des/Clust/Port     Wire Load Model       Library
  ------------------------------------------------
  huffman            tsmc13_wl10           slow

  Point                                    Incr       Path
  -----------------------------------------------------------
  clock clk (rise edge)                    0.00       0.00
  clock network delay (ideal)              0.50       0.50
  addr_reg_2_/CK (DFFRX4)                  0.00       0.50 r
  addr_reg_2_/Q (DFFRX4)                   0.52       1.02 r
  U1414/Y (NOR2X6)                         0.14       1.15 f
  U1141/Y (AND2X6)                         0.18       1.34 f
  U1407/Y (INVX20)                         0.16       1.50 r
  U1653/Y (INVX20)                         0.14       1.63 f
  U1159/Y (AOI22X2)                        0.29       1.93 r
  U1095/Y (NAND4X6)                        0.31       2.23 f
  U1921/Y (NOR2X1)                         0.27       2.50 r
  U1160/Y (MXI2X1)                         0.25       2.75 f
  U1051/Y (NAND2X4)                        0.25       3.00 r
  U1324/Y (INVX4)                          0.14       3.15 f
  U2458/Y (NOR3X2)                         0.23       3.37 r
  U997/Y (NAND2X2)                         0.17       3.54 f
  U2459/Y (AND2X8)                         0.20       3.74 f
  U1296/Y (INVX16)                         0.13       3.87 r
  U2460/Y (MXI2X1)                         0.26       4.12 r
  M1_reg_0_/D (DFFRX1)                     0.00       4.12 r
  data arrival time                                   4.12

  clock clk (rise edge)                    4.00       4.00
  clock network delay (ideal)              0.50       4.50
  clock uncertainty                       -0.10       4.40
  M1_reg_0_/CK (DFFRX1)                    0.00       4.40 r
  library setup time                      -0.28       4.12
  data required time                                  4.12
  -----------------------------------------------------------
  data required time                                  4.12
  data arrival time                                  -4.12
  -----------------------------------------------------------
  slack (MET)                                         0.00


1
exit

Memory usage for this session 355 Mbytes.
Memory usage for this session including child processes 557 Mbytes.
CPU usage for this session 66 seconds ( 0.02 hours ).
Elapsed time for this session 31 seconds ( 0.01 hours ).

Thank you...

