Command: vcs -timescale=1ns/1fs -j8 -sverilog +v2k -full64 -Mupdate -R -debug_access+all \
-f filelist.f -o simv -l vcs.log -P /usr/cad/synopsys/verdi/2023.03//share/PLI/VCS/linux64/novas.tab \
/usr/cad/synopsys/verdi/2023.03//share/PLI/VCS/linux64/pli.a -v /home/cell_library/CBDK_IC_Contest_v2.5/Verilog/tsmc13_neg.v \
+define+GATE +maxdelays +neg_tchk +nowarnNTCDSN
*** Using c compiler gcc instead of cc ...
                         Chronologic VCS (TM)
         Version U-2023.03_Full64 -- Fri Feb 28 21:11:18 2025

                    Copyright (c) 1991 - 2023 Synopsys, Inc.
   This software and the associated documentation are proprietary to Synopsys,
 Inc. This software may only be used in accordance with the terms and conditions
 of a written license agreement with Synopsys, Inc. All other use, reproduction,
   or distribution of this software is strictly prohibited.  Licensed Products
     communicate with Synopsys servers for the purpose of providing software
    updates, detecting software piracy and verifying that customers are using
    Licensed Products in conformity with the applicable License Key for such
  Licensed Products. Synopsys will use information gathered in connection with
    this process to deliver software updates and pursue software pirates and
                                   infringers.

 Inclusivity & Diversity - Visit SolvNetPlus to read the "Synopsys Statement on
            Inclusivity and Diversity" (Refer to article 000036315 at
                        https://solvnetplus.synopsys.com)

Parsing design file 'tb.v'
Parsing included file 'huffman_SYN.v'.
Back to file 'tb.v'.
Parsing library file '/home/cell_library/CBDK_IC_Contest_v2.5/Verilog/tsmc13_neg.v'
Top Level Modules:
       tb
TimeScale is 1 ns / 1 ps

Warning-[TFIPC] Too few instance port connections
huffman_SYN.v, 231
huffman, "DFFRX1 encoding_reverse_flag_reg_6_( .D (n687),  .CK (clk),  .RN (n941),  .Q (encoding_reverse_flag[6]));"
  The above instance has fewer port connections than the module definition.
  Please use '+lint=TFIPC-L' to print out detailed information of unconnected 
  ports.


Warning-[TFIPC] Too few instance port connections
huffman_SYN.v, 249
huffman, "DFFRX1 M_temp_reg_6_( .D (n674),  .CK (clk),  .RN (n2427),  .Q (M_temp[6]));"
  The above instance has fewer port connections than the module definition.
  Please use '+lint=TFIPC-L' to print out detailed information of unconnected 
  ports.


Warning-[TFIPC] Too few instance port connections
huffman_SYN.v, 258
huffman, "DFFRX1 exchange_times_reg_1_( .D (n806),  .CK (clk),  .RN (n2425),  .Q (exchange_times[1]));"
  The above instance has fewer port connections than the module definition.
  Please use '+lint=TFIPC-L' to print out detailed information of unconnected 
  ports.


Warning-[TFIPC] Too few instance port connections
huffman_SYN.v, 313
huffman, "DFFRX1 statistic_done_reg_dly1_reg( .D (statistic_done_reg),  .CK (clk),  .RN (n941),  .Q (statistic_done_reg_dly1));"
  The above instance has fewer port connections than the module definition.
  Please use '+lint=TFIPC-L' to print out detailed information of unconnected 
  ports.


Warning-[TFIPC] Too few instance port connections
huffman_SYN.v, 381
huffman, "DFFRX2 HC3_reg_0_( .D (n754),  .CK (clk),  .RN (n927),  .Q (HC3[0]));"
  The above instance has fewer port connections than the module definition.
  Please use '+lint=TFIPC-L' to print out detailed information of unconnected 
  ports.


Warning-[TFIPC] Too few instance port connections
huffman_SYN.v, 382
huffman, "DFFRX2 symbol_reg_1__4_( .D (n884),  .CK (clk),  .RN (n2430),  .Q (symbol[29]));"
  The above instance has fewer port connections than the module definition.
  Please use '+lint=TFIPC-L' to print out detailed information of unconnected 
  ports.


Warning-[TFIPC] Too few instance port connections
huffman_SYN.v, 383
huffman, "DFFRX2 symbol_reg_3__4_( .D (n864),  .CK (clk),  .RN (n2427),  .Q (symbol[19]));"
  The above instance has fewer port connections than the module definition.
  Please use '+lint=TFIPC-L' to print out detailed information of unconnected 
  ports.


Warning-[TFIPC] Too few instance port connections
huffman_SYN.v, 384
huffman, "DFFRX2 symbol_reg_2__0_( .D (n863),  .CK (clk),  .RN (n941),  .Q (symbol[20]));"
  The above instance has fewer port connections than the module definition.
  Please use '+lint=TFIPC-L' to print out detailed information of unconnected 
  ports.


Warning-[TFIPC] Too few instance port connections
huffman_SYN.v, 387
huffman, "DFFRX2 symbol_reg_3__3_( .D (n865),  .CK (clk),  .RN (n927),  .Q (symbol[18]));"
  The above instance has fewer port connections than the module definition.
  Please use '+lint=TFIPC-L' to print out detailed information of unconnected 
  ports.


Warning-[TFIPC] Too few instance port connections
huffman_SYN.v, 388
huffman, "DFFRX2 symbol_reg_1__3_( .D (n855),  .CK (clk),  .RN (n2423),  .Q (symbol[28]));"
  The above instance has fewer port connections than the module definition.
  Please use '+lint=TFIPC-L' to print out detailed information of unconnected 
  ports.


Warning-[TFIPC] Too few instance port connections
huffman_SYN.v, 389
huffman, "DFFSX2 symbol_reg_3__1_( .D (n867),  .CK (clk),  .SN (n2430),  .Q (symbol[16]));"
  The above instance has fewer port connections than the module definition.
  Please use '+lint=TFIPC-L' to print out detailed information of unconnected 
  ports.


Warning-[TFIPC] Too few instance port connections
huffman_SYN.v, 390
huffman, "DFFRX2 symbol_reg_1__1_( .D (n857),  .CK (clk),  .RN (n941),  .Q (symbol[26]));"
  The above instance has fewer port connections than the module definition.
  Please use '+lint=TFIPC-L' to print out detailed information of unconnected 
  ports.


Warning-[TFIPC] Too few instance port connections
huffman_SYN.v, 393
huffman, "DFFRX2 symbol_reg_1__2_( .D (n856),  .CK (clk),  .RN (n941),  .Q (symbol[27]));"
  The above instance has fewer port connections than the module definition.
  Please use '+lint=TFIPC-L' to print out detailed information of unconnected 
  ports.


Warning-[TFIPC] Too few instance port connections
huffman_SYN.v, 394
huffman, "DFFRX2 symbol_reg_3__2_( .D (n866),  .CK (clk),  .RN (n2426),  .Q (symbol[17]));"
  The above instance has fewer port connections than the module definition.
  Please use '+lint=TFIPC-L' to print out detailed information of unconnected 
  ports.


Warning-[TFIPC] Too few instance port connections
huffman_SYN.v, 395
huffman, "DFFRX2 HC2_reg_0_( .D (n770),  .CK (clk),  .RN (n941),  .Q (HC2[0]));"
  The above instance has fewer port connections than the module definition.
  Please use '+lint=TFIPC-L' to print out detailed information of unconnected 
  ports.


Warning-[TFIPC] Too few instance port connections
huffman_SYN.v, 417
huffman, "DFFRX2 HC1_reg_0_( .D (n786),  .CK (clk),  .RN (n2426),  .Q (HC1[0]));"
  The above instance has fewer port connections than the module definition.
  Please use '+lint=TFIPC-L' to print out detailed information of unconnected 
  ports.


Warning-[TFIPC] Too few instance port connections
huffman_SYN.v, 422
huffman, "DFFRX4 prob_reg_3__1_( .D (n828),  .CK (clk),  .RN (n927),  .Q (CNT3[1]));"
  The above instance has fewer port connections than the module definition.
  Please use '+lint=TFIPC-L' to print out detailed information of unconnected 
  ports.


Warning-[TFIPC] Too few instance port connections
huffman_SYN.v, 443
huffman, "DFFRX4 prob_reg_1__1_( .D (n812),  .CK (clk),  .RN (n941),  .Q (CNT1[1]));"
  The above instance has fewer port connections than the module definition.
  Please use '+lint=TFIPC-L' to print out detailed information of unconnected 
  ports.


Warning-[TFIPC] Too few instance port connections
huffman_SYN.v, 444
huffman, "DFFRX2 HC5_reg_0_( .D (n722),  .CK (clk),  .RN (n929),  .Q (HC5[0]));"
  The above instance has fewer port connections than the module definition.
  Please use '+lint=TFIPC-L' to print out detailed information of unconnected 
  ports.


Warning-[TFIPC] Too few instance port connections
huffman_SYN.v, 445
huffman, "DFFRX2 HC6_reg_1_( .D (n707),  .CK (clk),  .RN (n929),  .Q (HC6[1]));"
  The above instance has fewer port connections than the module definition.
  Please use '+lint=TFIPC-L' to print out detailed information of unconnected 
  ports.


Warning-[TFIPC] Too few instance port connections
huffman_SYN.v, 446
huffman, "DFFRX2 HC6_reg_2_( .D (n708),  .CK (clk),  .RN (n2426),  .Q (HC6[2]));"
  The above instance has fewer port connections than the module definition.
  Please use '+lint=TFIPC-L' to print out detailed information of unconnected 
  ports.


Warning-[TFIPC] Too few instance port connections
huffman_SYN.v, 447
huffman, "DFFRX2 HC6_reg_3_( .D (n709),  .CK (clk),  .RN (n927),  .Q (HC6[3]));"
  The above instance has fewer port connections than the module definition.
  Please use '+lint=TFIPC-L' to print out detailed information of unconnected 
  ports.


Warning-[TFIPC] Too few instance port connections
huffman_SYN.v, 448
huffman, "DFFRX2 HC6_reg_4_( .D (n710),  .CK (clk),  .RN (n927),  .Q (HC6[4]));"
  The above instance has fewer port connections than the module definition.
  Please use '+lint=TFIPC-L' to print out detailed information of unconnected 
  ports.


Warning-[TFIPC] Too few instance port connections
huffman_SYN.v, 449
huffman, "DFFRX2 HC6_reg_5_( .D (n711),  .CK (clk),  .RN (n2427),  .Q (HC6[5]));"
  The above instance has fewer port connections than the module definition.
  Please use '+lint=TFIPC-L' to print out detailed information of unconnected 
  ports.


Warning-[TFIPC] Too few instance port connections
huffman_SYN.v, 450
huffman, "DFFRX2 HC6_reg_6_( .D (n712),  .CK (clk),  .RN (n941),  .Q (HC6[6]));"
  The above instance has fewer port connections than the module definition.
  Please use '+lint=TFIPC-L' to print out detailed information of unconnected 
  ports.


Warning-[TFIPC] Too few instance port connections
huffman_SYN.v, 451
huffman, "DFFRX2 HC6_reg_7_( .D (n713),  .CK (clk),  .RN (n2426),  .Q (HC6[7]));"
  The above instance has fewer port connections than the module definition.
  Please use '+lint=TFIPC-L' to print out detailed information of unconnected 
  ports.


Warning-[TFIPC] Too few instance port connections
huffman_SYN.v, 452
huffman, "DFFRX2 HC4_reg_1_( .D (n739),  .CK (clk),  .RN (n2423),  .Q (HC4[1]));"
  The above instance has fewer port connections than the module definition.
  Please use '+lint=TFIPC-L' to print out detailed information of unconnected 
  ports.


Warning-[TFIPC] Too few instance port connections
huffman_SYN.v, 453
huffman, "DFFRX2 HC4_reg_2_( .D (n740),  .CK (clk),  .RN (n929),  .Q (HC4[2]));"
  The above instance has fewer port connections than the module definition.
  Please use '+lint=TFIPC-L' to print out detailed information of unconnected 
  ports.


Warning-[TFIPC] Too few instance port connections
huffman_SYN.v, 454
huffman, "DFFRX2 HC4_reg_3_( .D (n741),  .CK (clk),  .RN (n2430),  .Q (HC4[3]));"
  The above instance has fewer port connections than the module definition.
  Please use '+lint=TFIPC-L' to print out detailed information of unconnected 
  ports.


Warning-[TFIPC] Too few instance port connections
huffman_SYN.v, 455
huffman, "DFFRX2 HC4_reg_4_( .D (n742),  .CK (clk),  .RN (n929),  .Q (HC4[4]));"
  The above instance has fewer port connections than the module definition.
  Please use '+lint=TFIPC-L' to print out detailed information of unconnected 
  ports.


Warning-[TFIPC] Too few instance port connections
huffman_SYN.v, 456
huffman, "DFFRX2 HC4_reg_5_( .D (n743),  .CK (clk),  .RN (n2423),  .Q (HC4[5]));"
  The above instance has fewer port connections than the module definition.
  Please use '+lint=TFIPC-L' to print out detailed information of unconnected 
  ports.


Warning-[TFIPC] Too few instance port connections
huffman_SYN.v, 457
huffman, "DFFRX2 HC4_reg_6_( .D (n744),  .CK (clk),  .RN (n927),  .Q (HC4[6]));"
  The above instance has fewer port connections than the module definition.
  Please use '+lint=TFIPC-L' to print out detailed information of unconnected 
  ports.


Warning-[TFIPC] Too few instance port connections
huffman_SYN.v, 458
huffman, "DFFRX2 HC4_reg_7_( .D (n745),  .CK (clk),  .RN (n941),  .Q (HC4[7]));"
  The above instance has fewer port connections than the module definition.
  Please use '+lint=TFIPC-L' to print out detailed information of unconnected 
  ports.


Warning-[TFIPC] Too few instance port connections
huffman_SYN.v, 459
huffman, "DFFRX2 HC3_reg_1_( .D (n755),  .CK (clk),  .RN (n929),  .Q (HC3[1]));"
  The above instance has fewer port connections than the module definition.
  Please use '+lint=TFIPC-L' to print out detailed information of unconnected 
  ports.


Warning-[TFIPC] Too few instance port connections
huffman_SYN.v, 460
huffman, "DFFRX2 HC3_reg_2_( .D (n756),  .CK (clk),  .RN (n941),  .Q (HC3[2]));"
  The above instance has fewer port connections than the module definition.
  Please use '+lint=TFIPC-L' to print out detailed information of unconnected 
  ports.


Warning-[TFIPC] Too few instance port connections
huffman_SYN.v, 461
huffman, "DFFRX2 HC3_reg_3_( .D (n757),  .CK (clk),  .RN (n941),  .Q (HC3[3]));"
  The above instance has fewer port connections than the module definition.
  Please use '+lint=TFIPC-L' to print out detailed information of unconnected 
  ports.


Warning-[TFIPC] Too few instance port connections
huffman_SYN.v, 462
huffman, "DFFRX2 HC3_reg_4_( .D (n758),  .CK (clk),  .RN (n929),  .Q (HC3[4]));"
  The above instance has fewer port connections than the module definition.
  Please use '+lint=TFIPC-L' to print out detailed information of unconnected 
  ports.


Warning-[TFIPC] Too few instance port connections
huffman_SYN.v, 463
huffman, "DFFRX2 HC3_reg_5_( .D (n759),  .CK (clk),  .RN (n929),  .Q (HC3[5]));"
  The above instance has fewer port connections than the module definition.
  Please use '+lint=TFIPC-L' to print out detailed information of unconnected 
  ports.


Warning-[TFIPC] Too few instance port connections
huffman_SYN.v, 464
huffman, "DFFRX2 HC3_reg_6_( .D (n760),  .CK (clk),  .RN (n941),  .Q (HC3[6]));"
  The above instance has fewer port connections than the module definition.
  Please use '+lint=TFIPC-L' to print out detailed information of unconnected 
  ports.


Warning-[TFIPC] Too few instance port connections
huffman_SYN.v, 465
huffman, "DFFRX2 HC3_reg_7_( .D (n761),  .CK (clk),  .RN (n929),  .Q (HC3[7]));"
  The above instance has fewer port connections than the module definition.
  Please use '+lint=TFIPC-L' to print out detailed information of unconnected 
  ports.


Warning-[TFIPC] Too few instance port connections
huffman_SYN.v, 466
huffman, "DFFRX2 HC1_reg_1_( .D (n787),  .CK (clk),  .RN (n941),  .Q (HC1[1]));"
  The above instance has fewer port connections than the module definition.
  Please use '+lint=TFIPC-L' to print out detailed information of unconnected 
  ports.


Warning-[TFIPC] Too few instance port connections
huffman_SYN.v, 467
huffman, "DFFRX2 HC1_reg_2_( .D (n788),  .CK (clk),  .RN (n2425),  .Q (HC1[2]));"
  The above instance has fewer port connections than the module definition.
  Please use '+lint=TFIPC-L' to print out detailed information of unconnected 
  ports.


Warning-[TFIPC] Too few instance port connections
huffman_SYN.v, 468
huffman, "DFFRX2 HC1_reg_3_( .D (n789),  .CK (clk),  .RN (n2424),  .Q (HC1[3]));"
  The above instance has fewer port connections than the module definition.
  Please use '+lint=TFIPC-L' to print out detailed information of unconnected 
  ports.


Warning-[TFIPC] Too few instance port connections
huffman_SYN.v, 469
huffman, "DFFRX2 HC1_reg_4_( .D (n790),  .CK (clk),  .RN (n929),  .Q (HC1[4]));"
  The above instance has fewer port connections than the module definition.
  Please use '+lint=TFIPC-L' to print out detailed information of unconnected 
  ports.


Warning-[TFIPC] Too few instance port connections
huffman_SYN.v, 470
huffman, "DFFRX2 HC1_reg_5_( .D (n791),  .CK (clk),  .RN (n2425),  .Q (HC1[5]));"
  The above instance has fewer port connections than the module definition.
  Please use '+lint=TFIPC-L' to print out detailed information of unconnected 
  ports.


Warning-[TFIPC] Too few instance port connections
huffman_SYN.v, 471
huffman, "DFFRX2 HC1_reg_6_( .D (n792),  .CK (clk),  .RN (n2425),  .Q (HC1[6]));"
  The above instance has fewer port connections than the module definition.
  Please use '+lint=TFIPC-L' to print out detailed information of unconnected 
  ports.


Warning-[TFIPC] Too few instance port connections
huffman_SYN.v, 472
huffman, "DFFRX2 HC1_reg_7_( .D (n793),  .CK (clk),  .RN (n941),  .Q (HC1[7]));"
  The above instance has fewer port connections than the module definition.
  Please use '+lint=TFIPC-L' to print out detailed information of unconnected 
  ports.


Warning-[TFIPC] Too few instance port connections
huffman_SYN.v, 520
huffman, "DFFRX4 prob_reg_3__5_( .D (n824),  .CK (clk),  .RN (n929),  .Q (CNT3[5]));"
  The above instance has fewer port connections than the module definition.
  Please use '+lint=TFIPC-L' to print out detailed information of unconnected 
  ports.


Warning-[TFIPC] Too few instance port connections
huffman_SYN.v, 521
huffman, "DFFRX4 prob_reg_3__2_( .D (n827),  .CK (clk),  .RN (n929),  .Q (CNT3[2]));"
  The above instance has fewer port connections than the module definition.
  Please use '+lint=TFIPC-L' to print out detailed information of unconnected 
  ports.


Warning-[TFIPC] Too few instance port connections
huffman_SYN.v, 522
huffman, "DFFRX4 prob_reg_3__3_( .D (n826),  .CK (clk),  .RN (n929),  .Q (CNT3[3]));"
  The above instance has fewer port connections than the module definition.
  Please use '+lint=TFIPC-L' to print out detailed information of unconnected 
  ports.


Warning-[TFIPC] Too few instance port connections
huffman_SYN.v, 525
huffman, "DFFRX4 prob_reg_3__6_( .D (n823),  .CK (clk),  .RN (n2425),  .Q (CNT3[6]));"
  The above instance has fewer port connections than the module definition.
  Please use '+lint=TFIPC-L' to print out detailed information of unconnected 
  ports.


Warning-[TFIPC] Too few instance port connections
huffman_SYN.v, 533
huffman, "DFFSX1 symbol_reg_3__0_( .D (n868),  .CK (clk),  .SN (n929),  .Q (symbol[15]));"
  The above instance has fewer port connections than the module definition.
  Please use '+lint=TFIPC-L' to print out detailed information of unconnected 
  ports.


Warning-[TFIPC] Too few instance port connections
huffman_SYN.v, 544
huffman, "DFFSX1 symbol_reg_2__1_( .D (n862),  .CK (clk),  .SN (n929),  .Q (symbol[21]));"
  The above instance has fewer port connections than the module definition.
  Please use '+lint=TFIPC-L' to print out detailed information of unconnected 
  ports.


   ***   $sdf_annotate() version 1.2R
   ***    SDF file: "huffman_SYN.sdf"
   ***    Annotation scope: tb.u_huffman
   ***    No MTM selection argument specified
   ***    No SCALE FACTORS argument specified
   ***    No SCALE TYPE argument specified
   ***    MTM selection defaulted to "TOOL_CONTROL":
               (+maxdelays compiled, MAXIMUM delays selected)
   ***    SCALE FACTORS defaulted to "1.0:1.0:1.0":
   ***    SCALE TYPE defaulted to: "FROM_MTM"
   ***    Turnoff delay: "FROM_FILE"
   ***    Approximation (mipd) policy: "MAXIMUM"

   ***    SDF annotation begin: Fri Feb 28 21:11:19 2025


SDF Info: +pulse_r/100, +pulse_e/100 in effect

          Total errors: 0
          Total warnings: 0
   ***    SDF annotation completed: Fri Feb 28 21:11:19 2025



Warning-[DRTZ] Detect delay value roundoff to 0
  Delay from design or SDF file roundoff to 0 based on timescale
  Please use switch -diag timescale to dump detailed information.

Notice: Ports coerced to inout, use -notice for details
Starting vcs inline pass...

Note-[VCS_PARAL] Parallel code-gen enabled
  VCS is running with parallel code generation(-j)...

127 modules and 2 UDPs read.
recompiling module huffman
recompiling module tb
recompiling module DFFRX1
recompiling module DFFRX2
recompiling module DFFRX4
recompiling module DFFSX1
recompiling module DFFSX2
recompiling module DFFSX4
recompiling module AOI221X2
recompiling module AOI32X1
recompiling module OAI32X1
recompiling module AOI22XL
recompiling module AOI22X1
recompiling module AOI22X2
recompiling module AOI22X4
recompiling module AOI2BB2X1
recompiling module AOI2BB2X2
recompiling module AOI2BB2X4
recompiling module NAND4BBX4
recompiling module OAI22XL
recompiling module OAI22X1
recompiling module OAI22X2
recompiling module OAI22X4
recompiling module OAI2BB2X2
recompiling module CLKXOR2X2
recompiling module CLKXOR2X4
recompiling module XOR2X1
recompiling module XOR2X2
recompiling module XOR2X4
recompiling module XNOR2X1
recompiling module XNOR2X2
recompiling module XNOR2X4
recompiling module MXI2X1
recompiling module MXI2X2
recompiling module OAI211X1
recompiling module OAI211X4
recompiling module OAI31X1
recompiling module AND4X8
recompiling module AOI21X1
recompiling module AOI21X2
recompiling module AOI21X4
recompiling module AOI2BB1X2
recompiling module AO21X4
recompiling module MX2X1
recompiling module MX2X2
recompiling module NAND4X1
recompiling module NAND4X2
recompiling module NAND4X4
recompiling module NAND4X6
recompiling module AND3X2
recompiling module BUFX2
recompiling module BUFX4
recompiling module BUFX12
recompiling module BUFX16
recompiling module BUFX20
recompiling module INVXL
recompiling module INVX1
recompiling module INVX2
recompiling module INVX3
recompiling module INVX4
recompiling module INVX6
recompiling module INVX8
recompiling module INVX12
recompiling module INVX16
recompiling module INVX20
recompiling module CLKBUFX3
recompiling module CLKBUFX8
recompiling module CLKINVX1
recompiling module CLKINVX3
recompiling module NAND4X8
recompiling module NAND3BX1
recompiling module NOR3BX4
recompiling module OAI21XL
recompiling module OAI21X1
recompiling module OAI21X2
recompiling module OAI21X4
recompiling module OAI2BB1X1
recompiling module OAI2BB1X2
recompiling module OAI2BB1X4
recompiling module CLKMX2X2
recompiling module CLKMX2X4
recompiling module AND3X4
recompiling module AND3X6
recompiling module AND3X8
recompiling module NAND3XL
recompiling module NAND3X1
recompiling module NAND3X2
recompiling module NAND3X4
recompiling module NAND3X6
recompiling module NAND3X8
recompiling module NAND2BX1
recompiling module NAND2BX2
recompiling module NAND2BX4
recompiling module NOR3XL
recompiling module NOR3X1
recompiling module NOR3X2
recompiling module NOR3X4
recompiling module NOR3X6
recompiling module NOR3X8
recompiling module NOR2BX1
recompiling module NOR2BX2
recompiling module NOR2BX4
recompiling module OR3X2
recompiling module AND2X1
recompiling module AND2X2
recompiling module AND2X4
recompiling module AND2X6
recompiling module AND2X8
recompiling module NAND2XL
recompiling module NAND2X1
recompiling module NAND2X2
recompiling module NAND2X4
recompiling module NAND2X6
recompiling module NAND2X8
recompiling module NOR2XL
recompiling module NOR2X1
recompiling module NOR2X2
recompiling module NOR2X4
recompiling module NOR2X6
recompiling module NOR2X8
recompiling module OR2X1
recompiling module OR2X2
recompiling module OR2X4
recompiling module OR2X6
recompiling module OR2X8
recompiling module CLKAND2X3
recompiling module CLKAND2X8
All of 127 modules done
make[1]: Entering directory `/home/M13/m0bochun/IC_Contest/2018/2018_grad_cell/03_GATE/csrc' \

rm -f _cuarc*.so _csrc*.so pre_vcsobj_*.so share_vcsobj_*.so
if [ -x ../simv ]; then chmod a-x ../simv; fi
g++  -o ../simv      -rdynamic  -Wl,-rpath='$ORIGIN'/simv.daidir -Wl,-rpath=./simv.daidir \
-Wl,-rpath=/usr/cad/synopsys/vcs/2023.03/linux64/lib -L/usr/cad/synopsys/vcs/2023.03/linux64/lib \
-Wl,-rpath-link=./  /usr/lib64/libnuma.so.1   objs/amcQw_d.o   _17495_archive_1.so \
_17517_archive_1.so _17518_archive_1.so _prev_archive_1.so objs/udps/U7Vwg.o objs/udps/exIG1.o \
SIM_l.o      rmapats_mop.o rmapats.o rmar.o rmar_nd.o  rmar_llvm_0_1.o rmar_llvm_0_0.o \
-lvirsim -lerrorinf -lsnpsmalloc -lvfs /usr/cad/synopsys/verdi/2023.03//share/PLI/VCS/linux64/pli.a \
-lvcsnew -lsimprofile -luclinative /usr/cad/synopsys/vcs/2023.03/linux64/lib/vcs_tls.o \
-Wl,-whole-archive  -lvcsucli    -Wl,-no-whole-archive        _vcs_pli_stub_.o   \
/usr/cad/synopsys/vcs/2023.03/linux64/lib/vcs_save_restore_new.o /usr/cad/synopsys/verdi/2023.03/share/PLI/VCS/LINUX64/pli.a \
-ldl -lm  -lc -lpthread -ldl 
../simv up to date
make[1]: Leaving directory `/home/M13/m0bochun/IC_Contest/2018/2018_grad_cell/03_GATE/csrc' \

Command: /home/M13/m0bochun/IC_Contest/2018/2018_grad_cell/03_GATE/./simv +v2k -a vcs.log +define+GATE +maxdelays +neg_tchk +nowarnNTCDSN
Chronologic VCS simulator copyright 1991-2023
Contains Synopsys proprietary information.
Compiler version U-2023.03_Full64; Runtime version U-2023.03_Full64;  Feb 28 21:11 2025
Doing SDF annotation ...... Done
*Verdi* Loading libsscore_vcs202303.so
FSDB Dumper for VCS, Release Verdi_U-2023.03, Linux x86_64/64bit, 02/16/2023
(C) 1996 - 2023 by Synopsys, Inc.
*Verdi* FSDB WARNING: The FSDB file already exists. Overwriting the FSDB file may crash the programs that are using this file.
*Verdi* : Create FSDB file 'huffman_SYN.fsdb'
*Verdi* : Begin traversing the scopes, layer (0).
*Verdi* : End of traversing.
../00_TESTBED/pattern3.dat and ../00_TESTBED/golden3.dat were used for this simulation.
Check CNT : PASS
Check HC : PASS
Check M : PASS
You PASS the contest now.
$finish called from file "tb.v", line 195.
$finish at simulation time               624000
           V C S   S i m u l a t i o n   R e p o r t 
Time: 624000 ps
CPU Time:      0.550 seconds;       Data structure size:   0.5Mb
Fri Feb 28 21:11:23 2025
CPU time: 2.031 seconds to compile + .499 seconds to elab + .809 seconds to link + .610 seconds in simulation
